Archive member included to satisfy reference by file (symbol)

C:/ST/STM32CubeIDE_1.18.1/STM32CubeIDE/plugins/com.st.stm32cube.ide.mcu.externaltools.gnu-tools-for-stm32.13.3.rel1.win32_1.0.0.202411081344/tools/bin/../lib/gcc/arm-none-eabi/13.3.1/../../../../arm-none-eabi/lib/thumb/v7-m/nofp\libc_nano.a(libc_a-exit.o)
                              C:/ST/STM32CubeIDE_1.18.1/STM32CubeIDE/plugins/com.st.stm32cube.ide.mcu.externaltools.gnu-tools-for-stm32.13.3.rel1.win32_1.0.0.202411081344/tools/bin/../lib/gcc/arm-none-eabi/13.3.1/../../../../arm-none-eabi/lib/thumb/v7-m/nofp/crt0.o (exit)
C:/ST/STM32CubeIDE_1.18.1/STM32CubeIDE/plugins/com.st.stm32cube.ide.mcu.externaltools.gnu-tools-for-stm32.13.3.rel1.win32_1.0.0.202411081344/tools/bin/../lib/gcc/arm-none-eabi/13.3.1/../../../../arm-none-eabi/lib/thumb/v7-m/nofp\libc_nano.a(libc_a-findfp.o)
                              ./Middlewares/Third_Party/FreeRTOS/Source/tasks.o (__sf)
C:/ST/STM32CubeIDE_1.18.1/STM32CubeIDE/plugins/com.st.stm32cube.ide.mcu.externaltools.gnu-tools-for-stm32.13.3.rel1.win32_1.0.0.202411081344/tools/bin/../lib/gcc/arm-none-eabi/13.3.1/../../../../arm-none-eabi/lib/thumb/v7-m/nofp\libc_nano.a(libc_a-fwalk.o)
                              C:/ST/STM32CubeIDE_1.18.1/STM32CubeIDE/plugins/com.st.stm32cube.ide.mcu.externaltools.gnu-tools-for-stm32.13.3.rel1.win32_1.0.0.202411081344/tools/bin/../lib/gcc/arm-none-eabi/13.3.1/../../../../arm-none-eabi/lib/thumb/v7-m/nofp\libc_nano.a(libc_a-findfp.o) (_fwalk_sglue)
C:/ST/STM32CubeIDE_1.18.1/STM32CubeIDE/plugins/com.st.stm32cube.ide.mcu.externaltools.gnu-tools-for-stm32.13.3.rel1.win32_1.0.0.202411081344/tools/bin/../lib/gcc/arm-none-eabi/13.3.1/../../../../arm-none-eabi/lib/thumb/v7-m/nofp\libc_nano.a(libc_a-stdio.o)
                              C:/ST/STM32CubeIDE_1.18.1/STM32CubeIDE/plugins/com.st.stm32cube.ide.mcu.externaltools.gnu-tools-for-stm32.13.3.rel1.win32_1.0.0.202411081344/tools/bin/../lib/gcc/arm-none-eabi/13.3.1/../../../../arm-none-eabi/lib/thumb/v7-m/nofp\libc_nano.a(libc_a-findfp.o) (__sread)
C:/ST/STM32CubeIDE_1.18.1/STM32CubeIDE/plugins/com.st.stm32cube.ide.mcu.externaltools.gnu-tools-for-stm32.13.3.rel1.win32_1.0.0.202411081344/tools/bin/../lib/gcc/arm-none-eabi/13.3.1/../../../../arm-none-eabi/lib/thumb/v7-m/nofp\libc_nano.a(libc_a-memset.o)
                              C:/ST/STM32CubeIDE_1.18.1/STM32CubeIDE/plugins/com.st.stm32cube.ide.mcu.externaltools.gnu-tools-for-stm32.13.3.rel1.win32_1.0.0.202411081344/tools/bin/../lib/gcc/arm-none-eabi/13.3.1/../../../../arm-none-eabi/lib/thumb/v7-m/nofp/crt0.o (memset)
C:/ST/STM32CubeIDE_1.18.1/STM32CubeIDE/plugins/com.st.stm32cube.ide.mcu.externaltools.gnu-tools-for-stm32.13.3.rel1.win32_1.0.0.202411081344/tools/bin/../lib/gcc/arm-none-eabi/13.3.1/../../../../arm-none-eabi/lib/thumb/v7-m/nofp\libc_nano.a(libc_a-closer.o)
                              C:/ST/STM32CubeIDE_1.18.1/STM32CubeIDE/plugins/com.st.stm32cube.ide.mcu.externaltools.gnu-tools-for-stm32.13.3.rel1.win32_1.0.0.202411081344/tools/bin/../lib/gcc/arm-none-eabi/13.3.1/../../../../arm-none-eabi/lib/thumb/v7-m/nofp\libc_nano.a(libc_a-stdio.o) (_close_r)
C:/ST/STM32CubeIDE_1.18.1/STM32CubeIDE/plugins/com.st.stm32cube.ide.mcu.externaltools.gnu-tools-for-stm32.13.3.rel1.win32_1.0.0.202411081344/tools/bin/../lib/gcc/arm-none-eabi/13.3.1/../../../../arm-none-eabi/lib/thumb/v7-m/nofp\libc_nano.a(libc_a-reent.o)
                              ./Middlewares/Third_Party/FreeRTOS/Source/tasks.o (_reclaim_reent)
C:/ST/STM32CubeIDE_1.18.1/STM32CubeIDE/plugins/com.st.stm32cube.ide.mcu.externaltools.gnu-tools-for-stm32.13.3.rel1.win32_1.0.0.202411081344/tools/bin/../lib/gcc/arm-none-eabi/13.3.1/../../../../arm-none-eabi/lib/thumb/v7-m/nofp\libc_nano.a(libc_a-impure.o)
                              ./Middlewares/Third_Party/FreeRTOS/Source/tasks.o (_impure_ptr)
C:/ST/STM32CubeIDE_1.18.1/STM32CubeIDE/plugins/com.st.stm32cube.ide.mcu.externaltools.gnu-tools-for-stm32.13.3.rel1.win32_1.0.0.202411081344/tools/bin/../lib/gcc/arm-none-eabi/13.3.1/../../../../arm-none-eabi/lib/thumb/v7-m/nofp\libc_nano.a(libc_a-lseekr.o)
                              C:/ST/STM32CubeIDE_1.18.1/STM32CubeIDE/plugins/com.st.stm32cube.ide.mcu.externaltools.gnu-tools-for-stm32.13.3.rel1.win32_1.0.0.202411081344/tools/bin/../lib/gcc/arm-none-eabi/13.3.1/../../../../arm-none-eabi/lib/thumb/v7-m/nofp\libc_nano.a(libc_a-stdio.o) (_lseek_r)
C:/ST/STM32CubeIDE_1.18.1/STM32CubeIDE/plugins/com.st.stm32cube.ide.mcu.externaltools.gnu-tools-for-stm32.13.3.rel1.win32_1.0.0.202411081344/tools/bin/../lib/gcc/arm-none-eabi/13.3.1/../../../../arm-none-eabi/lib/thumb/v7-m/nofp\libc_nano.a(libc_a-readr.o)
                              C:/ST/STM32CubeIDE_1.18.1/STM32CubeIDE/plugins/com.st.stm32cube.ide.mcu.externaltools.gnu-tools-for-stm32.13.3.rel1.win32_1.0.0.202411081344/tools/bin/../lib/gcc/arm-none-eabi/13.3.1/../../../../arm-none-eabi/lib/thumb/v7-m/nofp\libc_nano.a(libc_a-stdio.o) (_read_r)
[...]
Memory Configuration

Name             Origin             Length             Attributes
RAM              0x20000000         0x00005000         xrw
FLASH            0x08000000         0x00010000         xr
*default*        0x00000000         0xffffffff

Linker script and memory map

LOAD C:/ST/STM32CubeIDE_1.18.1/STM32CubeIDE/plugins/com.st.stm32cube.ide.mcu.externaltools.gnu-tools-for-stm32.13.3.rel1.win32_1.0.0.202411081344/tools/bin/../lib/gcc/arm-none-eabi/13.3.1/thumb/v7-m/nofp/crti.o
LOAD C:/ST/STM32CubeIDE_1.18.1/STM32CubeIDE/plugins/com.st.stm32cube.ide.mcu.externaltools.gnu-tools-for-stm32.13.3.rel1.win32_1.0.0.202411081344/tools/bin/../lib/gcc/arm-none-eabi/13.3.1/thumb/v7-m/nofp/crtbegin.o
LOAD C:/ST/STM32CubeIDE_1.18.1/STM32CubeIDE/plugins/com.st.stm32cube.ide.mcu.externaltools.gnu-tools-for-stm32.13.3.rel1.win32_1.0.0.202411081344/tools/bin/../lib/gcc/arm-none-eabi/13.3.1/../../../../arm-none-eabi/lib/thumb/v7-m/nofp/crt0.o
LOAD ./Core/Src/adc.o
LOAD ./Core/Src/adc_settings.o
LOAD ./Core/Src/can.o
LOAD ./Core/Src/can_write.o
LOAD ./Core/Src/freertos.o
LOAD ./Core/Src/gpio.o
LOAD ./Core/Src/main.o
LOAD ./Core/Src/sensors.o
LOAD ./Core/Src/stm32f1xx_hal_msp.o
LOAD ./Core/Src/stm32f1xx_hal_timebase_tim.o
LOAD ./Core/Src/stm32f1xx_it.o
LOAD ./Core/Src/syscalls.o
LOAD ./Core/Src/sysmem.o
LOAD ./Core/Src/system_stm32f1xx.o
LOAD ./Core/Src/tim.o
LOAD ./Core/Startup/startup_stm32f103c8tx.o
LOAD ./Drivers/STM32F1xx_HAL_Driver/Src/stm32f1xx_hal.o
LOAD ./Drivers/STM32F1xx_HAL_Driver/Src/stm32f1xx_hal_adc.o
LOAD ./Drivers/STM32F1xx_HAL_Driver/Src/stm32f1xx_hal_adc_ex.o
LOAD ./Drivers/STM32F1xx_HAL_Driver/Src/stm32f1xx_hal_can.o
LOAD ./Drivers/STM32F1xx_HAL_Driver/Src/stm32f1xx_hal_cortex.o
LOAD ./Drivers/STM32F1xx_HAL_Driver/Src/stm32f1xx_hal_dma.o
LOAD ./Drivers/STM32F1xx_HAL_Driver/Src/stm32f1xx_hal_exti.o
LOAD ./Drivers/STM32F1xx_HAL_Driver/Src/stm32f1xx_hal_flash.o
LOAD ./Drivers/STM32F1xx_HAL_Driver/Src/stm32f1xx_hal_flash_ex.o
LOAD ./Drivers/STM32F1xx_HAL_Driver/Src/stm32f1xx_hal_gpio.o
LOAD ./Drivers/STM32F1xx_HAL_Driver/Src/stm32f1xx_hal_gpio_ex.o
LOAD ./Drivers/STM32F1xx_HAL_Driver/Src/stm32f1xx_hal_pwr.o
LOAD ./Drivers/STM32F1xx_HAL_Driver/Src/stm32f1xx_hal_rcc.o
LOAD ./Drivers/STM32F1xx_HAL_Driver/Src/stm32f1xx_hal_rcc_ex.o
LOAD ./Drivers/STM32F1xx_HAL_Driver/Src/stm32f1xx_hal_tim.o
LOAD ./Drivers/STM32F1xx_HAL_Driver/Src/stm32f1xx_hal_tim_ex.o
LOAD ./Middlewares/Third_Party/FreeRTOS/Source/CMSIS_RTOS_V2/cmsis_os2.o
LOAD ./Middlewares/Third_Party/FreeRTOS/Source/croutine.o
LOAD ./Middlewares/Third_Party/FreeRTOS/Source/event_groups.o
LOAD ./Middlewares/Third_Party/FreeRTOS/Source/list.o
LOAD ./Middlewares/Third_Party/FreeRTOS/Source/queue.o
LOAD ./Middlewares/Third_Party/FreeRTOS/Source/stream_buffer.o
LOAD ./Middlewares/Third_Party/FreeRTOS/Source/tasks.o
LOAD ./Middlewares/Third_Party/FreeRTOS/Source/timers.o
LOAD ./Middlewares/Third_Party/FreeRTOS/Source/portable/GCC/ARM_CM3/port.o
LOAD ./Middlewares/Third_Party/FreeRTOS/Source/portable/MemMang/heap_4.o
START GROUP
LOAD C:/ST/STM32CubeIDE_1.18.1/STM32CubeIDE/plugins/com.st.stm32cube.ide.mcu.externaltools.gnu-tools-for-stm32.13.3.rel1.win32_1.0.0.202411081344/tools/bin/../lib/gcc/arm-none-eabi/13.3.1/../../../../arm-none-eabi/lib/thumb/v7-m/nofp\libc_nano.a
LOAD C:/ST/STM32CubeIDE_1.18.1/STM32CubeIDE/plugins/com.st.stm32cube.ide.mcu.externaltools.gnu-tools-for-stm32.13.3.rel1.win32_1.0.0.202411081344/tools/bin/../lib/gcc/arm-none-eabi/13.3.1/../../../../arm-none-eabi/lib/thumb/v7-m/nofp\libm.a
END GROUP
START GROUP
LOAD C:/ST/STM32CubeIDE_1.18.1/STM32CubeIDE/plugins/com.st.stm32cube.ide.mcu.externaltools.gnu-tools-for-stm32.13.3.rel1.win32_1.0.0.202411081344/tools/bin/../lib/gcc/arm-none-eabi/13.3.1/thumb/v7-m/nofp\libgcc.a
LOAD C:/ST/STM32CubeIDE_1.18.1/STM32CubeIDE/plugins/com.st.stm32cube.ide.mcu.externaltools.gnu-tools-for-stm32.13.3.rel1.win32_1.0.0.202411081344/tools/bin/../lib/gcc/arm-none-eabi/13.3.1/../../../../arm-none-eabi/lib/thumb/v7-m/nofp\libc_nano.a
END GROUP
START GROUP
LOAD C:/ST/STM32CubeIDE_1.18.1/STM32CubeIDE/plugins/com.st.stm32cube.ide.mcu.externaltools.gnu-tools-for-stm32.13.3.rel1.win32_1.0.0.202411081344/tools/bin/../lib/gcc/arm-none-eabi/13.3.1/thumb/v7-m/nofp\libgcc.a
LOAD C:/ST/STM32CubeIDE_1.18.1/STM32CubeIDE/plugins/com.st.stm32cube.ide.mcu.externaltools.gnu-tools-for-stm32.13.3.rel1.win32_1.0.0.202411081344/tools/bin/../lib/gcc/arm-none-eabi/13.3.1/../../../../arm-none-eabi/lib/thumb/v7-m/nofp\libc_nano.a
LOAD C:/ST/STM32CubeIDE_1.18.1/STM32CubeIDE/plugins/com.st.stm32cube.ide.mcu.externaltools.gnu-tools-for-stm32.13.3.rel1.win32_1.0.0.202411081344/tools/bin/../lib/gcc/arm-none-eabi/13.3.1/../../../../arm-none-eabi/lib/thumb/v7-m/nofp\libnosys.a
END GROUP
START GROUP
LOAD C:/ST/STM32CubeIDE_1.18.1/STM32CubeIDE/plugins/com.st.stm32cube.ide.mcu.externaltools.gnu-tools-for-stm32.13.3.rel1.win32_1.0.0.202411081344/tools/bin/../lib/gcc/arm-none-eabi/13.3.1/thumb/v7-m/nofp\libgcc.a
LOAD C:/ST/STM32CubeIDE_1.18.1/STM32CubeIDE/plugins/com.st.stm32cube.ide.mcu.externaltools.gnu-tools-for-stm32.13.3.rel1.win32_1.0.0.202411081344/tools/bin/../lib/gcc/arm-none-eabi/13.3.1/../../../../arm-none-eabi/lib/thumb/v7-m/nofp\libc_nano.a
LOAD C:/ST/STM32CubeIDE_1.18.1/STM32CubeIDE/plugins/com.st.stm32cube.ide.mcu.externaltools.gnu-tools-for-stm32.13.3.rel1.win32_1.0.0.202411081344/tools/bin/../lib/gcc/arm-none-eabi/13.3.1/../../../../arm-none-eabi/lib/thumb/v7-m/nofp\libnosys.a
END GROUP
LOAD C:/ST/STM32CubeIDE_1.18.1/STM32CubeIDE/plugins/com.st.stm32cube.ide.mcu.externaltools.gnu-tools-for-stm32.13.3.rel1.win32_1.0.0.202411081344/tools/bin/../lib/gcc/arm-none-eabi/13.3.1/thumb/v7-m/nofp/crtend.o
LOAD C:/ST/STM32CubeIDE_1.18.1/STM32CubeIDE/plugins/com.st.stm32cube.ide.mcu.externaltools.gnu-tools-for-stm32.13.3.rel1.win32_1.0.0.202411081344/tools/bin/../lib/gcc/arm-none-eabi/13.3.1/thumb/v7-m/nofp/crtn.o
                0x20005000                        _estack = (ORIGIN (RAM) + LENGTH (RAM))
                0x00000200                        _Min_Heap_Size = 0x200
                0x00000400                        _Min_Stack_Size = 0x400

.isr_vector     0x08000000      0x10c
                0x08000000                        . = ALIGN (0x4)
 *(.isr_vector)
 .isr_vector    0x08000000      0x10c ./Core/Startup/startup_stm32f103c8tx.o
                0x08000000                g_pfnVectors
                0x0800010c                        . = ALIGN (0x4)

.text           0x08000110     0x6f1c
                0x08000110                        . = ALIGN (0x4)
 *(.text)
 .text          0x08000110       0x40 C:/ST/STM32CubeIDE_1.18.1/STM32CubeIDE/plugins/com.st.stm32cube.ide.mcu.externaltools.gnu-tools-for-stm32.13.3.rel1.win32_1.0.0.202411081344/tools/bin/../lib/gcc/arm-none-eabi/13.3.1/thumb/v7-m/nofp/crtbegin.o
 *(.text*)
 .text.MX_ADC1_Init
                0x08000150       0x7c ./Core/Src/adc.o
                0x08000150                MX_ADC1_Init
 .text.MX_ADC2_Init
                0x080001cc       0x7c ./Core/Src/adc.o
                0x080001cc                MX_ADC2_Init
 .text.HAL_ADC_MspInit
                0x08000248       0xcc ./Core/Src/adc.o
                0x08000248                HAL_ADC_MspInit
 .text.setADCChannel1
                0x08000314      0x11c ./Core/Src/adc_settings.o
                0x08000314                setADCChannel1
 .text.setADCChannel2
                0x08000430      0x11c ./Core/Src/adc_settings.o
                0x08000430                setADCChannel2
 .text.readADCValue1
                0x0800054c       0x94 ./Core/Src/adc_settings.o
                0x0800054c                readADCValue1
 .text.readADCValue2
                0x080005e0       0x94 ./Core/Src/adc_settings.o
                0x080005e0                readADCValue2
 .text.readSensor
                0x08000674      0x130 ./Core/Src/adc_settings.o
                0x08000674                readSensor
 .text.delay_us
                0x080007a4       0x38 ./Core/Src/adc_settings.o
                0x080007a4                delay_us
 .text.returnAvgData
                0x080007dc      0x188 ./Core/Src/adc_settings.o
                0x080007dc                returnAvgData
 .text.setAvgDataEmpty
                0x08000964       0x54 ./Core/Src/adc_settings.o
                0x08000964                setAvgDataEmpty
 .text.MX_CAN_Init
                0x080009b8       0x6c ./Core/Src/can.o
                0x080009b8                MX_CAN_Init
 .text.HAL_CAN_MspInit
                0x08000a24       0x98 ./Core/Src/can.o
                0x08000a24                HAL_CAN_MspInit
 .text.sendCANString
                0x08000abc      0x12c ./Core/Src/can_write.o
                0x08000abc                sendCANString
 .text.sendCANData
                0x08000be8       0x74 ./Core/Src/can_write.o
                0x08000be8                sendCANData
 .text.MX_FREERTOS_Init
                0x08000c5c       0xf0 ./Core/Src/freertos.o
                0x08000c5c                MX_FREERTOS_Init
 .text.sensorTask
                0x08000d4c      0x848 ./Core/Src/freertos.o
                0x08000d4c                sensorTask
 .text.MX_GPIO_Init
                0x08001594       0xc4 ./Core/Src/gpio.o
                0x08001594                MX_GPIO_Init
 .text.main     0x08001658       0x50 ./Core/Src/main.o
                0x08001658                main
 .text.SystemClock_Config
                0x080016a8       0xb6 ./Core/Src/main.o
                0x080016a8                SystemClock_Config
 *fill*         0x0800175e        0x2 
 .text.HAL_TIM_PeriodElapsedCallback
                0x08001760       0x24 ./Core/Src/main.o
                0x08001760                HAL_TIM_PeriodElapsedCallback
 .text.Error_Handler
                0x08001784        0xc ./Core/Src/main.o
                0x08001784                Error_Handler
 .text.setupSensors
                0x08001790      0x198 ./Core/Src/sensors.o
                0x08001790                setupSensors
 .text.vBatValue
                0x08001928       0x44 ./Core/Src/sensors.o
                0x08001928                vBatValue
 .text.HAL_MspInit
                0x0800196c       0x70 ./Core/Src/stm32f1xx_hal_msp.o
                0x0800196c                HAL_MspInit
 .text.HAL_InitTick
                0x080019dc       0xfc ./Core/Src/stm32f1xx_hal_timebase_tim.o
                0x080019dc                HAL_InitTick
 .text.NMI_Handler
                0x08001ad8        0x8 ./Core/Src/stm32f1xx_it.o
                0x08001ad8                NMI_Handler
 .text.HardFault_Handler
                0x08001ae0        0x8 ./Core/Src/stm32f1xx_it.o
                0x08001ae0                HardFault_Handler
 .text.MemManage_Handler
                0x08001ae8        0x8 ./Core/Src/stm32f1xx_it.o
                0x08001ae8                MemManage_Handler
 .text.BusFault_Handler
                0x08001af0        0x8 ./Core/Src/stm32f1xx_it.o
                0x08001af0                BusFault_Handler
 .text.UsageFault_Handler
                0x08001af8        0x8 ./Core/Src/stm32f1xx_it.o
                0x08001af8                UsageFault_Handler
 .text.DebugMon_Handler
                0x08001b00        0xc ./Core/Src/stm32f1xx_it.o
                0x08001b00                DebugMon_Handler
 .text.TIM4_IRQHandler
                0x08001b0c       0x14 ./Core/Src/stm32f1xx_it.o
                0x08001b0c                TIM4_IRQHandler
 .text.SystemInit
                0x08001b20        0xc ./Core/Src/system_stm32f1xx.o
                0x08001b20                SystemInit
 .text.MX_TIM1_Init
                0x08001b2c       0xa0 ./Core/Src/tim.o
                0x08001b2c                MX_TIM1_Init
 .text.HAL_TIM_Base_MspInit
                0x08001bcc       0x3c ./Core/Src/tim.o
                0x08001bcc                HAL_TIM_Base_MspInit
 .text.Reset_Handler
                0x08001c08       0x48 ./Core/Startup/startup_stm32f103c8tx.o
                0x08001c08                Reset_Handler
 .text.Default_Handler
                0x08001c50        0x2 ./Core/Startup/startup_stm32f103c8tx.o
                0x08001c50                RTC_Alarm_IRQHandler
                0x08001c50                EXTI2_IRQHandler
                0x08001c50                TIM1_CC_IRQHandler
                0x08001c50                PVD_IRQHandler
                0x08001c50                EXTI3_IRQHandler
                0x08001c50                EXTI0_IRQHandler
                0x08001c50                I2C2_EV_IRQHandler
                0x08001c50                ADC1_2_IRQHandler
                0x08001c50                SPI1_IRQHandler
                0x08001c50                TAMPER_IRQHandler
                0x08001c50                DMA1_Channel4_IRQHandler
                0x08001c50                USART3_IRQHandler
                0x08001c50                RTC_IRQHandler
                0x08001c50                DMA1_Channel7_IRQHandler
                0x08001c50                CAN1_RX1_IRQHandler
                0x08001c50                I2C1_EV_IRQHandler
                0x08001c50                DMA1_Channel6_IRQHandler
                0x08001c50                TIM3_IRQHandler
                0x08001c50                RCC_IRQHandler
                0x08001c50                TIM1_TRG_COM_IRQHandler
                0x08001c50                DMA1_Channel1_IRQHandler
                0x08001c50                Default_Handler
                0x08001c50                EXTI15_10_IRQHandler
                0x08001c50                EXTI9_5_IRQHandler
                0x08001c50                SPI2_IRQHandler
                0x08001c50                DMA1_Channel5_IRQHandler
                0x08001c50                EXTI4_IRQHandler
                0x08001c50                USB_LP_CAN1_RX0_IRQHandler
                0x08001c50                USB_HP_CAN1_TX_IRQHandler
                0x08001c50                DMA1_Channel3_IRQHandler
                0x08001c50                TIM1_UP_IRQHandler
                0x08001c50                WWDG_IRQHandler
                0x08001c50                TIM2_IRQHandler
                0x08001c50                TIM1_BRK_IRQHandler
                0x08001c50                EXTI1_IRQHandler
                0x08001c50                USART2_IRQHandler
                0x08001c50                I2C2_ER_IRQHandler
                0x08001c50                DMA1_Channel2_IRQHandler
                0x08001c50                CAN1_SCE_IRQHandler
                0x08001c50                FLASH_IRQHandler
                0x08001c50                USART1_IRQHandler
                0x08001c50                I2C1_ER_IRQHandler
                0x08001c50                USBWakeUp_IRQHandler
 *fill*         0x08001c52        0x2 
 .text.HAL_Init
                0x08001c54       0x2c ./Drivers/STM32F1xx_HAL_Driver/Src/stm32f1xx_hal.o
                0x08001c54                HAL_Init
 .text.HAL_IncTick
                0x08001c80       0x24 ./Drivers/STM32F1xx_HAL_Driver/Src/stm32f1xx_hal.o
                0x08001c80                HAL_IncTick
 .text.HAL_GetTick
                0x08001ca4       0x14 ./Drivers/STM32F1xx_HAL_Driver/Src/stm32f1xx_hal.o
                0x08001ca4                HAL_GetTick
 .text.HAL_ADC_Init
                0x08001cb8      0x1b0 ./Drivers/STM32F1xx_HAL_Driver/Src/stm32f1xx_hal_adc.o
                0x08001cb8                HAL_ADC_Init
 .text.HAL_ADC_Start
                0x08001e68      0x15c ./Drivers/STM32F1xx_HAL_Driver/Src/stm32f1xx_hal_adc.o
                0x08001e68                HAL_ADC_Start
 .text.HAL_ADC_Stop
                0x08001fc4       0x58 ./Drivers/STM32F1xx_HAL_Driver/Src/stm32f1xx_hal_adc.o
                0x08001fc4                HAL_ADC_Stop
 .text.HAL_ADC_PollForConversion
                0x0800201c      0x20c ./Drivers/STM32F1xx_HAL_Driver/Src/stm32f1xx_hal_adc.o
                0x0800201c                HAL_ADC_PollForConversion
 .text.HAL_ADC_GetValue
                0x08002228       0x18 ./Drivers/STM32F1xx_HAL_Driver/Src/stm32f1xx_hal_adc.o
                0x08002228                HAL_ADC_GetValue
 .text.HAL_ADC_ConfigChannel
                0x08002240      0x1f0 ./Drivers/STM32F1xx_HAL_Driver/Src/stm32f1xx_hal_adc.o
                0x08002240                HAL_ADC_ConfigChannel
 .text.ADC_Enable
                0x08002430       0xb4 ./Drivers/STM32F1xx_HAL_Driver/Src/stm32f1xx_hal_adc.o
                0x08002430                ADC_Enable
 .text.ADC_ConversionStop_Disable
                0x080024e4       0x82 ./Drivers/STM32F1xx_HAL_Driver/Src/stm32f1xx_hal_adc.o
                0x080024e4                ADC_ConversionStop_Disable
 .text.HAL_CAN_Init
                0x08002566      0x1f6 ./Drivers/STM32F1xx_HAL_Driver/Src/stm32f1xx_hal_can.o
                0x08002566                HAL_CAN_Init
 .text.HAL_CAN_Start
                0x0800275c       0x88 ./Drivers/STM32F1xx_HAL_Driver/Src/stm32f1xx_hal_can.o
                0x0800275c                HAL_CAN_Start
 .text.HAL_CAN_AddTxMessage
                0x080027e4      0x19e ./Drivers/STM32F1xx_HAL_Driver/Src/stm32f1xx_hal_can.o
                0x080027e4                HAL_CAN_AddTxMessage
 .text.HAL_CAN_IsTxMessagePending
                0x08002982       0x46 ./Drivers/STM32F1xx_HAL_Driver/Src/stm32f1xx_hal_can.o
                0x08002982                HAL_CAN_IsTxMessagePending
 .text.__NVIC_SetPriorityGrouping
                0x080029c8       0x48 ./Drivers/STM32F1xx_HAL_Driver/Src/stm32f1xx_hal_cortex.o
 .text.__NVIC_GetPriorityGrouping
                0x08002a10       0x1c ./Drivers/STM32F1xx_HAL_Driver/Src/stm32f1xx_hal_cortex.o
 .text.__NVIC_EnableIRQ
                0x08002a2c       0x38 ./Drivers/STM32F1xx_HAL_Driver/Src/stm32f1xx_hal_cortex.o
 .text.__NVIC_SetPriority
                0x08002a64       0x54 ./Drivers/STM32F1xx_HAL_Driver/Src/stm32f1xx_hal_cortex.o
 .text.NVIC_EncodePriority
                0x08002ab8       0x64 ./Drivers/STM32F1xx_HAL_Driver/Src/stm32f1xx_hal_cortex.o
 .text.HAL_NVIC_SetPriorityGrouping
                0x08002b1c       0x16 ./Drivers/STM32F1xx_HAL_Driver/Src/stm32f1xx_hal_cortex.o
                0x08002b1c                HAL_NVIC_SetPriorityGrouping
 .text.HAL_NVIC_SetPriority
                0x08002b32       0x38 ./Drivers/STM32F1xx_HAL_Driver/Src/stm32f1xx_hal_cortex.o
                0x08002b32                HAL_NVIC_SetPriority
 .text.HAL_NVIC_EnableIRQ
                0x08002b6a       0x1c ./Drivers/STM32F1xx_HAL_Driver/Src/stm32f1xx_hal_cortex.o
                0x08002b6a                HAL_NVIC_EnableIRQ
 *fill*         0x08002b86        0x2 
 .text.HAL_GPIO_Init
                0x08002b88      0x308 ./Drivers/STM32F1xx_HAL_Driver/Src/stm32f1xx_hal_gpio.o
                0x08002b88                HAL_GPIO_Init
 .text.HAL_GPIO_WritePin
                0x08002e90       0x30 ./Drivers/STM32F1xx_HAL_Driver/Src/stm32f1xx_hal_gpio.o
                0x08002e90                HAL_GPIO_WritePin
 .text.HAL_RCC_OscConfig
                0x08002ec0      0x504 ./Drivers/STM32F1xx_HAL_Driver/Src/stm32f1xx_hal_rcc.o
                0x08002ec0                HAL_RCC_OscConfig
 .text.HAL_RCC_ClockConfig
                0x080033c4      0x1d4 ./Drivers/STM32F1xx_HAL_Driver/Src/stm32f1xx_hal_rcc.o
                0x080033c4                HAL_RCC_ClockConfig
 .text.HAL_RCC_GetSysClockFreq
                0x08003598       0xa8 ./Drivers/STM32F1xx_HAL_Driver/Src/stm32f1xx_hal_rcc.o
                0x08003598                HAL_RCC_GetSysClockFreq
 .text.HAL_RCC_GetHCLKFreq
                0x08003640       0x14 ./Drivers/STM32F1xx_HAL_Driver/Src/stm32f1xx_hal_rcc.o
                0x08003640                HAL_RCC_GetHCLKFreq
 .text.HAL_RCC_GetPCLK1Freq
                0x08003654       0x28 ./Drivers/STM32F1xx_HAL_Driver/Src/stm32f1xx_hal_rcc.o
                0x08003654                HAL_RCC_GetPCLK1Freq
 .text.HAL_RCC_GetPCLK2Freq
                0x0800367c       0x28 ./Drivers/STM32F1xx_HAL_Driver/Src/stm32f1xx_hal_rcc.o
                0x0800367c                HAL_RCC_GetPCLK2Freq
 .text.HAL_RCC_GetClockConfig
                0x080036a4       0x60 ./Drivers/STM32F1xx_HAL_Driver/Src/stm32f1xx_hal_rcc.o
                0x080036a4                HAL_RCC_GetClockConfig
 .text.RCC_Delay
                0x08003704       0x3c ./Drivers/STM32F1xx_HAL_Driver/Src/stm32f1xx_hal_rcc.o
 .text.HAL_RCCEx_PeriphCLKConfig
                0x08003740      0x16c ./Drivers/STM32F1xx_HAL_Driver/Src/stm32f1xx_hal_rcc_ex.o
                0x08003740                HAL_RCCEx_PeriphCLKConfig
 .text.HAL_RCCEx_GetPeriphCLKFreq
                0x080038ac      0x16c ./Drivers/STM32F1xx_HAL_Driver/Src/stm32f1xx_hal_rcc_ex.o
                0x080038ac                HAL_RCCEx_GetPeriphCLKFreq
 .text.HAL_TIM_Base_Init
                0x08003a18       0x9e ./Drivers/STM32F1xx_HAL_Driver/Src/stm32f1xx_hal_tim.o
                0x08003a18                HAL_TIM_Base_Init
 *fill*         0x08003ab6        0x2 
 .text.HAL_TIM_Base_Start
                0x08003ab8       0x94 ./Drivers/STM32F1xx_HAL_Driver/Src/stm32f1xx_hal_tim.o
                0x08003ab8                HAL_TIM_Base_Start
 .text.HAL_TIM_Base_Stop
                0x08003b4c       0x4c ./Drivers/STM32F1xx_HAL_Driver/Src/stm32f1xx_hal_tim.o
                0x08003b4c                HAL_TIM_Base_Stop
 .text.HAL_TIM_Base_Start_IT
                0x08003b98       0xa4 ./Drivers/STM32F1xx_HAL_Driver/Src/stm32f1xx_hal_tim.o
                0x08003b98                HAL_TIM_Base_Start_IT
 .text.HAL_TIM_IRQHandler
                0x08003c3c      0x1e0 ./Drivers/STM32F1xx_HAL_Driver/Src/stm32f1xx_hal_tim.o
                0x08003c3c                HAL_TIM_IRQHandler
 .text.HAL_TIM_ConfigClockSource
                0x08003e1c      0x18e ./Drivers/STM32F1xx_HAL_Driver/Src/stm32f1xx_hal_tim.o
                0x08003e1c                HAL_TIM_ConfigClockSource
 .text.HAL_TIM_OC_DelayElapsedCallback
                0x08003faa       0x12 ./Drivers/STM32F1xx_HAL_Driver/Src/stm32f1xx_hal_tim.o
                0x08003faa                HAL_TIM_OC_DelayElapsedCallback
 .text.HAL_TIM_IC_CaptureCallback
                0x08003fbc       0x12 ./Drivers/STM32F1xx_HAL_Driver/Src/stm32f1xx_hal_tim.o
                0x08003fbc                HAL_TIM_IC_CaptureCallback
 .text.HAL_TIM_PWM_PulseFinishedCallback
                0x08003fce       0x12 ./Drivers/STM32F1xx_HAL_Driver/Src/stm32f1xx_hal_tim.o
                0x08003fce                HAL_TIM_PWM_PulseFinishedCallback
 .text.HAL_TIM_TriggerCallback
                0x08003fe0       0x12 ./Drivers/STM32F1xx_HAL_Driver/Src/stm32f1xx_hal_tim.o
                0x08003fe0                HAL_TIM_TriggerCallback
 *fill*         0x08003ff2        0x2 
 .text.TIM_Base_SetConfig
                0x08003ff4       0xdc ./Drivers/STM32F1xx_HAL_Driver/Src/stm32f1xx_hal_tim.o
                0x08003ff4                TIM_Base_SetConfig
 .text.TIM_TI1_ConfigInputStage
                0x080040d0       0x5c ./Drivers/STM32F1xx_HAL_Driver/Src/stm32f1xx_hal_tim.o
 .text.TIM_TI2_ConfigInputStage
                0x0800412c       0x5e ./Drivers/STM32F1xx_HAL_Driver/Src/stm32f1xx_hal_tim.o
 .text.TIM_ITRx_SetConfig
                0x0800418a       0x34 ./Drivers/STM32F1xx_HAL_Driver/Src/stm32f1xx_hal_tim.o
 .text.TIM_ETR_SetConfig
                0x080041be       0x3e ./Drivers/STM32F1xx_HAL_Driver/Src/stm32f1xx_hal_tim.o
                0x080041be                TIM_ETR_SetConfig
 .text.HAL_TIMEx_MasterConfigSynchronization
                0x080041fc       0xbc ./Drivers/STM32F1xx_HAL_Driver/Src/stm32f1xx_hal_tim_ex.o
                0x080041fc                HAL_TIMEx_MasterConfigSynchronization
 .text.HAL_TIMEx_CommutCallback
                0x080042b8       0x12 ./Drivers/STM32F1xx_HAL_Driver/Src/stm32f1xx_hal_tim_ex.o
                0x080042b8                HAL_TIMEx_CommutCallback
 .text.HAL_TIMEx_BreakCallback
                0x080042ca       0x12 ./Drivers/STM32F1xx_HAL_Driver/Src/stm32f1xx_hal_tim_ex.o
                0x080042ca                HAL_TIMEx_BreakCallback
 .text.__NVIC_SetPriority
                0x080042dc       0x54 ./Middlewares/Third_Party/FreeRTOS/Source/CMSIS_RTOS_V2/cmsis_os2.o
 .text.SysTick_Handler
                0x08004330       0x20 ./Middlewares/Third_Party/FreeRTOS/Source/CMSIS_RTOS_V2/cmsis_os2.o
                0x08004330                SysTick_Handler
 .text.SVC_Setup
                0x08004350       0x12 ./Middlewares/Third_Party/FreeRTOS/Source/CMSIS_RTOS_V2/cmsis_os2.o
 *fill*         0x08004362        0x2 
 .text.osKernelInitialize
                0x08004364       0x44 ./Middlewares/Third_Party/FreeRTOS/Source/CMSIS_RTOS_V2/cmsis_os2.o
                0x08004364                osKernelInitialize
 .text.osKernelStart
                0x080043a8       0x4c ./Middlewares/Third_Party/FreeRTOS/Source/CMSIS_RTOS_V2/cmsis_os2.o
                0x080043a8                osKernelStart
 .text.osThreadNew
                0x080043f4      0x124 ./Middlewares/Third_Party/FreeRTOS/Source/CMSIS_RTOS_V2/cmsis_os2.o
                0x080043f4                osThreadNew
 .text.vApplicationGetIdleTaskMemory
                0x08004518       0x30 ./Middlewares/Third_Party/FreeRTOS/Source/CMSIS_RTOS_V2/cmsis_os2.o
                0x08004518                vApplicationGetIdleTaskMemory
 .text.vApplicationGetTimerTaskMemory
                0x08004548       0x34 ./Middlewares/Third_Party/FreeRTOS/Source/CMSIS_RTOS_V2/cmsis_os2.o
                0x08004548                vApplicationGetTimerTaskMemory
 .text.vListInitialise
                0x0800457c       0x3e ./Middlewares/Third_Party/FreeRTOS/Source/list.o
                0x0800457c                vListInitialise
 .text.vListInitialiseItem
                0x080045ba       0x18 ./Middlewares/Third_Party/FreeRTOS/Source/list.o
                0x080045ba                vListInitialiseItem
 .text.vListInsertEnd
                0x080045d2       0x46 ./Middlewares/Third_Party/FreeRTOS/Source/list.o
                0x080045d2                vListInsertEnd
 .text.vListInsert
                0x08004618       0x70 ./Middlewares/Third_Party/FreeRTOS/Source/list.o
                0x08004618                vListInsert
 .text.uxListRemove
                0x08004688       0x52 ./Middlewares/Third_Party/FreeRTOS/Source/list.o
                0x08004688                uxListRemove
 *fill*         0x080046da        0x2 
 .text.xQueueGenericReset
                0x080046dc       0xd4 ./Middlewares/Third_Party/FreeRTOS/Source/queue.o
                0x080046dc                xQueueGenericReset
 .text.xQueueGenericCreateStatic
                0x080047b0       0xfa ./Middlewares/Third_Party/FreeRTOS/Source/queue.o
                0x080047b0                xQueueGenericCreateStatic
 .text.prvInitialiseNewQueue
                0x080048aa       0x46 ./Middlewares/Third_Party/FreeRTOS/Source/queue.o
 .text.xQueueGenericSend
                0x080048f0      0x204 ./Middlewares/Third_Party/FreeRTOS/Source/queue.o
                0x080048f0                xQueueGenericSend
 .text.xQueueGenericSendFromISR
                0x08004af4      0x13c ./Middlewares/Third_Party/FreeRTOS/Source/queue.o
                0x08004af4                xQueueGenericSendFromISR
 .text.xQueueReceive
                0x08004c30      0x1c4 ./Middlewares/Third_Party/FreeRTOS/Source/queue.o
                0x08004c30                xQueueReceive
 .text.prvCopyDataToQueue
                0x08004df4       0xd4 ./Middlewares/Third_Party/FreeRTOS/Source/queue.o
 .text.prvCopyDataFromQueue
                0x08004ec8       0x4c ./Middlewares/Third_Party/FreeRTOS/Source/queue.o
 .text.prvUnlockQueue
                0x08004f14       0xa4 ./Middlewares/Third_Party/FreeRTOS/Source/queue.o
 .text.prvIsQueueEmpty
                0x08004fb8       0x2c ./Middlewares/Third_Party/FreeRTOS/Source/queue.o
 .text.prvIsQueueFull
                0x08004fe4       0x30 ./Middlewares/Third_Party/FreeRTOS/Source/queue.o
 .text.vQueueAddToRegistry
                0x08005014       0x50 ./Middlewares/Third_Party/FreeRTOS/Source/queue.o
                0x08005014                vQueueAddToRegistry
 .text.vQueueWaitForMessageRestricted
                0x08005064       0x68 ./Middlewares/Third_Party/FreeRTOS/Source/queue.o
                0x08005064                vQueueWaitForMessageRestricted
 .text.xTaskCreateStatic
                0x080050cc       0xc0 ./Middlewares/Third_Party/FreeRTOS/Source/tasks.o
                0x080050cc                xTaskCreateStatic
 .text.xTaskCreate
                0x0800518c       0x8a ./Middlewares/Third_Party/FreeRTOS/Source/tasks.o
                0x0800518c                xTaskCreate
 *fill*         0x08005216        0x2 
 .text.prvInitialiseNewTask
                0x08005218      0x150 ./Middlewares/Third_Party/FreeRTOS/Source/tasks.o
 .text.prvAddNewTaskToReadyList
                0x08005368       0xe0 ./Middlewares/Third_Party/FreeRTOS/Source/tasks.o
 .text.vTaskDelayUntil
                0x08005448      0x100 ./Middlewares/Third_Party/FreeRTOS/Source/tasks.o
                0x08005448                vTaskDelayUntil
 .text.vTaskStartScheduler
                0x08005548       0xe0 ./Middlewares/Third_Party/FreeRTOS/Source/tasks.o
                0x08005548                vTaskStartScheduler
 .text.vTaskSuspendAll
                0x08005628       0x1c ./Middlewares/Third_Party/FreeRTOS/Source/tasks.o
                0x08005628                vTaskSuspendAll
 .text.xTaskResumeAll
                0x08005644      0x13c ./Middlewares/Third_Party/FreeRTOS/Source/tasks.o
                0x08005644                xTaskResumeAll
 .text.xTaskGetTickCount
                0x08005780       0x1c ./Middlewares/Third_Party/FreeRTOS/Source/tasks.o
                0x08005780                xTaskGetTickCount
 .text.xTaskIncrementTick
                0x0800579c      0x174 ./Middlewares/Third_Party/FreeRTOS/Source/tasks.o
                0x0800579c                xTaskIncrementTick
 .text.vTaskSwitchContext
                0x08005910       0xc8 ./Middlewares/Third_Party/FreeRTOS/Source/tasks.o
                0x08005910                vTaskSwitchContext
 .text.vTaskPlaceOnEventList
                0x080059d8       0x4c ./Middlewares/Third_Party/FreeRTOS/Source/tasks.o
                0x080059d8                vTaskPlaceOnEventList
 .text.vTaskPlaceOnEventListRestricted
                0x08005a24       0x58 ./Middlewares/Third_Party/FreeRTOS/Source/tasks.o
                0x08005a24                vTaskPlaceOnEventListRestricted
 .text.xTaskRemoveFromEventList
                0x08005a7c       0xc8 ./Middlewares/Third_Party/FreeRTOS/Source/tasks.o
                0x08005a7c                xTaskRemoveFromEventList
 .text.vTaskInternalSetTimeOutState
                0x08005b44       0x2c ./Middlewares/Third_Party/FreeRTOS/Source/tasks.o
                0x08005b44                vTaskInternalSetTimeOutState
 .text.xTaskCheckForTimeOut
                0x08005b70       0xc8 ./Middlewares/Third_Party/FreeRTOS/Source/tasks.o
                0x08005b70                xTaskCheckForTimeOut
 .text.vTaskMissedYield
                0x08005c38       0x18 ./Middlewares/Third_Party/FreeRTOS/Source/tasks.o
                0x08005c38                vTaskMissedYield
 .text.prvIdleTask
                0x08005c50       0x30 ./Middlewares/Third_Party/FreeRTOS/Source/tasks.o
 .text.prvInitialiseTaskLists
                0x08005c80       0x80 ./Middlewares/Third_Party/FreeRTOS/Source/tasks.o
 .text.prvCheckTasksWaitingTermination
                0x08005d00       0x5c ./Middlewares/Third_Party/FreeRTOS/Source/tasks.o
 .text.prvDeleteTCB
                0x08005d5c       0x6a ./Middlewares/Third_Party/FreeRTOS/Source/tasks.o
 *fill*         0x08005dc6        0x2 
 .text.prvResetNextTaskUnblockTime
                0x08005dc8       0x40 ./Middlewares/Third_Party/FreeRTOS/Source/tasks.o
 .text.xTaskGetSchedulerState
                0x08005e08       0x3c ./Middlewares/Third_Party/FreeRTOS/Source/tasks.o
                0x08005e08                xTaskGetSchedulerState
 .text.xTaskPriorityDisinherit
                0x08005e44       0xe0 ./Middlewares/Third_Party/FreeRTOS/Source/tasks.o
                0x08005e44                xTaskPriorityDisinherit
 .text.prvAddCurrentTaskToDelayedList
                0x08005f24       0xa8 ./Middlewares/Third_Party/FreeRTOS/Source/tasks.o
 .text.xTimerCreateTimerTask
                0x08005fcc       0x94 ./Middlewares/Third_Party/FreeRTOS/Source/timers.o
                0x08005fcc                xTimerCreateTimerTask
 .text.xTimerGenericCommand
                0x08006060       0x9c ./Middlewares/Third_Party/FreeRTOS/Source/timers.o
                0x08006060                xTimerGenericCommand
 .text.prvProcessExpiredTimer
                0x080060fc       0x9c ./Middlewares/Third_Party/FreeRTOS/Source/timers.o
 .text.prvTimerTask
                0x08006198       0x26 ./Middlewares/Third_Party/FreeRTOS/Source/timers.o
 *fill*         0x080061be        0x2 
 .text.prvProcessTimerOrBlockTask
                0x080061c0       0x9c ./Middlewares/Third_Party/FreeRTOS/Source/timers.o
 .text.prvGetNextExpireTime
                0x0800625c       0x44 ./Middlewares/Third_Party/FreeRTOS/Source/timers.o
 .text.prvSampleTimeNow
                0x080062a0       0x40 ./Middlewares/Third_Party/FreeRTOS/Source/timers.o
 .text.prvInsertTimerInActiveList
                0x080062e0       0x84 ./Middlewares/Third_Party/FreeRTOS/Source/timers.o
 .text.prvProcessReceivedCommands
                0x08006364      0x1cc ./Middlewares/Third_Party/FreeRTOS/Source/timers.o
 .text.prvSwitchTimerLists
                0x08006530       0xcc ./Middlewares/Third_Party/FreeRTOS/Source/timers.o
 .text.prvCheckForValidListAndQueue
                0x080065fc       0x80 ./Middlewares/Third_Party/FreeRTOS/Source/timers.o
 .text.pxPortInitialiseStack
                0x0800667c       0x58 ./Middlewares/Third_Party/FreeRTOS/Source/portable/GCC/ARM_CM3/port.o
                0x0800667c                pxPortInitialiseStack
 .text.prvTaskExitError
                0x080066d4       0x58 ./Middlewares/Third_Party/FreeRTOS/Source/portable/GCC/ARM_CM3/port.o
 *fill*         0x0800672c        0x4 
 .text.SVC_Handler
                0x08006730       0x28 ./Middlewares/Third_Party/FreeRTOS/Source/portable/GCC/ARM_CM3/port.o
                0x08006730                SVC_Handler
 .text.prvPortStartFirstTask
                0x08006758       0x20 ./Middlewares/Third_Party/FreeRTOS/Source/portable/GCC/ARM_CM3/port.o
 .text.xPortStartScheduler
                0x08006778       0xe4 ./Middlewares/Third_Party/FreeRTOS/Source/portable/GCC/ARM_CM3/port.o
                0x08006778                xPortStartScheduler
 .text.vPortEnterCritical
                0x0800685c       0x60 ./Middlewares/Third_Party/FreeRTOS/Source/portable/GCC/ARM_CM3/port.o
                0x0800685c                vPortEnterCritical
 .text.vPortExitCritical
                0x080068bc       0x54 ./Middlewares/Third_Party/FreeRTOS/Source/portable/GCC/ARM_CM3/port.o
                0x080068bc                vPortExitCritical
 .text.PendSV_Handler
                0x08006910       0x48 ./Middlewares/Third_Party/FreeRTOS/Source/portable/GCC/ARM_CM3/port.o
                0x08006910                PendSV_Handler
 .text.xPortSysTickHandler
                0x08006958       0x44 ./Middlewares/Third_Party/FreeRTOS/Source/portable/GCC/ARM_CM3/port.o
                0x08006958                xPortSysTickHandler
 .text.vPortSetupTimerInterrupt
                0x0800699c       0x44 ./Middlewares/Third_Party/FreeRTOS/Source/portable/GCC/ARM_CM3/port.o
                0x0800699c                vPortSetupTimerInterrupt
 .text.vPortValidateInterruptPriority
                0x080069e0       0x80 ./Middlewares/Third_Party/FreeRTOS/Source/portable/GCC/ARM_CM3/port.o
                0x080069e0                vPortValidateInterruptPriority
 .text.pvPortMalloc
                0x08006a60      0x19c ./Middlewares/Third_Party/FreeRTOS/Source/portable/MemMang/heap_4.o
                0x08006a60                pvPortMalloc
 .text.vPortFree
                0x08006bfc       0xc8 ./Middlewares/Third_Party/FreeRTOS/Source/portable/MemMang/heap_4.o
                0x08006bfc                vPortFree
 .text.prvHeapInit
                0x08006cc4       0xc4 ./Middlewares/Third_Party/FreeRTOS/Source/portable/MemMang/heap_4.o
 .text.prvInsertBlockIntoFreeList
                0x08006d88       0xb0 ./Middlewares/Third_Party/FreeRTOS/Source/portable/MemMang/heap_4.o
 .text.memset   0x08006e38       0x10 C:/ST/STM32CubeIDE_1.18.1/STM32CubeIDE/plugins/com.st.stm32cube.ide.mcu.externaltools.gnu-tools-for-stm32.13.3.rel1.win32_1.0.0.202411081344/tools/bin/../lib/gcc/arm-none-eabi/13.3.1/../../../../arm-none-eabi/lib/thumb/v7-m/nofp\libc_nano.a(libc_a-memset.o)
                0x08006e38                memset
 .text._reclaim_reent
                0x08006e48       0xbc C:/ST/STM32CubeIDE_1.18.1/STM32CubeIDE/plugins/com.st.stm32cube.ide.mcu.externaltools.gnu-tools-for-stm32.13.3.rel1.win32_1.0.0.202411081344/tools/bin/../lib/gcc/arm-none-eabi/13.3.1/../../../../arm-none-eabi/lib/thumb/v7-m/nofp\libc_nano.a(libc_a-reent.o)
                0x08006e48                _reclaim_reent
 .text.__libc_init_array
                0x08006f04       0x48 C:/ST/STM32CubeIDE_1.18.1/STM32CubeIDE/plugins/com.st.stm32cube.ide.mcu.externaltools.gnu-tools-for-stm32.13.3.rel1.win32_1.0.0.202411081344/tools/bin/../lib/gcc/arm-none-eabi/13.3.1/../../../../arm-none-eabi/lib/thumb/v7-m/nofp\libc_nano.a(libc_a-init.o)
                0x08006f04                __libc_init_array
 .text.__retarget_lock_acquire_recursive
                0x08006f4c        0x2 C:/ST/STM32CubeIDE_1.18.1/STM32CubeIDE/plugins/com.st.stm32cube.ide.mcu.externaltools.gnu-tools-for-stm32.13.3.rel1.win32_1.0.0.202411081344/tools/bin/../lib/gcc/arm-none-eabi/13.3.1/../../../../arm-none-eabi/lib/thumb/v7-m/nofp\libc_nano.a(libc_a-lock.o)
                0x08006f4c                __retarget_lock_acquire_recursive
 .text.__retarget_lock_release_recursive
                0x08006f4e        0x2 C:/ST/STM32CubeIDE_1.18.1/STM32CubeIDE/plugins/com.st.stm32cube.ide.mcu.externaltools.gnu-tools-for-stm32.13.3.rel1.win32_1.0.0.202411081344/tools/bin/../lib/gcc/arm-none-eabi/13.3.1/../../../../arm-none-eabi/lib/thumb/v7-m/nofp\libc_nano.a(libc_a-lock.o)
                0x08006f4e                __retarget_lock_release_recursive
 .text.memcpy   0x08006f50       0x1c C:/ST/STM32CubeIDE_1.18.1/STM32CubeIDE/plugins/com.st.stm32cube.ide.mcu.externaltools.gnu-tools-for-stm32.13.3.rel1.win32_1.0.0.202411081344/tools/bin/../lib/gcc/arm-none-eabi/13.3.1/../../../../arm-none-eabi/lib/thumb/v7-m/nofp\libc_nano.a(libc_a-memcpy-stub.o)
                0x08006f50                memcpy
 .text._free_r  0x08006f6c       0x90 C:/ST/STM32CubeIDE_1.18.1/STM32CubeIDE/plugins/com.st.stm32cube.ide.mcu.externaltools.gnu-tools-for-stm32.13.3.rel1.win32_1.0.0.202411081344/tools/bin/../lib/gcc/arm-none-eabi/13.3.1/../../../../arm-none-eabi/lib/thumb/v7-m/nofp\libc_nano.a(libc_a-freer.o)
                0x08006f6c                _free_r
 .text.__malloc_lock
                0x08006ffc        0xc C:/ST/STM32CubeIDE_1.18.1/STM32CubeIDE/plugins/com.st.stm32cube.ide.mcu.externaltools.gnu-tools-for-stm32.13.3.rel1.win32_1.0.0.202411081344/tools/bin/../lib/gcc/arm-none-eabi/13.3.1/../../../../arm-none-eabi/lib/thumb/v7-m/nofp\libc_nano.a(libc_a-mlock.o)
                0x08006ffc                __malloc_lock
 .text.__malloc_unlock
                0x08007008        0xc C:/ST/STM32CubeIDE_1.18.1/STM32CubeIDE/plugins/com.st.stm32cube.ide.mcu.externaltools.gnu-tools-for-stm32.13.3.rel1.win32_1.0.0.202411081344/tools/bin/../lib/gcc/arm-none-eabi/13.3.1/../../../../arm-none-eabi/lib/thumb/v7-m/nofp\libc_nano.a(libc_a-mlock.o)
                0x08007008                __malloc_unlock
 *(.glue_7)
 .glue_7        0x08007014        0x0 linker stubs
 *(.glue_7t)
 .glue_7t       0x08007014        0x0 linker stubs
 *(.eh_frame)
 .eh_frame      0x08007014        0x0 C:/ST/STM32CubeIDE_1.18.1/STM32CubeIDE/plugins/com.st.stm32cube.ide.mcu.externaltools.gnu-tools-for-stm32.13.3.rel1.win32_1.0.0.202411081344/tools/bin/../lib/gcc/arm-none-eabi/13.3.1/thumb/v7-m/nofp/crtbegin.o
 *(.init)
 .init          0x08007014        0x4 C:/ST/STM32CubeIDE_1.18.1/STM32CubeIDE/plugins/com.st.stm32cube.ide.mcu.externaltools.gnu-tools-for-stm32.13.3.rel1.win32_1.0.0.202411081344/tools/bin/../lib/gcc/arm-none-eabi/13.3.1/thumb/v7-m/nofp/crti.o
                0x08007014                _init
 .init          0x08007018        0x8 C:/ST/STM32CubeIDE_1.18.1/STM32CubeIDE/plugins/com.st.stm32cube.ide.mcu.externaltools.gnu-tools-for-stm32.13.3.rel1.win32_1.0.0.202411081344/tools/bin/../lib/gcc/arm-none-eabi/13.3.1/thumb/v7-m/nofp/crtn.o
 *(.fini)
 .fini          0x08007020        0x4 C:/ST/STM32CubeIDE_1.18.1/STM32CubeIDE/plugins/com.st.stm32cube.ide.mcu.externaltools.gnu-tools-for-stm32.13.3.rel1.win32_1.0.0.202411081344/tools/bin/../lib/gcc/arm-none-eabi/13.3.1/thumb/v7-m/nofp/crti.o
                0x08007020                _fini
 .fini          0x08007024        0x8 C:/ST/STM32CubeIDE_1.18.1/STM32CubeIDE/plugins/com.st.stm32cube.ide.mcu.externaltools.gnu-tools-for-stm32.13.3.rel1.win32_1.0.0.202411081344/tools/bin/../lib/gcc/arm-none-eabi/13.3.1/thumb/v7-m/nofp/crtn.o
                0x0800702c                        . = ALIGN (0x4)
                0x0800702c                        _etext = .

.vfp11_veneer   0x0800702c        0x0
 .vfp11_veneer  0x0800702c        0x0 linker stubs

.v4_bx          0x0800702c        0x0
 .v4_bx         0x0800702c        0x0 linker stubs

.iplt           0x0800702c        0x0
 .iplt          0x0800702c        0x0 C:/ST/STM32CubeIDE_1.18.1/STM32CubeIDE/plugins/com.st.stm32cube.ide.mcu.externaltools.gnu-tools-for-stm32.13.3.rel1.win32_1.0.0.202411081344/tools/bin/../lib/gcc/arm-none-eabi/13.3.1/thumb/v7-m/nofp/crtbegin.o

.rodata         0x0800702c       0xc8
                0x0800702c                        . = ALIGN (0x4)
 *(.rodata)
 .rodata        0x0800702c       0x18 ./Core/Src/freertos.o
 .rodata        0x08007044        0xc ./Core/Src/main.o
 .rodata        0x08007050        0x5 ./Middlewares/Third_Party/FreeRTOS/Source/tasks.o
 *fill*         0x08007055        0x3 
 .rodata        0x08007058        0xd ./Middlewares/Third_Party/FreeRTOS/Source/timers.o
 *(.rodata*)
 *fill*         0x08007065        0x3 
 .rodata.sensor_Task_attributes
                0x08007068       0x24 ./Core/Src/freertos.o
                0x08007068                sensor_Task_attributes
 .rodata.Time_Mult
                0x0800708c        0x1 ./Core/Src/sensors.o
                0x0800708c                Time_Mult
 *fill*         0x0800708d        0x1 
 .rodata.MESSAGE_DEBUG_REFRESH_RATE
                0x0800708e        0x2 ./Core/Src/sensors.o
                0x0800708e                MESSAGE_DEBUG_REFRESH_RATE
 .rodata.Wheel_Angle
                0x08007090        0x1 ./Core/Src/sensors.o
                0x08007090                Wheel_Angle
 .rodata.FR_Hall
                0x08007091        0x1 ./Core/Src/sensors.o
                0x08007091                FR_Hall
 .rodata.FL_Hall
                0x08007092        0x1 ./Core/Src/sensors.o
                0x08007092                FL_Hall
 .rodata.RR_Hall
                0x08007093        0x1 ./Core/Src/sensors.o
                0x08007093                RR_Hall
 .rodata.RL_Hall
                0x08007094        0x1 ./Core/Src/sensors.o
                0x08007094                RL_Hall
 .rodata.F_Brakeline_Pressure
                0x08007095        0x1 ./Core/Src/sensors.o
                0x08007095                F_Brakeline_Pressure
 .rodata.R_Brakeline_Pressure
                0x08007096        0x1 ./Core/Src/sensors.o
                0x08007096                R_Brakeline_Pressure
 .rodata.FR_Susp_Angle
                0x08007097        0x1 ./Core/Src/sensors.o
                0x08007097                FR_Susp_Angle
 .rodata.FL_Susp_Angle
                0x08007098        0x1 ./Core/Src/sensors.o
                0x08007098                FL_Susp_Angle
 .rodata.RR_Susp_Angle
                0x08007099        0x1 ./Core/Src/sensors.o
                0x08007099                RR_Susp_Angle
 .rodata.RL_Susp_Angle
                0x0800709a        0x1 ./Core/Src/sensors.o
                0x0800709a                RL_Susp_Angle
 .rodata.MAP_1_Pressure
                0x0800709b        0x1 ./Core/Src/sensors.o
                0x0800709b                MAP_1_Pressure
 .rodata.MAP_2_Pressure
                0x0800709c        0x1 ./Core/Src/sensors.o
                0x0800709c                MAP_2_Pressure
 .rodata.MAF_Flow
                0x0800709d        0x1 ./Core/Src/sensors.o
                0x0800709d                MAF_Flow
 .rodata.Oil_Temp
                0x0800709e        0x1 ./Core/Src/sensors.o
                0x0800709e                Oil_Temp
 .rodata.Oil_Pressure
                0x0800709f        0x1 ./Core/Src/sensors.o
                0x0800709f                Oil_Pressure
 .rodata.V_Ref_index
                0x080070a0        0x1 ./Core/Src/sensors.o
                0x080070a0                V_Ref_index
 .rodata.V_Bat_index
                0x080070a1        0x1 ./Core/Src/sensors.o
                0x080070a1                V_Bat_index
 .rodata.Temp_index
                0x080070a2        0x1 ./Core/Src/sensors.o
                0x080070a2                Temp_index
 .rodata.Gear_index
                0x080070a3        0x1 ./Core/Src/sensors.o
                0x080070a3                Gear_index
 .rodata.Wheel_Angle_index
                0x080070a4        0x1 ./Core/Src/sensors.o
                0x080070a4                Wheel_Angle_index
 .rodata.FR_Hall_index
                0x080070a5        0x1 ./Core/Src/sensors.o
                0x080070a5                FR_Hall_index
 .rodata.FL_Hall_index
                0x080070a6        0x1 ./Core/Src/sensors.o
                0x080070a6                FL_Hall_index
 .rodata.RL_Hall_index
                0x080070a7        0x1 ./Core/Src/sensors.o
                0x080070a7                RL_Hall_index
 .rodata.F_Brakeline_Pressure_index
                0x080070a8        0x1 ./Core/Src/sensors.o
                0x080070a8                F_Brakeline_Pressure_index
 .rodata.R_Brakeline_Pressure_index
                0x080070a9        0x1 ./Core/Src/sensors.o
                0x080070a9                R_Brakeline_Pressure_index
 .rodata.FR_Susp_Angle_index
                0x080070aa        0x1 ./Core/Src/sensors.o
                0x080070aa                FR_Susp_Angle_index
 .rodata.FL_Susp_Angle_index
                0x080070ab        0x1 ./Core/Src/sensors.o
                0x080070ab                FL_Susp_Angle_index
 .rodata.RR_Susp_Angle_index
                0x080070ac        0x1 ./Core/Src/sensors.o
                0x080070ac                RR_Susp_Angle_index
 .rodata.RL_Susp_Angle_index
                0x080070ad        0x1 ./Core/Src/sensors.o
                0x080070ad                RL_Susp_Angle_index
 .rodata.MAP_1_Pressure_index
                0x080070ae        0x1 ./Core/Src/sensors.o
                0x080070ae                MAP_1_Pressure_index
 .rodata.MAP_2_Pressure_index
                0x080070af        0x1 ./Core/Src/sensors.o
                0x080070af                MAP_2_Pressure_index
 .rodata.MAF_Flow_index
                0x080070b0        0x1 ./Core/Src/sensors.o
                0x080070b0                MAF_Flow_index
 .rodata.Oil_Temp_index
                0x080070b1        0x1 ./Core/Src/sensors.o
                0x080070b1                Oil_Temp_index
 .rodata.Oil_Pressure_index
                0x080070b2        0x1 ./Core/Src/sensors.o
                0x080070b2                Oil_Pressure_index
 *fill*         0x080070b3        0x1 
 .rodata.AHBPrescTable
                0x080070b4       0x10 ./Core/Src/system_stm32f1xx.o
                0x080070b4                AHBPrescTable
 .rodata.APBPrescTable
                0x080070c4        0x8 ./Core/Src/system_stm32f1xx.o
                0x080070c4                APBPrescTable
 .rodata.aPLLMULFactorTable.1
                0x080070cc       0x10 ./Drivers/STM32F1xx_HAL_Driver/Src/stm32f1xx_hal_rcc.o
 .rodata.aPredivFactorTable.0
                0x080070dc        0x2 ./Drivers/STM32F1xx_HAL_Driver/Src/stm32f1xx_hal_rcc.o
 *fill*         0x080070de        0x2 
 .rodata.aPLLMULFactorTable.1
                0x080070e0       0x10 ./Drivers/STM32F1xx_HAL_Driver/Src/stm32f1xx_hal_rcc_ex.o
 .rodata.aPredivFactorTable.0
                0x080070f0        0x2 ./Drivers/STM32F1xx_HAL_Driver/Src/stm32f1xx_hal_rcc_ex.o
                0x080070f4                        . = ALIGN (0x4)
 *fill*         0x080070f2        0x2 

.ARM.extab      0x080070f4        0x0
                0x080070f4                        . = ALIGN (0x4)
 *(.ARM.extab* .gnu.linkonce.armextab.*)
                0x080070f4                        . = ALIGN (0x4)

.ARM            0x080070f4        0x0
                0x080070f4                        . = ALIGN (0x4)
                0x080070f4                        __exidx_start = .
 *(.ARM.exidx*)
                0x080070f4                        __exidx_end = .
                0x080070f4                        . = ALIGN (0x4)

.preinit_array  0x080070f4        0x0
                0x080070f4                        . = ALIGN (0x4)
                0x080070f4                        PROVIDE (__preinit_array_start = .)
 *(.preinit_array*)
                0x080070f4                        PROVIDE (__preinit_array_end = .)
                0x080070f4                        . = ALIGN (0x4)

.init_array     0x080070f4        0x4
                0x080070f4                        . = ALIGN (0x4)
                0x080070f4                        PROVIDE (__init_array_start = .)
 *(SORT_BY_NAME(.init_array.*))
 *(.init_array*)
 .init_array    0x080070f4        0x4 C:/ST/STM32CubeIDE_1.18.1/STM32CubeIDE/plugins/com.st.stm32cube.ide.mcu.externaltools.gnu-tools-for-stm32.13.3.rel1.win32_1.0.0.202411081344/tools/bin/../lib/gcc/arm-none-eabi/13.3.1/thumb/v7-m/nofp/crtbegin.o
                0x080070f8                        PROVIDE (__init_array_end = .)
                0x080070f8                        . = ALIGN (0x4)

.fini_array     0x080070f8        0x4
                0x080070f8                        . = ALIGN (0x4)
                [!provide]                        PROVIDE (__fini_array_start = .)
 *(SORT_BY_NAME(.fini_array.*))
 *(.fini_array*)
 .fini_array    0x080070f8        0x4 C:/ST/STM32CubeIDE_1.18.1/STM32CubeIDE/plugins/com.st.stm32cube.ide.mcu.externaltools.gnu-tools-for-stm32.13.3.rel1.win32_1.0.0.202411081344/tools/bin/../lib/gcc/arm-none-eabi/13.3.1/thumb/v7-m/nofp/crtbegin.o
                [!provide]                        PROVIDE (__fini_array_end = .)
                0x080070fc                        . = ALIGN (0x4)
                0x080070fc                        _sidata = LOADADDR (.data)

.rel.dyn        0x080070fc        0x0
 .rel.iplt      0x080070fc        0x0 C:/ST/STM32CubeIDE_1.18.1/STM32CubeIDE/plugins/com.st.stm32cube.ide.mcu.externaltools.gnu-tools-for-stm32.13.3.rel1.win32_1.0.0.202411081344/tools/bin/../lib/gcc/arm-none-eabi/13.3.1/thumb/v7-m/nofp/crtbegin.o

.data           0x20000000       0x64 load address 0x080070fc
                0x20000000                        . = ALIGN (0x4)
                0x20000000                        _sdata = .
 *(.data)
 *(.data*)
 .data.readings_qtt
                0x20000000        0x1 ./Core/Src/adc_settings.o
                0x20000000                readings_qtt
 .data.debug_mode
                0x20000001        0x1 ./Core/Src/freertos.o
                0x20000001                debug_mode
 *fill*         0x20000002        0x2 
 .data.SystemCoreClock
                0x20000004        0x4 ./Core/Src/system_stm32f1xx.o
                0x20000004                SystemCoreClock
 .data.uwTickPrio
                0x20000008        0x4 ./Drivers/STM32F1xx_HAL_Driver/Src/stm32f1xx_hal.o
                0x20000008                uwTickPrio
 .data.uwTickFreq
                0x2000000c        0x1 ./Drivers/STM32F1xx_HAL_Driver/Src/stm32f1xx_hal.o
                0x2000000c                uwTickFreq
 *fill*         0x2000000d        0x3 
 .data.uxCriticalNesting
                0x20000010        0x4 ./Middlewares/Third_Party/FreeRTOS/Source/portable/GCC/ARM_CM3/port.o
 .data._impure_ptr
                0x20000014        0x4 C:/ST/STM32CubeIDE_1.18.1/STM32CubeIDE/plugins/com.st.stm32cube.ide.mcu.externaltools.gnu-tools-for-stm32.13.3.rel1.win32_1.0.0.202411081344/tools/bin/../lib/gcc/arm-none-eabi/13.3.1/../../../../arm-none-eabi/lib/thumb/v7-m/nofp\libc_nano.a(libc_a-impure.o)
                0x20000014                _impure_ptr
 .data._impure_data
                0x20000018       0x4c C:/ST/STM32CubeIDE_1.18.1/STM32CubeIDE/plugins/com.st.stm32cube.ide.mcu.externaltools.gnu-tools-for-stm32.13.3.rel1.win32_1.0.0.202411081344/tools/bin/../lib/gcc/arm-none-eabi/13.3.1/../../../../arm-none-eabi/lib/thumb/v7-m/nofp\libc_nano.a(libc_a-impure.o)
                0x20000018                _impure_data
 *(.RamFunc)
 *(.RamFunc*)
                0x20000064                        . = ALIGN (0x4)
                0x20000064                        _edata = .

.igot.plt       0x20000064        0x0 load address 0x08007160
 .igot.plt      0x20000064        0x0 C:/ST/STM32CubeIDE_1.18.1/STM32CubeIDE/plugins/com.st.stm32cube.ide.mcu.externaltools.gnu-tools-for-stm32.13.3.rel1.win32_1.0.0.202411081344/tools/bin/../lib/gcc/arm-none-eabi/13.3.1/thumb/v7-m/nofp/crtbegin.o
                0x20000064                        . = ALIGN (0x4)

.bss            0x20000064     0x202c load address 0x08007160
                0x20000064                        _sbss = .
                0x20000064                        __bss_start__ = _sbss
 *(.bss)
 .bss           0x20000064       0x1c C:/ST/STM32CubeIDE_1.18.1/STM32CubeIDE/plugins/com.st.stm32cube.ide.mcu.externaltools.gnu-tools-for-stm32.13.3.rel1.win32_1.0.0.202411081344/tools/bin/../lib/gcc/arm-none-eabi/13.3.1/thumb/v7-m/nofp/crtbegin.o
 *(.bss*)
 .bss.hadc1     0x20000080       0x30 ./Core/Src/adc.o
                0x20000080                hadc1
 .bss.hadc2     0x200000b0       0x30 ./Core/Src/adc.o
                0x200000b0                hadc2
 .bss.sConfig1  0x200000e0        0xc ./Core/Src/adc_settings.o
                0x200000e0                sConfig1
 .bss.sConfig2  0x200000ec        0xc ./Core/Src/adc_settings.o
                0x200000ec                sConfig2
 .bss.sensorData
                0x200000f8      0x2e4 ./Core/Src/adc_settings.o
                0x200000f8                sensorData
 .bss.hcan      0x200003dc       0x28 ./Core/Src/can.o
                0x200003dc                hcan
 .bss.hal_message
                0x20000404        0x1 ./Core/Src/freertos.o
                0x20000404                hal_message
 *fill*         0x20000405        0x3 
 .bss.sensor_TaskHandle
                0x20000408        0x4 ./Core/Src/freertos.o
                0x20000408                sensor_TaskHandle
 .bss.can_msg   0x2000040c        0x1 ./Core/Src/main.o
                0x2000040c                can_msg
 *fill*         0x2000040d        0x3 
 .bss.Message_Debug_Time
                0x20000410        0x4 ./Core/Src/sensors.o
                0x20000410                Message_Debug_Time
 .bss.DATA_01   0x20000414       0x10 ./Core/Src/sensors.o
                0x20000414                DATA_01
 .bss.DATA_02   0x20000424       0x10 ./Core/Src/sensors.o
                0x20000424                DATA_02
 .bss.DATA_03   0x20000434       0x10 ./Core/Src/sensors.o
                0x20000434                DATA_03
 .bss.DATA_04   0x20000444       0x10 ./Core/Src/sensors.o
                0x20000444                DATA_04
 .bss.DATA_05   0x20000454       0x10 ./Core/Src/sensors.o
                0x20000454                DATA_05
 .bss.DATA_06   0x20000464       0x10 ./Core/Src/sensors.o
                0x20000464                DATA_06
 .bss.DATA_07   0x20000474       0x10 ./Core/Src/sensors.o
                0x20000474                DATA_07
 .bss.DATA_08   0x20000484       0x10 ./Core/Src/sensors.o
                0x20000484                DATA_08
 .bss.DATA_09   0x20000494       0x10 ./Core/Src/sensors.o
                0x20000494                DATA_09
 .bss.DATA_10   0x200004a4       0x10 ./Core/Src/sensors.o
                0x200004a4                DATA_10
 .bss.BUFFER_ACK
                0x200004b4       0x10 ./Core/Src/sensors.o
                0x200004b4                BUFFER_ACK
 .bss.ERROR_CHECK
                0x200004c4       0x10 ./Core/Src/sensors.o
                0x200004c4                ERROR_CHECK
 .bss.htim4     0x200004d4       0x48 ./Core/Src/stm32f1xx_hal_timebase_tim.o
                0x200004d4                htim4
 .bss.htim1     0x2000051c       0x48 ./Core/Src/tim.o
                0x2000051c                htim1
 .bss.uwTick    0x20000564        0x4 ./Drivers/STM32F1xx_HAL_Driver/Src/stm32f1xx_hal.o
                0x20000564                uwTick
 .bss.KernelState
                0x20000568        0x4 ./Middlewares/Third_Party/FreeRTOS/Source/CMSIS_RTOS_V2/cmsis_os2.o
 .bss.Idle_TCB.3
                0x2000056c       0xa8 ./Middlewares/Third_Party/FreeRTOS/Source/CMSIS_RTOS_V2/cmsis_os2.o
 .bss.Idle_Stack.2
                0x20000614      0x200 ./Middlewares/Third_Party/FreeRTOS/Source/CMSIS_RTOS_V2/cmsis_os2.o
 .bss.Timer_TCB.1
                0x20000814       0xa8 ./Middlewares/Third_Party/FreeRTOS/Source/CMSIS_RTOS_V2/cmsis_os2.o
 .bss.Timer_Stack.0
                0x200008bc      0x400 ./Middlewares/Third_Party/FreeRTOS/Source/CMSIS_RTOS_V2/cmsis_os2.o
 .bss.xQueueRegistry
                0x20000cbc       0x40 ./Middlewares/Third_Party/FreeRTOS/Source/queue.o
                0x20000cbc                xQueueRegistry
 .bss.pxCurrentTCB
                0x20000cfc        0x4 ./Middlewares/Third_Party/FreeRTOS/Source/tasks.o
                0x20000cfc                pxCurrentTCB
 .bss.pxReadyTasksLists
                0x20000d00      0x460 ./Middlewares/Third_Party/FreeRTOS/Source/tasks.o
 .bss.xDelayedTaskList1
                0x20001160       0x14 ./Middlewares/Third_Party/FreeRTOS/Source/tasks.o
 .bss.xDelayedTaskList2
                0x20001174       0x14 ./Middlewares/Third_Party/FreeRTOS/Source/tasks.o
 .bss.pxDelayedTaskList
                0x20001188        0x4 ./Middlewares/Third_Party/FreeRTOS/Source/tasks.o
 .bss.pxOverflowDelayedTaskList
                0x2000118c        0x4 ./Middlewares/Third_Party/FreeRTOS/Source/tasks.o
 .bss.xPendingReadyList
                0x20001190       0x14 ./Middlewares/Third_Party/FreeRTOS/Source/tasks.o
 .bss.xTasksWaitingTermination
                0x200011a4       0x14 ./Middlewares/Third_Party/FreeRTOS/Source/tasks.o
 .bss.uxDeletedTasksWaitingCleanUp
                0x200011b8        0x4 ./Middlewares/Third_Party/FreeRTOS/Source/tasks.o
 .bss.xSuspendedTaskList
                0x200011bc       0x14 ./Middlewares/Third_Party/FreeRTOS/Source/tasks.o
 .bss.uxCurrentNumberOfTasks
                0x200011d0        0x4 ./Middlewares/Third_Party/FreeRTOS/Source/tasks.o
 .bss.xTickCount
                0x200011d4        0x4 ./Middlewares/Third_Party/FreeRTOS/Source/tasks.o
 .bss.uxTopReadyPriority
                0x200011d8        0x4 ./Middlewares/Third_Party/FreeRTOS/Source/tasks.o
 .bss.xSchedulerRunning
                0x200011dc        0x4 ./Middlewares/Third_Party/FreeRTOS/Source/tasks.o
 .bss.xPendedTicks
                0x200011e0        0x4 ./Middlewares/Third_Party/FreeRTOS/Source/tasks.o
 .bss.xYieldPending
                0x200011e4        0x4 ./Middlewares/Third_Party/FreeRTOS/Source/tasks.o
 .bss.xNumOfOverflows
                0x200011e8        0x4 ./Middlewares/Third_Party/FreeRTOS/Source/tasks.o
 .bss.uxTaskNumber
                0x200011ec        0x4 ./Middlewares/Third_Party/FreeRTOS/Source/tasks.o
 .bss.xNextTaskUnblockTime
                0x200011f0        0x4 ./Middlewares/Third_Party/FreeRTOS/Source/tasks.o
 .bss.xIdleTaskHandle
                0x200011f4        0x4 ./Middlewares/Third_Party/FreeRTOS/Source/tasks.o
 .bss.uxSchedulerSuspended
                0x200011f8        0x4 ./Middlewares/Third_Party/FreeRTOS/Source/tasks.o
 .bss.xActiveTimerList1
                0x200011fc       0x14 ./Middlewares/Third_Party/FreeRTOS/Source/timers.o
 .bss.xActiveTimerList2
                0x20001210       0x14 ./Middlewares/Third_Party/FreeRTOS/Source/timers.o
 .bss.pxCurrentTimerList
                0x20001224        0x4 ./Middlewares/Third_Party/FreeRTOS/Source/timers.o
 .bss.pxOverflowTimerList
                0x20001228        0x4 ./Middlewares/Third_Party/FreeRTOS/Source/timers.o
 .bss.xTimerQueue
                0x2000122c        0x4 ./Middlewares/Third_Party/FreeRTOS/Source/timers.o
 .bss.xTimerTaskHandle
                0x20001230        0x4 ./Middlewares/Third_Party/FreeRTOS/Source/timers.o
 .bss.xLastTime.2
                0x20001234        0x4 ./Middlewares/Third_Party/FreeRTOS/Source/timers.o
 .bss.ucStaticTimerQueueStorage.1
                0x20001238       0xa0 ./Middlewares/Third_Party/FreeRTOS/Source/timers.o
 .bss.xStaticTimerQueue.0
                0x200012d8       0x50 ./Middlewares/Third_Party/FreeRTOS/Source/timers.o
 .bss.ucMaxSysCallPriority
                0x20001328        0x1 ./Middlewares/Third_Party/FreeRTOS/Source/portable/GCC/ARM_CM3/port.o
 *fill*         0x20001329        0x3 
 .bss.ulMaxPRIGROUPValue
                0x2000132c        0x4 ./Middlewares/Third_Party/FreeRTOS/Source/portable/GCC/ARM_CM3/port.o
 .bss.ucHeap    0x20001330      0xc00 ./Middlewares/Third_Party/FreeRTOS/Source/portable/MemMang/heap_4.o
 .bss.xStart    0x20001f30        0x8 ./Middlewares/Third_Party/FreeRTOS/Source/portable/MemMang/heap_4.o
 .bss.pxEnd     0x20001f38        0x4 ./Middlewares/Third_Party/FreeRTOS/Source/portable/MemMang/heap_4.o
 .bss.xFreeBytesRemaining
                0x20001f3c        0x4 ./Middlewares/Third_Party/FreeRTOS/Source/portable/MemMang/heap_4.o
 .bss.xMinimumEverFreeBytesRemaining
                0x20001f40        0x4 ./Middlewares/Third_Party/FreeRTOS/Source/portable/MemMang/heap_4.o
 .bss.xNumberOfSuccessfulAllocations
                0x20001f44        0x4 ./Middlewares/Third_Party/FreeRTOS/Source/portable/MemMang/heap_4.o
 .bss.xNumberOfSuccessfulFrees
                0x20001f48        0x4 ./Middlewares/Third_Party/FreeRTOS/Source/portable/MemMang/heap_4.o
 .bss.xBlockAllocatedBit
                0x20001f4c        0x4 ./Middlewares/Third_Party/FreeRTOS/Source/portable/MemMang/heap_4.o
 .bss.__sf      0x20001f50      0x138 C:/ST/STM32CubeIDE_1.18.1/STM32CubeIDE/plugins/com.st.stm32cube.ide.mcu.externaltools.gnu-tools-for-stm32.13.3.rel1.win32_1.0.0.202411081344/tools/bin/../lib/gcc/arm-none-eabi/13.3.1/../../../../arm-none-eabi/lib/thumb/v7-m/nofp\libc_nano.a(libc_a-findfp.o)
                0x20001f50                __sf
 .bss.__lock___malloc_recursive_mutex
                0x20002088        0x1 C:/ST/STM32CubeIDE_1.18.1/STM32CubeIDE/plugins/com.st.stm32cube.ide.mcu.externaltools.gnu-tools-for-stm32.13.3.rel1.win32_1.0.0.202411081344/tools/bin/../lib/gcc/arm-none-eabi/13.3.1/../../../../arm-none-eabi/lib/thumb/v7-m/nofp\libc_nano.a(libc_a-lock.o)
                0x20002088                __lock___malloc_recursive_mutex
 *fill*         0x20002089        0x3 
 .bss.__malloc_free_list
                0x2000208c        0x4 C:/ST/STM32CubeIDE_1.18.1/STM32CubeIDE/plugins/com.st.stm32cube.ide.mcu.externaltools.gnu-tools-for-stm32.13.3.rel1.win32_1.0.0.202411081344/tools/bin/../lib/gcc/arm-none-eabi/13.3.1/../../../../arm-none-eabi/lib/thumb/v7-m/nofp\libc_nano.a(libc_a-mallocr.o)
                0x2000208c                __malloc_free_list
 *(COMMON)
                0x20002090                        . = ALIGN (0x4)
                0x20002090                        _ebss = .
                0x20002090                        __bss_end__ = _ebss

._user_heap_stack
                0x20002090      0x600 load address 0x08007160
                0x20002090                        . = ALIGN (0x8)
                [!provide]                        PROVIDE (end = .)
                0x20002090                        PROVIDE (_end = .)
                0x20002290                        . = (. + _Min_Heap_Size)
 *fill*         0x20002090      0x200 
                0x20002690                        . = (. + _Min_Stack_Size)
 *fill*         0x20002290      0x400 
                0x20002690                        . = ALIGN (0x8)

/DISCARD/
 libc.a(*)
 libm.a(*)
 libgcc.a(*)

.ARM.attributes
                0x00000000       0x29
 *(.ARM.attributes)
 .ARM.attributes
                0x00000000       0x1d C:/ST/STM32CubeIDE_1.18.1/STM32CubeIDE/plugins/com.st.stm32cube.ide.mcu.externaltools.gnu-tools-for-stm32.13.3.rel1.win32_1.0.0.202411081344/tools/bin/../lib/gcc/arm-none-eabi/13.3.1/thumb/v7-m/nofp/crti.o
 .ARM.attributes
                0x0000001d       0x2d C:/ST/STM32CubeIDE_1.18.1/STM32CubeIDE/plugins/com.st.stm32cube.ide.mcu.externaltools.gnu-tools-for-stm32.13.3.rel1.win32_1.0.0.202411081344/tools/bin/../lib/gcc/arm-none-eabi/13.3.1/thumb/v7-m/nofp/crtbegin.o
 .ARM.attributes
                0x0000004a       0x2d ./Core/Src/adc.o
 .ARM.attributes
                0x00000077       0x2d ./Core/Src/adc_settings.o
 .ARM.attributes
                0x000000a4       0x2d ./Core/Src/can.o
 .ARM.attributes
                0x000000d1       0x2d ./Core/Src/can_write.o
 .ARM.attributes
                0x000000fe       0x2d ./Core/Src/freertos.o
 .ARM.attributes
                0x0000012b       0x2d ./Core/Src/gpio.o
 .ARM.attributes
                0x00000158       0x2d ./Core/Src/main.o
 .ARM.attributes
                0x00000185       0x2d ./Core/Src/sensors.o
 .ARM.attributes
                0x000001b2       0x2d ./Core/Src/stm32f1xx_hal_msp.o
 .ARM.attributes
                0x000001df       0x2d ./Core/Src/stm32f1xx_hal_timebase_tim.o
 .ARM.attributes
                0x0000020c       0x2d ./Core/Src/stm32f1xx_it.o
 .ARM.attributes
                0x00000239       0x2d ./Core/Src/system_stm32f1xx.o
 .ARM.attributes
                0x00000266       0x2d ./Core/Src/tim.o
 .ARM.attributes
                0x00000293       0x21 ./Core/Startup/startup_stm32f103c8tx.o
 .ARM.attributes
                0x000002b4       0x2d ./Drivers/STM32F1xx_HAL_Driver/Src/stm32f1xx_hal.o
 .ARM.attributes
                0x000002e1       0x2d ./Drivers/STM32F1xx_HAL_Driver/Src/stm32f1xx_hal_adc.o
 .ARM.attributes
                0x0000030e       0x2d ./Drivers/STM32F1xx_HAL_Driver/Src/stm32f1xx_hal_can.o
 .ARM.attributes
                0x0000033b       0x2d ./Drivers/STM32F1xx_HAL_Driver/Src/stm32f1xx_hal_cortex.o
 .ARM.attributes
                0x00000368       0x2d ./Drivers/STM32F1xx_HAL_Driver/Src/stm32f1xx_hal_gpio.o
 .ARM.attributes
                0x00000395       0x2d ./Drivers/STM32F1xx_HAL_Driver/Src/stm32f1xx_hal_rcc.o
 .ARM.attributes
                0x000003c2       0x2d ./Drivers/STM32F1xx_HAL_Driver/Src/stm32f1xx_hal_rcc_ex.o
 .ARM.attributes
                0x000003ef       0x2d ./Drivers/STM32F1xx_HAL_Driver/Src/stm32f1xx_hal_tim.o
 .ARM.attributes
                0x0000041c       0x2d ./Drivers/STM32F1xx_HAL_Driver/Src/stm32f1xx_hal_tim_ex.o
 .ARM.attributes
                0x00000449       0x2d ./Middlewares/Third_Party/FreeRTOS/Source/CMSIS_RTOS_V2/cmsis_os2.o
 .ARM.attributes
                0x00000476       0x2d ./Middlewares/Third_Party/FreeRTOS/Source/list.o
 .ARM.attributes
                0x000004a3       0x2d ./Middlewares/Third_Party/FreeRTOS/Source/queue.o
 .ARM.attributes
                0x000004d0       0x2d ./Middlewares/Third_Party/FreeRTOS/Source/tasks.o
 .ARM.attributes
                0x000004fd       0x2d ./Middlewares/Third_Party/FreeRTOS/Source/timers.o
 .ARM.attributes
                0x0000052a       0x2d ./Middlewares/Third_Party/FreeRTOS/Source/portable/GCC/ARM_CM3/port.o
 .ARM.attributes
                0x00000557       0x2d ./Middlewares/Third_Party/FreeRTOS/Source/portable/MemMang/heap_4.o
 .ARM.attributes
                0x00000584       0x2d C:/ST/STM32CubeIDE_1.18.1/STM32CubeIDE/plugins/com.st.stm32cube.ide.mcu.externaltools.gnu-tools-for-stm32.13.3.rel1.win32_1.0.0.202411081344/tools/bin/../lib/gcc/arm-none-eabi/13.3.1/../../../../arm-none-eabi/lib/thumb/v7-m/nofp\libc_nano.a(libc_a-findfp.o)
 .ARM.attributes
                0x000005b1       0x2d C:/ST/STM32CubeIDE_1.18.1/STM32CubeIDE/plugins/com.st.stm32cube.ide.mcu.externaltools.gnu-tools-for-stm32.13.3.rel1.win32_1.0.0.202411081344/tools/bin/../lib/gcc/arm-none-eabi/13.3.1/../../../../arm-none-eabi/lib/thumb/v7-m/nofp\libc_nano.a(libc_a-memset.o)
 .ARM.attributes
                0x000005de       0x2d C:/ST/STM32CubeIDE_1.18.1/STM32CubeIDE/plugins/com.st.stm32cube.ide.mcu.externaltools.gnu-tools-for-stm32.13.3.rel1.win32_1.0.0.202411081344/tools/bin/../lib/gcc/arm-none-eabi/13.3.1/../../../../arm-none-eabi/lib/thumb/v7-m/nofp\libc_nano.a(libc_a-reent.o)
 .ARM.attributes
                0x0000060b       0x2d C:/ST/STM32CubeIDE_1.18.1/STM32CubeIDE/plugins/com.st.stm32cube.ide.mcu.externaltools.gnu-tools-for-stm32.13.3.rel1.win32_1.0.0.202411081344/tools/bin/../lib/gcc/arm-none-eabi/13.3.1/../../../../arm-none-eabi/lib/thumb/v7-m/nofp\libc_nano.a(libc_a-impure.o)
 .ARM.attributes
                0x00000638       0x2d C:/ST/STM32CubeIDE_1.18.1/STM32CubeIDE/plugins/com.st.stm32cube.ide.mcu.externaltools.gnu-tools-for-stm32.13.3.rel1.win32_1.0.0.202411081344/tools/bin/../lib/gcc/arm-none-eabi/13.3.1/../../../../arm-none-eabi/lib/thumb/v7-m/nofp\libc_nano.a(libc_a-init.o)
 .ARM.attributes
                0x00000665       0x2d C:/ST/STM32CubeIDE_1.18.1/STM32CubeIDE/plugins/com.st.stm32cube.ide.mcu.externaltools.gnu-tools-for-stm32.13.3.rel1.win32_1.0.0.202411081344/tools/bin/../lib/gcc/arm-none-eabi/13.3.1/../../../../arm-none-eabi/lib/thumb/v7-m/nofp\libc_nano.a(libc_a-lock.o)
 .ARM.attributes
                0x00000692       0x2d C:/ST/STM32CubeIDE_1.18.1/STM32CubeIDE/plugins/com.st.stm32cube.ide.mcu.externaltools.gnu-tools-for-stm32.13.3.rel1.win32_1.0.0.202411081344/tools/bin/../lib/gcc/arm-none-eabi/13.3.1/../../../../arm-none-eabi/lib/thumb/v7-m/nofp\libc_nano.a(libc_a-memcpy-stub.o)
 .ARM.attributes
                0x000006bf       0x2d C:/ST/STM32CubeIDE_1.18.1/STM32CubeIDE/plugins/com.st.stm32cube.ide.mcu.externaltools.gnu-tools-for-stm32.13.3.rel1.win32_1.0.0.202411081344/tools/bin/../lib/gcc/arm-none-eabi/13.3.1/../../../../arm-none-eabi/lib/thumb/v7-m/nofp\libc_nano.a(libc_a-freer.o)
 .ARM.attributes
                0x000006ec       0x2d C:/ST/STM32CubeIDE_1.18.1/STM32CubeIDE/plugins/com.st.stm32cube.ide.mcu.externaltools.gnu-tools-for-stm32.13.3.rel1.win32_1.0.0.202411081344/tools/bin/../lib/gcc/arm-none-eabi/13.3.1/../../../../arm-none-eabi/lib/thumb/v7-m/nofp\libc_nano.a(libc_a-mallocr.o)
 .ARM.attributes
                0x00000719       0x2d C:/ST/STM32CubeIDE_1.18.1/STM32CubeIDE/plugins/com.st.stm32cube.ide.mcu.externaltools.gnu-tools-for-stm32.13.3.rel1.win32_1.0.0.202411081344/tools/bin/../lib/gcc/arm-none-eabi/13.3.1/../../../../arm-none-eabi/lib/thumb/v7-m/nofp\libc_nano.a(libc_a-mlock.o)
 .ARM.attributes
                0x00000746       0x1d C:/ST/STM32CubeIDE_1.18.1/STM32CubeIDE/plugins/com.st.stm32cube.ide.mcu.externaltools.gnu-tools-for-stm32.13.3.rel1.win32_1.0.0.202411081344/tools/bin/../lib/gcc/arm-none-eabi/13.3.1/thumb/v7-m/nofp/crtn.o
OUTPUT(Data_Acquisition.elf elf32-littlearm)
LOAD linker stubs
LOAD C:/ST/STM32CubeIDE_1.18.1/STM32CubeIDE/plugins/com.st.stm32cube.ide.mcu.externaltools.gnu-tools-for-stm32.13.3.rel1.win32_1.0.0.202411081344/tools/bin/../lib/gcc/arm-none-eabi/13.3.1/../../../../arm-none-eabi/lib/thumb/v7-m/nofp\libc.a
LOAD C:/ST/STM32CubeIDE_1.18.1/STM32CubeIDE/plugins/com.st.stm32cube.ide.mcu.externaltools.gnu-tools-for-stm32.13.3.rel1.win32_1.0.0.202411081344/tools/bin/../lib/gcc/arm-none-eabi/13.3.1/../../../../arm-none-eabi/lib/thumb/v7-m/nofp\libm.a
LOAD C:/ST/STM32CubeIDE_1.18.1/STM32CubeIDE/plugins/com.st.stm32cube.ide.mcu.externaltools.gnu-tools-for-stm32.13.3.rel1.win32_1.0.0.202411081344/tools/bin/../lib/gcc/arm-none-eabi/13.3.1/thumb/v7-m/nofp\libgcc.a

.debug_info     0x00000000    0x18975
 .debug_info    0x00000000      0x825 ./Core/Src/adc.o
 .debug_info    0x00000825      0xd1c ./Core/Src/adc_settings.o
 .debug_info    0x00001541      0x6d6 ./Core/Src/can.o
 .debug_info    0x00001c17      0x6ca ./Core/Src/can_write.o
 .debug_info    0x000022e1      0x825 ./Core/Src/freertos.o
 .debug_info    0x00002b06      0x2b7 ./Core/Src/gpio.o
 .debug_info    0x00002dbd      0xd33 ./Core/Src/main.o
 .debug_info    0x00003af0      0x8a6 ./Core/Src/sensors.o
 .debug_info    0x00004396      0x361 ./Core/Src/stm32f1xx_hal_msp.o
 .debug_info    0x000046f7      0x9a8 ./Core/Src/stm32f1xx_hal_timebase_tim.o
 .debug_info    0x0000509f      0x66a ./Core/Src/stm32f1xx_it.o
 .debug_info    0x00005709      0x222 ./Core/Src/system_stm32f1xx.o
 .debug_info    0x0000592b      0x82a ./Core/Src/tim.o
 .debug_info    0x00006155       0x30 ./Core/Startup/startup_stm32f103c8tx.o
 .debug_info    0x00006185      0x704 ./Drivers/STM32F1xx_HAL_Driver/Src/stm32f1xx_hal.o
 .debug_info    0x00006889      0xc50 ./Drivers/STM32F1xx_HAL_Driver/Src/stm32f1xx_hal_adc.o
 .debug_info    0x000074d9      0xf13 ./Drivers/STM32F1xx_HAL_Driver/Src/stm32f1xx_hal_can.o
 .debug_info    0x000083ec      0xa87 ./Drivers/STM32F1xx_HAL_Driver/Src/stm32f1xx_hal_cortex.o
 .debug_info    0x00008e73      0x5ab ./Drivers/STM32F1xx_HAL_Driver/Src/stm32f1xx_hal_gpio.o
 .debug_info    0x0000941e      0x7d5 ./Drivers/STM32F1xx_HAL_Driver/Src/stm32f1xx_hal_rcc.o
 .debug_info    0x00009bf3      0x3c0 ./Drivers/STM32F1xx_HAL_Driver/Src/stm32f1xx_hal_rcc_ex.o
 .debug_info    0x00009fb3     0x2959 ./Drivers/STM32F1xx_HAL_Driver/Src/stm32f1xx_hal_tim.o
 .debug_info    0x0000c90c     0x149b ./Drivers/STM32F1xx_HAL_Driver/Src/stm32f1xx_hal_tim_ex.o
 .debug_info    0x0000dda7     0x402c ./Middlewares/Third_Party/FreeRTOS/Source/CMSIS_RTOS_V2/cmsis_os2.o
 .debug_info    0x00011dd3      0x2af ./Middlewares/Third_Party/FreeRTOS/Source/list.o
 .debug_info    0x00012082     0x1b79 ./Middlewares/Third_Party/FreeRTOS/Source/queue.o
 .debug_info    0x00013bfb     0x28c1 ./Middlewares/Third_Party/FreeRTOS/Source/tasks.o
 .debug_info    0x000164bc     0x1b50 ./Middlewares/Third_Party/FreeRTOS/Source/timers.o
 .debug_info    0x0001800c      0x494 ./Middlewares/Third_Party/FreeRTOS/Source/portable/GCC/ARM_CM3/port.o
 .debug_info    0x000184a0      0x4d5 ./Middlewares/Third_Party/FreeRTOS/Source/portable/MemMang/heap_4.o

.debug_abbrev   0x00000000     0x4143
 .debug_abbrev  0x00000000      0x1e5 ./Core/Src/adc.o
 .debug_abbrev  0x000001e5      0x27a ./Core/Src/adc_settings.o
 .debug_abbrev  0x0000045f      0x213 ./Core/Src/can.o
 .debug_abbrev  0x00000672      0x1c7 ./Core/Src/can_write.o
 .debug_abbrev  0x00000839      0x1f3 ./Core/Src/freertos.o
 .debug_abbrev  0x00000a2c      0x13f ./Core/Src/gpio.o
 .debug_abbrev  0x00000b6b      0x2b4 ./Core/Src/main.o
 .debug_abbrev  0x00000e1f      0x141 ./Core/Src/sensors.o
 .debug_abbrev  0x00000f60      0x11c ./Core/Src/stm32f1xx_hal_msp.o
 .debug_abbrev  0x0000107c      0x1f3 ./Core/Src/stm32f1xx_hal_timebase_tim.o
 .debug_abbrev  0x0000126f      0x17c ./Core/Src/stm32f1xx_it.o
 .debug_abbrev  0x000013eb      0x13f ./Core/Src/system_stm32f1xx.o
 .debug_abbrev  0x0000152a      0x1ef ./Core/Src/tim.o
 .debug_abbrev  0x00001719       0x24 ./Core/Startup/startup_stm32f103c8tx.o
 .debug_abbrev  0x0000173d      0x201 ./Drivers/STM32F1xx_HAL_Driver/Src/stm32f1xx_hal.o
 .debug_abbrev  0x0000193e      0x225 ./Drivers/STM32F1xx_HAL_Driver/Src/stm32f1xx_hal_adc.o
 .debug_abbrev  0x00001b63      0x21c ./Drivers/STM32F1xx_HAL_Driver/Src/stm32f1xx_hal_can.o
 .debug_abbrev  0x00001d7f      0x2f8 ./Drivers/STM32F1xx_HAL_Driver/Src/stm32f1xx_hal_cortex.o
 .debug_abbrev  0x00002077      0x1ca ./Drivers/STM32F1xx_HAL_Driver/Src/stm32f1xx_hal_gpio.o
 .debug_abbrev  0x00002241      0x2b3 ./Drivers/STM32F1xx_HAL_Driver/Src/stm32f1xx_hal_rcc.o
 .debug_abbrev  0x000024f4      0x188 ./Drivers/STM32F1xx_HAL_Driver/Src/stm32f1xx_hal_rcc_ex.o
 .debug_abbrev  0x0000267c      0x277 ./Drivers/STM32F1xx_HAL_Driver/Src/stm32f1xx_hal_tim.o
 .debug_abbrev  0x000028f3      0x282 ./Drivers/STM32F1xx_HAL_Driver/Src/stm32f1xx_hal_tim_ex.o
 .debug_abbrev  0x00002b75      0x548 ./Middlewares/Third_Party/FreeRTOS/Source/CMSIS_RTOS_V2/cmsis_os2.o
 .debug_abbrev  0x000030bd       0xf5 ./Middlewares/Third_Party/FreeRTOS/Source/list.o
 .debug_abbrev  0x000031b2      0x3b6 ./Middlewares/Third_Party/FreeRTOS/Source/queue.o
 .debug_abbrev  0x00003568      0x3fe ./Middlewares/Third_Party/FreeRTOS/Source/tasks.o
 .debug_abbrev  0x00003966      0x368 ./Middlewares/Third_Party/FreeRTOS/Source/timers.o
 .debug_abbrev  0x00003cce      0x258 ./Middlewares/Third_Party/FreeRTOS/Source/portable/GCC/ARM_CM3/port.o
 .debug_abbrev  0x00003f26      0x21d ./Middlewares/Third_Party/FreeRTOS/Source/portable/MemMang/heap_4.o

.debug_aranges  0x00000000     0x1528
 .debug_aranges
                0x00000000       0x38 ./Core/Src/adc.o
 .debug_aranges
                0x00000038       0x58 ./Core/Src/adc_settings.o
 .debug_aranges
                0x00000090       0x30 ./Core/Src/can.o
 .debug_aranges
                0x000000c0       0x28 ./Core/Src/can_write.o
 .debug_aranges
                0x000000e8       0x28 ./Core/Src/freertos.o
 .debug_aranges
                0x00000110       0x20 ./Core/Src/gpio.o
 .debug_aranges
                0x00000130       0x38 ./Core/Src/main.o
 .debug_aranges
                0x00000168       0x38 ./Core/Src/sensors.o
 .debug_aranges
                0x000001a0       0x20 ./Core/Src/stm32f1xx_hal_msp.o
 .debug_aranges
                0x000001c0       0x30 ./Core/Src/stm32f1xx_hal_timebase_tim.o
 .debug_aranges
                0x000001f0       0x50 ./Core/Src/stm32f1xx_it.o
 .debug_aranges
                0x00000240       0x28 ./Core/Src/system_stm32f1xx.o
 .debug_aranges
                0x00000268       0x30 ./Core/Src/tim.o
 .debug_aranges
                0x00000298       0x28 ./Core/Startup/startup_stm32f103c8tx.o
 .debug_aranges
                0x000002c0       0xe0 ./Drivers/STM32F1xx_HAL_Driver/Src/stm32f1xx_hal.o
 .debug_aranges
                0x000003a0       0xf0 ./Drivers/STM32F1xx_HAL_Driver/Src/stm32f1xx_hal_adc.o
 .debug_aranges
                0x00000490      0x138 ./Drivers/STM32F1xx_HAL_Driver/Src/stm32f1xx_hal_can.o
 .debug_aranges
                0x000005c8      0x100 ./Drivers/STM32F1xx_HAL_Driver/Src/stm32f1xx_hal_cortex.o
 .debug_aranges
                0x000006c8       0x58 ./Drivers/STM32F1xx_HAL_Driver/Src/stm32f1xx_hal_gpio.o
 .debug_aranges
                0x00000720       0x90 ./Drivers/STM32F1xx_HAL_Driver/Src/stm32f1xx_hal_rcc.o
 .debug_aranges
                0x000007b0       0x30 ./Drivers/STM32F1xx_HAL_Driver/Src/stm32f1xx_hal_rcc_ex.o
 .debug_aranges
                0x000007e0      0x3d0 ./Drivers/STM32F1xx_HAL_Driver/Src/stm32f1xx_hal_tim.o
 .debug_aranges
                0x00000bb0      0x168 ./Drivers/STM32F1xx_HAL_Driver/Src/stm32f1xx_hal_tim_ex.o
 .debug_aranges
                0x00000d18      0x2b0 ./Middlewares/Third_Party/FreeRTOS/Source/CMSIS_RTOS_V2/cmsis_os2.o
 .debug_aranges
                0x00000fc8       0x40 ./Middlewares/Third_Party/FreeRTOS/Source/list.o
 .debug_aranges
                0x00001008      0x158 ./Middlewares/Third_Party/FreeRTOS/Source/queue.o
 .debug_aranges
                0x00001160      0x208 ./Middlewares/Third_Party/FreeRTOS/Source/tasks.o
 .debug_aranges
                0x00001368       0xf0 ./Middlewares/Third_Party/FreeRTOS/Source/timers.o
 .debug_aranges
                0x00001458       0x78 ./Middlewares/Third_Party/FreeRTOS/Source/portable/GCC/ARM_CM3/port.o
 .debug_aranges
                0x000014d0       0x58 ./Middlewares/Third_Party/FreeRTOS/Source/portable/MemMang/heap_4.o

.debug_rnglists
                0x00000000     0x1031
 .debug_rnglists
                0x00000000       0x26 ./Core/Src/adc.o
 .debug_rnglists
                0x00000026       0x43 ./Core/Src/adc_settings.o
 .debug_rnglists
                0x00000069       0x20 ./Core/Src/can.o
 .debug_rnglists
                0x00000089       0x27 ./Core/Src/can_write.o
 .debug_rnglists
                0x000000b0       0x1b ./Core/Src/freertos.o
 .debug_rnglists
                0x000000cb       0x14 ./Core/Src/gpio.o
 .debug_rnglists
                0x000000df       0x26 ./Core/Src/main.o
 .debug_rnglists
                0x00000105       0x26 ./Core/Src/sensors.o
 .debug_rnglists
                0x0000012b       0x13 ./Core/Src/stm32f1xx_hal_msp.o
 .debug_rnglists
                0x0000013e       0x20 ./Core/Src/stm32f1xx_hal_timebase_tim.o
 .debug_rnglists
                0x0000015e       0x37 ./Core/Src/stm32f1xx_it.o
 .debug_rnglists
                0x00000195       0x1a ./Core/Src/system_stm32f1xx.o
 .debug_rnglists
                0x000001af       0x20 ./Core/Src/tim.o
 .debug_rnglists
                0x000001cf       0x19 ./Core/Startup/startup_stm32f103c8tx.o
 .debug_rnglists
                0x000001e8       0xa3 ./Drivers/STM32F1xx_HAL_Driver/Src/stm32f1xx_hal.o
 .debug_rnglists
                0x0000028b       0xbc ./Drivers/STM32F1xx_HAL_Driver/Src/stm32f1xx_hal_adc.o
 .debug_rnglists
                0x00000347       0xed ./Drivers/STM32F1xx_HAL_Driver/Src/stm32f1xx_hal_can.o
 .debug_rnglists
                0x00000434       0xbb ./Drivers/STM32F1xx_HAL_Driver/Src/stm32f1xx_hal_cortex.o
 .debug_rnglists
                0x000004ef       0x3f ./Drivers/STM32F1xx_HAL_Driver/Src/stm32f1xx_hal_gpio.o
 .debug_rnglists
                0x0000052e       0x6c ./Drivers/STM32F1xx_HAL_Driver/Src/stm32f1xx_hal_rcc.o
 .debug_rnglists
                0x0000059a       0x21 ./Drivers/STM32F1xx_HAL_Driver/Src/stm32f1xx_hal_rcc_ex.o
 .debug_rnglists
                0x000005bb      0x31a ./Drivers/STM32F1xx_HAL_Driver/Src/stm32f1xx_hal_tim.o
 .debug_rnglists
                0x000008d5      0x125 ./Drivers/STM32F1xx_HAL_Driver/Src/stm32f1xx_hal_tim_ex.o
 .debug_rnglists
                0x000009fa      0x212 ./Middlewares/Third_Party/FreeRTOS/Source/CMSIS_RTOS_V2/cmsis_os2.o
 .debug_rnglists
                0x00000c0c       0x2b ./Middlewares/Third_Party/FreeRTOS/Source/list.o
 .debug_rnglists
                0x00000c37      0x109 ./Middlewares/Third_Party/FreeRTOS/Source/queue.o
 .debug_rnglists
                0x00000d40      0x1a0 ./Middlewares/Third_Party/FreeRTOS/Source/tasks.o
 .debug_rnglists
                0x00000ee0       0xb8 ./Middlewares/Third_Party/FreeRTOS/Source/timers.o
 .debug_rnglists
                0x00000f98       0x57 ./Middlewares/Third_Party/FreeRTOS/Source/portable/GCC/ARM_CM3/port.o
 .debug_rnglists
                0x00000fef       0x42 ./Middlewares/Third_Party/FreeRTOS/Source/portable/MemMang/heap_4.o

.debug_macro    0x00000000    0x1b7db
 .debug_macro   0x00000000      0x1cb ./Core/Src/adc.o
 .debug_macro   0x000001cb      0xacc ./Core/Src/adc.o
 .debug_macro   0x00000c97      0x221 ./Core/Src/adc.o
 .debug_macro   0x00000eb8       0x2e ./Core/Src/adc.o
 .debug_macro   0x00000ee6       0x22 ./Core/Src/adc.o
 .debug_macro   0x00000f08       0x22 ./Core/Src/adc.o
 .debug_macro   0x00000f2a       0x8e ./Core/Src/adc.o
 .debug_macro   0x00000fb8       0x51 ./Core/Src/adc.o
 .debug_macro   0x00001009      0x103 ./Core/Src/adc.o
 .debug_macro   0x0000110c       0x6a ./Core/Src/adc.o
 .debug_macro   0x00001176      0x1df ./Core/Src/adc.o
 .debug_macro   0x00001355       0x1c ./Core/Src/adc.o
 .debug_macro   0x00001371       0x22 ./Core/Src/adc.o
 .debug_macro   0x00001393       0xbd ./Core/Src/adc.o
 .debug_macro   0x00001450      0xd23 ./Core/Src/adc.o
 .debug_macro   0x00002173     0xe09e ./Core/Src/adc.o
 .debug_macro   0x00010211       0x6d ./Core/Src/adc.o
 .debug_macro   0x0001027e     0x34a2 ./Core/Src/adc.o
 .debug_macro   0x00013720      0x190 ./Core/Src/adc.o
 .debug_macro   0x000138b0       0x5c ./Core/Src/adc.o
 .debug_macro   0x0001390c      0x5bc ./Core/Src/adc.o
 .debug_macro   0x00013ec8      0x289 ./Core/Src/adc.o
 .debug_macro   0x00014151      0x1cb ./Core/Src/adc.o
 .debug_macro   0x0001431c      0x114 ./Core/Src/adc.o
 .debug_macro   0x00014430      0x1b2 ./Core/Src/adc.o
 .debug_macro   0x000145e2       0x27 ./Core/Src/adc.o
 .debug_macro   0x00014609      0x136 ./Core/Src/adc.o
 .debug_macro   0x0001473f      0x1bc ./Core/Src/adc.o
 .debug_macro   0x000148fb       0x34 ./Core/Src/adc.o
 .debug_macro   0x0001492f       0x3c ./Core/Src/adc.o
 .debug_macro   0x0001496b      0x408 ./Core/Src/adc.o
 .debug_macro   0x00014d73       0x57 ./Core/Src/adc.o
 .debug_macro   0x00014dca      0x46a ./Core/Src/adc.o
 .debug_macro   0x00015234      0x1b5 ./Core/Src/adc.o
 .debug_macro   0x000153e9       0x87 ./Core/Src/adc.o
 .debug_macro   0x00015470      0x240 ./Core/Src/adc.o
 .debug_macro   0x000156b0      0x140 ./Core/Src/adc.o
 .debug_macro   0x000157f0      0x8ed ./Core/Src/adc.o
 .debug_macro   0x000160dd       0x83 ./Core/Src/adc.o
 .debug_macro   0x00016160      0x1de ./Core/Src/adc_settings.o
 .debug_macro   0x0001633e      0x17e ./Core/Src/adc_settings.o
 .debug_macro   0x000164bc      0x1cb ./Core/Src/can.o
 .debug_macro   0x00016687      0x1d5 ./Core/Src/can_write.o
 .debug_macro   0x0001685c      0x359 ./Core/Src/freertos.o
 .debug_macro   0x00016bb5      0x137 ./Core/Src/freertos.o
 .debug_macro   0x00016cec      0x15a ./Core/Src/freertos.o
 .debug_macro   0x00016e46       0xc9 ./Core/Src/freertos.o
 .debug_macro   0x00016f0f       0x1c ./Core/Src/freertos.o
 .debug_macro   0x00016f2b       0x26 ./Core/Src/freertos.o
 .debug_macro   0x00016f51       0x61 ./Core/Src/freertos.o
 .debug_macro   0x00016fb2       0x24 ./Core/Src/freertos.o
 .debug_macro   0x00016fd6       0x43 ./Core/Src/freertos.o
 .debug_macro   0x00017019       0x34 ./Core/Src/freertos.o
 .debug_macro   0x0001704d      0x370 ./Core/Src/freertos.o
 .debug_macro   0x000173bd       0x16 ./Core/Src/freertos.o
 .debug_macro   0x000173d3       0x4a ./Core/Src/freertos.o
 .debug_macro   0x0001741d       0x34 ./Core/Src/freertos.o
 .debug_macro   0x00017451       0x10 ./Core/Src/freertos.o
 .debug_macro   0x00017461       0x58 ./Core/Src/freertos.o
 .debug_macro   0x000174b9       0x8e ./Core/Src/freertos.o
 .debug_macro   0x00017547       0x1c ./Core/Src/freertos.o
 .debug_macro   0x00017563      0x185 ./Core/Src/freertos.o
 .debug_macro   0x000176e8       0x10 ./Core/Src/freertos.o
 .debug_macro   0x000176f8       0x3c ./Core/Src/freertos.o
 .debug_macro   0x00017734      0x4d4 ./Core/Src/freertos.o
 .debug_macro   0x00017c08       0xb5 ./Core/Src/freertos.o
 .debug_macro   0x00017cbd       0xaa ./Core/Src/freertos.o
 .debug_macro   0x00017d67       0x56 ./Core/Src/freertos.o
 .debug_macro   0x00017dbd       0x6c ./Core/Src/freertos.o
 .debug_macro   0x00017e29       0x74 ./Core/Src/freertos.o
 .debug_macro   0x00017e9d       0xdd ./Core/Src/freertos.o
 .debug_macro   0x00017f7a       0x1c ./Core/Src/freertos.o
 .debug_macro   0x00017f96       0x10 ./Core/Src/freertos.o
 .debug_macro   0x00017fa6       0x1c ./Core/Src/freertos.o
 .debug_macro   0x00017fc2       0x16 ./Core/Src/freertos.o
 .debug_macro   0x00017fd8      0x146 ./Core/Src/freertos.o
 .debug_macro   0x0001811e       0x88 ./Core/Src/freertos.o
 .debug_macro   0x000181a6      0x1cb ./Core/Src/gpio.o
 .debug_macro   0x00018371      0x340 ./Core/Src/main.o
 .debug_macro   0x000186b1      0x137 ./Core/Src/main.o
 .debug_macro   0x000187e8       0x66 ./Core/Src/main.o
 .debug_macro   0x0001884e      0x1cf ./Core/Src/sensors.o
 .debug_macro   0x00018a1d       0x82 ./Core/Src/sensors.o
 .debug_macro   0x00018a9f      0x1c1 ./Core/Src/stm32f1xx_hal_msp.o
 .debug_macro   0x00018c60      0x1b7 ./Core/Src/stm32f1xx_hal_timebase_tim.o
 .debug_macro   0x00018e17      0x1cb ./Core/Src/stm32f1xx_it.o
 .debug_macro   0x00018fe2      0x1b7 ./Core/Src/system_stm32f1xx.o
 .debug_macro   0x00019199      0x1cb ./Core/Src/tim.o
 .debug_macro   0x00019364      0x1db ./Drivers/STM32F1xx_HAL_Driver/Src/stm32f1xx_hal.o
 .debug_macro   0x0001953f      0x1d4 ./Drivers/STM32F1xx_HAL_Driver/Src/stm32f1xx_hal_adc.o
 .debug_macro   0x00019713      0x1c6 ./Drivers/STM32F1xx_HAL_Driver/Src/stm32f1xx_hal_can.o
 .debug_macro   0x000198d9      0x1b7 ./Drivers/STM32F1xx_HAL_Driver/Src/stm32f1xx_hal_cortex.o
 .debug_macro   0x00019a90      0x222 ./Drivers/STM32F1xx_HAL_Driver/Src/stm32f1xx_hal_gpio.o
 .debug_macro   0x00019cb2      0x1c9 ./Drivers/STM32F1xx_HAL_Driver/Src/stm32f1xx_hal_rcc.o
 .debug_macro   0x00019e7b      0x1b7 ./Drivers/STM32F1xx_HAL_Driver/Src/stm32f1xx_hal_rcc_ex.o
 .debug_macro   0x0001a032      0x1b8 ./Drivers/STM32F1xx_HAL_Driver/Src/stm32f1xx_hal_tim.o
 .debug_macro   0x0001a1ea      0x1b7 ./Drivers/STM32F1xx_HAL_Driver/Src/stm32f1xx_hal_tim_ex.o
 .debug_macro   0x0001a3a1      0x3c5 ./Middlewares/Third_Party/FreeRTOS/Source/CMSIS_RTOS_V2/cmsis_os2.o
 .debug_macro   0x0001a766       0x10 ./Middlewares/Third_Party/FreeRTOS/Source/CMSIS_RTOS_V2/cmsis_os2.o
 .debug_macro   0x0001a776       0x20 ./Middlewares/Third_Party/FreeRTOS/Source/CMSIS_RTOS_V2/cmsis_os2.o
 .debug_macro   0x0001a796       0x10 ./Middlewares/Third_Party/FreeRTOS/Source/CMSIS_RTOS_V2/cmsis_os2.o
 .debug_macro   0x0001a7a6       0xb7 ./Middlewares/Third_Party/FreeRTOS/Source/CMSIS_RTOS_V2/cmsis_os2.o
 .debug_macro   0x0001a85d       0x16 ./Middlewares/Third_Party/FreeRTOS/Source/CMSIS_RTOS_V2/cmsis_os2.o
 .debug_macro   0x0001a873       0x91 ./Middlewares/Third_Party/FreeRTOS/Source/CMSIS_RTOS_V2/cmsis_os2.o
 .debug_macro   0x0001a904       0x8d ./Middlewares/Third_Party/FreeRTOS/Source/CMSIS_RTOS_V2/cmsis_os2.o
 .debug_macro   0x0001a991       0x9a ./Middlewares/Third_Party/FreeRTOS/Source/CMSIS_RTOS_V2/cmsis_os2.o
 .debug_macro   0x0001aa2b       0x22 ./Middlewares/Third_Party/FreeRTOS/Source/CMSIS_RTOS_V2/cmsis_os2.o
 .debug_macro   0x0001aa4d       0x28 ./Middlewares/Third_Party/FreeRTOS/Source/CMSIS_RTOS_V2/cmsis_os2.o
 .debug_macro   0x0001aa75      0x199 ./Middlewares/Third_Party/FreeRTOS/Source/list.o
 .debug_macro   0x0001ac0e      0x228 ./Middlewares/Third_Party/FreeRTOS/Source/queue.o
 .debug_macro   0x0001ae36       0x16 ./Middlewares/Third_Party/FreeRTOS/Source/queue.o
 .debug_macro   0x0001ae4c       0x87 ./Middlewares/Third_Party/FreeRTOS/Source/queue.o
 .debug_macro   0x0001aed3      0x291 ./Middlewares/Third_Party/FreeRTOS/Source/tasks.o
 .debug_macro   0x0001b164       0x10 ./Middlewares/Third_Party/FreeRTOS/Source/tasks.o
 .debug_macro   0x0001b174      0x1ee ./Middlewares/Third_Party/FreeRTOS/Source/timers.o
 .debug_macro   0x0001b362       0x97 ./Middlewares/Third_Party/FreeRTOS/Source/timers.o
 .debug_macro   0x0001b3f9      0x222 ./Middlewares/Third_Party/FreeRTOS/Source/portable/GCC/ARM_CM3/port.o
 .debug_macro   0x0001b61b      0x1c0 ./Middlewares/Third_Party/FreeRTOS/Source/portable/MemMang/heap_4.o

.debug_line     0x00000000    0x197dd
 .debug_line    0x00000000      0x81f ./Core/Src/adc.o
 .debug_line    0x0000081f      0xa87 ./Core/Src/adc_settings.o
 .debug_line    0x000012a6      0x7a4 ./Core/Src/can.o
 .debug_line    0x00001a4a      0x815 ./Core/Src/can_write.o
 .debug_line    0x0000225f      0xd67 ./Core/Src/freertos.o
 .debug_line    0x00002fc6      0x749 ./Core/Src/gpio.o
 .debug_line    0x0000370f      0xabc ./Core/Src/main.o
 .debug_line    0x000041cb      0x81e ./Core/Src/sensors.o
 .debug_line    0x000049e9      0x72e ./Core/Src/stm32f1xx_hal_msp.o
 .debug_line    0x00005117      0x7ab ./Core/Src/stm32f1xx_hal_timebase_tim.o
 .debug_line    0x000058c2      0x7b5 ./Core/Src/stm32f1xx_it.o
 .debug_line    0x00006077      0x7ab ./Core/Src/system_stm32f1xx.o
 .debug_line    0x00006822      0x7a4 ./Core/Src/tim.o
 .debug_line    0x00006fc6       0x78 ./Core/Startup/startup_stm32f103c8tx.o
 .debug_line    0x0000703e      0x9dc ./Drivers/STM32F1xx_HAL_Driver/Src/stm32f1xx_hal.o
 .debug_line    0x00007a1a     0x1001 ./Drivers/STM32F1xx_HAL_Driver/Src/stm32f1xx_hal_adc.o
 .debug_line    0x00008a1b     0x11d5 ./Drivers/STM32F1xx_HAL_Driver/Src/stm32f1xx_hal_can.o
 .debug_line    0x00009bf0      0xba6 ./Drivers/STM32F1xx_HAL_Driver/Src/stm32f1xx_hal_cortex.o
 .debug_line    0x0000a796      0xa39 ./Drivers/STM32F1xx_HAL_Driver/Src/stm32f1xx_hal_gpio.o
 .debug_line    0x0000b1cf      0xe95 ./Drivers/STM32F1xx_HAL_Driver/Src/stm32f1xx_hal_rcc.o
 .debug_line    0x0000c064      0x946 ./Drivers/STM32F1xx_HAL_Driver/Src/stm32f1xx_hal_rcc_ex.o
 .debug_line    0x0000c9aa     0x34ca ./Drivers/STM32F1xx_HAL_Driver/Src/stm32f1xx_hal_tim.o
 .debug_line    0x0000fe74     0x18a0 ./Drivers/STM32F1xx_HAL_Driver/Src/stm32f1xx_hal_tim_ex.o
 .debug_line    0x00011714     0x2509 ./Middlewares/Third_Party/FreeRTOS/Source/CMSIS_RTOS_V2/cmsis_os2.o
 .debug_line    0x00013c1d      0x796 ./Middlewares/Third_Party/FreeRTOS/Source/list.o
 .debug_line    0x000143b3     0x1707 ./Middlewares/Third_Party/FreeRTOS/Source/queue.o
 .debug_line    0x00015aba     0x1cad ./Middlewares/Third_Party/FreeRTOS/Source/tasks.o
 .debug_line    0x00017767      0xdd6 ./Middlewares/Third_Party/FreeRTOS/Source/timers.o
 .debug_line    0x0001853d      0x8f4 ./Middlewares/Third_Party/FreeRTOS/Source/portable/GCC/ARM_CM3/port.o
 .debug_line    0x00018e31      0x9ac ./Middlewares/Third_Party/FreeRTOS/Source/portable/MemMang/heap_4.o

.debug_str      0x00000000    0x9acf1
 .debug_str     0x00000000    0x9acf1 ./Core/Src/adc.o
                              0x88ae5 (size before relaxing)
 .debug_str     0x0009acf1    0x8923a ./Core/Src/adc_settings.o
 .debug_str     0x0009acf1    0x88a03 ./Core/Src/can.o
 .debug_str     0x0009acf1    0x889e6 ./Core/Src/can_write.o
 .debug_str     0x0009acf1    0x91545 ./Core/Src/freertos.o
 .debug_str     0x0009acf1    0x8872d ./Core/Src/gpio.o
 .debug_str     0x0009acf1    0x90eac ./Core/Src/main.o
 .debug_str     0x0009acf1    0x89129 ./Core/Src/sensors.o
 .debug_str     0x0009acf1    0x889a9 ./Core/Src/stm32f1xx_hal_msp.o
 .debug_str     0x0009acf1    0x88fa8 ./Core/Src/stm32f1xx_hal_timebase_tim.o
 .debug_str     0x0009acf1    0x88b84 ./Core/Src/stm32f1xx_it.o
 .debug_str     0x0009acf1    0x886e0 ./Core/Src/system_stm32f1xx.o
 .debug_str     0x0009acf1    0x88cbb ./Core/Src/tim.o
 .debug_str     0x0009acf1       0x7e ./Core/Startup/startup_stm32f103c8tx.o
 .debug_str     0x0009acf1    0x88e13 ./Drivers/STM32F1xx_HAL_Driver/Src/stm32f1xx_hal.o
 .debug_str     0x0009acf1    0x88dc4 ./Drivers/STM32F1xx_HAL_Driver/Src/stm32f1xx_hal_adc.o