Archive member included to satisfy reference by file (symbol)

C:/ST/STM32CubeIDE_1.18.1/STM32CubeIDE/plugins/com.st.stm32cube.ide.mcu.externaltools.gnu-tools-for-stm32.13.3.rel1.win32_1.0.0.202411081344/tools/bin/../lib/gcc/arm-none-eabi/13.3.1/../../../../arm-none-eabi/lib/thumb/v7-m/nofp\libc_nano.a(libc_a-exit.o)
                              C:/ST/STM32CubeIDE_1.18.1/STM32CubeIDE/plugins/com.st.stm32cube.ide.mcu.externaltools.gnu-tools-for-stm32.13.3.rel1.win32_1.0.0.202411081344/tools/bin/../lib/gcc/arm-none-eabi/13.3.1/../../../../arm-none-eabi/lib/thumb/v7-m/nofp/crt0.o (exit)
C:/ST/STM32CubeIDE_1.18.1/STM32CubeIDE/plugins/com.st.stm32cube.ide.mcu.externaltools.gnu-tools-for-stm32.13.3.rel1.win32_1.0.0.202411081344/tools/bin/../lib/gcc/arm-none-eabi/13.3.1/../../../../arm-none-eabi/lib/thumb/v7-m/nofp\libc_nano.a(libc_a-findfp.o)
                              ./Middlewares/Third_Party/FreeRTOS/Source/tasks.o (__sf)
C:/ST/STM32CubeIDE_1.18.1/STM32CubeIDE/plugins/com.st.stm32cube.ide.mcu.externaltools.gnu-tools-for-stm32.13.3.rel1.win32_1.0.0.202411081344/tools/bin/../lib/gcc/arm-none-eabi/13.3.1/../../../../arm-none-eabi/lib/thumb/v7-m/nofp\libc_nano.a(libc_a-fwalk.o)
                              C:/ST/STM32CubeIDE_1.18.1/STM32CubeIDE/plugins/com.st.stm32cube.ide.mcu.externaltools.gnu-tools-for-stm32.13.3.rel1.win32_1.0.0.202411081344/tools/bin/../lib/gcc/arm-none-eabi/13.3.1/../../../../arm-none-eabi/lib/thumb/v7-m/nofp\libc_nano.a(libc_a-findfp.o) (_fwalk_sglue)
C:/ST/STM32CubeIDE_1.18.1/STM32CubeIDE/plugins/com.st.stm32cube.ide.mcu.externaltools.gnu-tools-for-stm32.13.3.rel1.win32_1.0.0.202411081344/tools/bin/../lib/gcc/arm-none-eabi/13.3.1/../../../../arm-none-eabi/lib/thumb/v7-m/nofp\libc_nano.a(libc_a-stdio.o)
                              C:/ST/STM32CubeIDE_1.18.1/STM32CubeIDE/plugins/com.st.stm32cube.ide.mcu.externaltools.gnu-tools-for-stm32.13.3.rel1.win32_1.0.0.202411081344/tools/bin/../lib/gcc/arm-none-eabi/13.3.1/../../../../arm-none-eabi/lib/thumb/v7-m/nofp\libc_nano.a(libc_a-findfp.o) (__sread)
C:/ST/STM32CubeIDE_1.18.1/STM32CubeIDE/plugins/com.st.stm32cube.ide.mcu.externaltools.gnu-tools-for-stm32.13.3.rel1.win32_1.0.0.202411081344/tools/bin/../lib/gcc/arm-none-eabi/13.3.1/../../../../arm-none-eabi/lib/thumb/v7-m/nofp\libc_nano.a(libc_a-memset.o)
                              C:/ST/STM32CubeIDE_1.18.1/STM32CubeIDE/plugins/com.st.stm32cube.ide.mcu.externaltools.gnu-tools-for-stm32.13.3.rel1.win32_1.0.0.202411081344/tools/bin/../lib/gcc/arm-none-eabi/13.3.1/../../../../arm-none-eabi/lib/thumb/v7-m/nofp/crt0.o (memset)
C:/ST/STM32CubeIDE_1.18.1/STM32CubeIDE/plugins/com.st.stm32cube.ide.mcu.externaltools.gnu-tools-for-stm32.13.3.rel1.win32_1.0.0.202411081344/tools/bin/../lib/gcc/arm-none-eabi/13.3.1/../../../../arm-none-eabi/lib/thumb/v7-m/nofp\libc_nano.a(libc_a-closer.o)
                              C:/ST/STM32CubeIDE_1.18.1/STM32CubeIDE/plugins/com.st.stm32cube.ide.mcu.externaltools.gnu-tools-for-stm32.13.3.rel1.win32_1.0.0.202411081344/tools/bin/../lib/gcc/arm-none-eabi/13.3.1/../../../../arm-none-eabi/lib/thumb/v7-m/nofp\libc_nano.a(libc_a-stdio.o) (_close_r)
C:/ST/STM32CubeIDE_1.18.1/STM32CubeIDE/plugins/com.st.stm32cube.ide.mcu.externaltools.gnu-tools-for-stm32.13.3.rel1.win32_1.0.0.202411081344/tools/bin/../lib/gcc/arm-none-eabi/13.3.1/../../../../arm-none-eabi/lib/thumb/v7-m/nofp\libc_nano.a(libc_a-reent.o)
                              ./Middlewares/Third_Party/FreeRTOS/Source/tasks.o (_reclaim_reent)
C:/ST/STM32CubeIDE_1.18.1/STM32CubeIDE/plugins/com.st.stm32cube.ide.mcu.externaltools.gnu-tools-for-stm32.13.3.rel1.win32_1.0.0.202411081344/tools/bin/../lib/gcc/arm-none-eabi/13.3.1/../../../../arm-none-eabi/lib/thumb/v7-m/nofp\libc_nano.a(libc_a-impure.o)
                              ./Middlewares/Third_Party/FreeRTOS/Source/tasks.o (_impure_ptr)
C:/ST/STM32CubeIDE_1.18.1/STM32CubeIDE/plugins/com.st.stm32cube.ide.mcu.externaltools.gnu-tools-for-stm32.13.3.rel1.win32_1.0.0.202411081344/tools/bin/../lib/gcc/arm-none-eabi/13.3.1/../../../../arm-none-eabi/lib/thumb/v7-m/nofp\libc_nano.a(libc_a-lseekr.o)
                              C:/ST/STM32CubeIDE_1.18.1/STM32CubeIDE/plugins/com.st.stm32cube.ide.mcu.externaltools.gnu-tools-for-stm32.13.3.rel1.win32_1.0.0.202411081344/tools/bin/../lib/gcc/arm-none-eabi/13.3.1/../../../../arm-none-eabi/lib/thumb/v7-m/nofp\libc_nano.a(libc_a-stdio.o) (_lseek_r)
C:/ST/STM32CubeIDE_1.18.1/STM32CubeIDE/plugins/com.st.stm32cube.ide.mcu.externaltools.gnu-tools-for-stm32.13.3.rel1.win32_1.0.0.202411081344/tools/bin/../lib/gcc/arm-none-eabi/13.3.1/../../../../arm-none-eabi/lib/thumb/v7-m/nofp\libc_nano.a(libc_a-readr.o)
                              C:/ST/STM32CubeIDE_1.18.1/STM32CubeIDE/plugins/com.st.stm32cube.ide.mcu.externaltools.gnu-tools-for-stm32.13.3.rel1.win32_1.0.0.202411081344/tools/bin/../lib/gcc/arm-none-eabi/13.3.1/../../../../arm-none-eabi/lib/thumb/v7-m/nofp\libc_nano.a(libc_a-stdio.o) (_read_r)
[...]
Memory Configuration

Name             Origin             Length             Attributes
RAM              0x20000000         0x00005000         xrw
FLASH            0x08000000         0x00010000         xr
*default*        0x00000000         0xffffffff

Linker script and memory map

LOAD C:/ST/STM32CubeIDE_1.18.1/STM32CubeIDE/plugins/com.st.stm32cube.ide.mcu.externaltools.gnu-tools-for-stm32.13.3.rel1.win32_1.0.0.202411081344/tools/bin/../lib/gcc/arm-none-eabi/13.3.1/thumb/v7-m/nofp/crti.o
LOAD C:/ST/STM32CubeIDE_1.18.1/STM32CubeIDE/plugins/com.st.stm32cube.ide.mcu.externaltools.gnu-tools-for-stm32.13.3.rel1.win32_1.0.0.202411081344/tools/bin/../lib/gcc/arm-none-eabi/13.3.1/thumb/v7-m/nofp/crtbegin.o
LOAD C:/ST/STM32CubeIDE_1.18.1/STM32CubeIDE/plugins/com.st.stm32cube.ide.mcu.externaltools.gnu-tools-for-stm32.13.3.rel1.win32_1.0.0.202411081344/tools/bin/../lib/gcc/arm-none-eabi/13.3.1/../../../../arm-none-eabi/lib/thumb/v7-m/nofp/crt0.o
LOAD ./Core/Src/adc.o
LOAD ./Core/Src/adc_settings.o
LOAD ./Core/Src/can.o
LOAD ./Core/Src/can_write.o
LOAD ./Core/Src/freertos.o
LOAD ./Core/Src/gpio.o
LOAD ./Core/Src/main.o
LOAD ./Core/Src/sensors.o
LOAD ./Core/Src/stm32f1xx_hal_msp.o
LOAD ./Core/Src/stm32f1xx_hal_timebase_tim.o
LOAD ./Core/Src/stm32f1xx_it.o
LOAD ./Core/Src/syscalls.o
LOAD ./Core/Src/sysmem.o
LOAD ./Core/Src/system_stm32f1xx.o
LOAD ./Core/Src/tim.o
LOAD ./Core/Startup/startup_stm32f103c8tx.o
LOAD ./Drivers/STM32F1xx_HAL_Driver/Src/stm32f1xx_hal.o
LOAD ./Drivers/STM32F1xx_HAL_Driver/Src/stm32f1xx_hal_adc.o
LOAD ./Drivers/STM32F1xx_HAL_Driver/Src/stm32f1xx_hal_adc_ex.o
LOAD ./Drivers/STM32F1xx_HAL_Driver/Src/stm32f1xx_hal_can.o
LOAD ./Drivers/STM32F1xx_HAL_Driver/Src/stm32f1xx_hal_cortex.o
LOAD ./Drivers/STM32F1xx_HAL_Driver/Src/stm32f1xx_hal_dma.o
LOAD ./Drivers/STM32F1xx_HAL_Driver/Src/stm32f1xx_hal_exti.o
LOAD ./Drivers/STM32F1xx_HAL_Driver/Src/stm32f1xx_hal_flash.o
LOAD ./Drivers/STM32F1xx_HAL_Driver/Src/stm32f1xx_hal_flash_ex.o
LOAD ./Drivers/STM32F1xx_HAL_Driver/Src/stm32f1xx_hal_gpio.o
LOAD ./Drivers/STM32F1xx_HAL_Driver/Src/stm32f1xx_hal_gpio_ex.o
LOAD ./Drivers/STM32F1xx_HAL_Driver/Src/stm32f1xx_hal_pwr.o
LOAD ./Drivers/STM32F1xx_HAL_Driver/Src/stm32f1xx_hal_rcc.o
LOAD ./Drivers/STM32F1xx_HAL_Driver/Src/stm32f1xx_hal_rcc_ex.o
LOAD ./Drivers/STM32F1xx_HAL_Driver/Src/stm32f1xx_hal_tim.o
LOAD ./Drivers/STM32F1xx_HAL_Driver/Src/stm32f1xx_hal_tim_ex.o
LOAD ./Middlewares/Third_Party/FreeRTOS/Source/CMSIS_RTOS_V2/cmsis_os2.o
LOAD ./Middlewares/Third_Party/FreeRTOS/Source/croutine.o
LOAD ./Middlewares/Third_Party/FreeRTOS/Source/event_groups.o
LOAD ./Middlewares/Third_Party/FreeRTOS/Source/list.o
LOAD ./Middlewares/Third_Party/FreeRTOS/Source/queue.o
LOAD ./Middlewares/Third_Party/FreeRTOS/Source/stream_buffer.o
LOAD ./Middlewares/Third_Party/FreeRTOS/Source/tasks.o
LOAD ./Middlewares/Third_Party/FreeRTOS/Source/timers.o
LOAD ./Middlewares/Third_Party/FreeRTOS/Source/portable/GCC/ARM_CM3/port.o
LOAD ./Middlewares/Third_Party/FreeRTOS/Source/portable/MemMang/heap_4.o
START GROUP
LOAD C:/ST/STM32CubeIDE_1.18.1/STM32CubeIDE/plugins/com.st.stm32cube.ide.mcu.externaltools.gnu-tools-for-stm32.13.3.rel1.win32_1.0.0.202411081344/tools/bin/../lib/gcc/arm-none-eabi/13.3.1/../../../../arm-none-eabi/lib/thumb/v7-m/nofp\libc_nano.a
LOAD C:/ST/STM32CubeIDE_1.18.1/STM32CubeIDE/plugins/com.st.stm32cube.ide.mcu.externaltools.gnu-tools-for-stm32.13.3.rel1.win32_1.0.0.202411081344/tools/bin/../lib/gcc/arm-none-eabi/13.3.1/../../../../arm-none-eabi/lib/thumb/v7-m/nofp\libm.a
END GROUP
START GROUP
LOAD C:/ST/STM32CubeIDE_1.18.1/STM32CubeIDE/plugins/com.st.stm32cube.ide.mcu.externaltools.gnu-tools-for-stm32.13.3.rel1.win32_1.0.0.202411081344/tools/bin/../lib/gcc/arm-none-eabi/13.3.1/thumb/v7-m/nofp\libgcc.a
LOAD C:/ST/STM32CubeIDE_1.18.1/STM32CubeIDE/plugins/com.st.stm32cube.ide.mcu.externaltools.gnu-tools-for-stm32.13.3.rel1.win32_1.0.0.202411081344/tools/bin/../lib/gcc/arm-none-eabi/13.3.1/../../../../arm-none-eabi/lib/thumb/v7-m/nofp\libc_nano.a
END GROUP
START GROUP
LOAD C:/ST/STM32CubeIDE_1.18.1/STM32CubeIDE/plugins/com.st.stm32cube.ide.mcu.externaltools.gnu-tools-for-stm32.13.3.rel1.win32_1.0.0.202411081344/tools/bin/../lib/gcc/arm-none-eabi/13.3.1/thumb/v7-m/nofp\libgcc.a
LOAD C:/ST/STM32CubeIDE_1.18.1/STM32CubeIDE/plugins/com.st.stm32cube.ide.mcu.externaltools.gnu-tools-for-stm32.13.3.rel1.win32_1.0.0.202411081344/tools/bin/../lib/gcc/arm-none-eabi/13.3.1/../../../../arm-none-eabi/lib/thumb/v7-m/nofp\libc_nano.a
LOAD C:/ST/STM32CubeIDE_1.18.1/STM32CubeIDE/plugins/com.st.stm32cube.ide.mcu.externaltools.gnu-tools-for-stm32.13.3.rel1.win32_1.0.0.202411081344/tools/bin/../lib/gcc/arm-none-eabi/13.3.1/../../../../arm-none-eabi/lib/thumb/v7-m/nofp\libnosys.a
END GROUP
START GROUP
LOAD C:/ST/STM32CubeIDE_1.18.1/STM32CubeIDE/plugins/com.st.stm32cube.ide.mcu.externaltools.gnu-tools-for-stm32.13.3.rel1.win32_1.0.0.202411081344/tools/bin/../lib/gcc/arm-none-eabi/13.3.1/thumb/v7-m/nofp\libgcc.a
LOAD C:/ST/STM32CubeIDE_1.18.1/STM32CubeIDE/plugins/com.st.stm32cube.ide.mcu.externaltools.gnu-tools-for-stm32.13.3.rel1.win32_1.0.0.202411081344/tools/bin/../lib/gcc/arm-none-eabi/13.3.1/../../../../arm-none-eabi/lib/thumb/v7-m/nofp\libc_nano.a
LOAD C:/ST/STM32CubeIDE_1.18.1/STM32CubeIDE/plugins/com.st.stm32cube.ide.mcu.externaltools.gnu-tools-for-stm32.13.3.rel1.win32_1.0.0.202411081344/tools/bin/../lib/gcc/arm-none-eabi/13.3.1/../../../../arm-none-eabi/lib/thumb/v7-m/nofp\libnosys.a
END GROUP
LOAD C:/ST/STM32CubeIDE_1.18.1/STM32CubeIDE/plugins/com.st.stm32cube.ide.mcu.externaltools.gnu-tools-for-stm32.13.3.rel1.win32_1.0.0.202411081344/tools/bin/../lib/gcc/arm-none-eabi/13.3.1/thumb/v7-m/nofp/crtend.o
LOAD C:/ST/STM32CubeIDE_1.18.1/STM32CubeIDE/plugins/com.st.stm32cube.ide.mcu.externaltools.gnu-tools-for-stm32.13.3.rel1.win32_1.0.0.202411081344/tools/bin/../lib/gcc/arm-none-eabi/13.3.1/thumb/v7-m/nofp/crtn.o
                0x20005000                        _estack = (ORIGIN (RAM) + LENGTH (RAM))
                0x00000200                        _Min_Heap_Size = 0x200
                0x00000400                        _Min_Stack_Size = 0x400

.isr_vector     0x08000000      0x10c
                0x08000000                        . = ALIGN (0x4)
 *(.isr_vector)
 .isr_vector    0x08000000      0x10c ./Core/Startup/startup_stm32f103c8tx.o
                0x08000000                g_pfnVectors
                0x0800010c                        . = ALIGN (0x4)

.text           0x08000110     0x720c
                0x08000110                        . = ALIGN (0x4)
 *(.text)
 .text          0x08000110       0x40 C:/ST/STM32CubeIDE_1.18.1/STM32CubeIDE/plugins/com.st.stm32cube.ide.mcu.externaltools.gnu-tools-for-stm32.13.3.rel1.win32_1.0.0.202411081344/tools/bin/../lib/gcc/arm-none-eabi/13.3.1/thumb/v7-m/nofp/crtbegin.o
 .text          0x08000150      0x21c C:/ST/STM32CubeIDE_1.18.1/STM32CubeIDE/plugins/com.st.stm32cube.ide.mcu.externaltools.gnu-tools-for-stm32.13.3.rel1.win32_1.0.0.202411081344/tools/bin/../lib/gcc/arm-none-eabi/13.3.1/thumb/v7-m/nofp\libgcc.a(_arm_addsubsf3.o)
                0x08000150                __aeabi_frsub
                0x08000158                __subsf3
                0x08000158                __aeabi_fsub
                0x0800015c                __aeabi_fadd
                0x0800015c                __addsf3
                0x080002bc                __aeabi_ui2f
                0x080002bc                __floatunsisf
                0x080002c4                __aeabi_i2f
                0x080002c4                __floatsisf
                0x080002e0                __aeabi_ul2f
                0x080002e0                __floatundisf
                0x080002f0                __aeabi_l2f
                0x080002f0                __floatdisf
 .text          0x0800036c      0x2a0 C:/ST/STM32CubeIDE_1.18.1/STM32CubeIDE/plugins/com.st.stm32cube.ide.mcu.externaltools.gnu-tools-for-stm32.13.3.rel1.win32_1.0.0.202411081344/tools/bin/../lib/gcc/arm-none-eabi/13.3.1/thumb/v7-m/nofp\libgcc.a(_arm_muldivsf3.o)
                0x0800036c                __mulsf3
                0x0800036c                __aeabi_fmul
                0x080004d4                __aeabi_fdiv
                0x080004d4                __divsf3
 .text          0x0800060c       0xec C:/ST/STM32CubeIDE_1.18.1/STM32CubeIDE/plugins/com.st.stm32cube.ide.mcu.externaltools.gnu-tools-for-stm32.13.3.rel1.win32_1.0.0.202411081344/tools/bin/../lib/gcc/arm-none-eabi/13.3.1/thumb/v7-m/nofp\libgcc.a(_arm_cmpsf2.o)
                0x0800060c                __gesf2
                0x0800060c                __gtsf2
                0x08000614                __lesf2
                0x08000614                __ltsf2
                0x0800061c                __nesf2
                0x0800061c                __eqsf2
                0x0800061c                __cmpsf2
                0x0800067c                __aeabi_cfrcmple
                0x08000684                __aeabi_cfcmpeq
                0x08000684                __aeabi_cfcmple
                0x08000694                __aeabi_fcmpeq
                0x080006a8                __aeabi_fcmplt
                0x080006bc                __aeabi_fcmple
                0x080006d0                __aeabi_fcmpge
                0x080006e4                __aeabi_fcmpgt
 .text          0x080006f8       0x40 C:/ST/STM32CubeIDE_1.18.1/STM32CubeIDE/plugins/com.st.stm32cube.ide.mcu.externaltools.gnu-tools-for-stm32.13.3.rel1.win32_1.0.0.202411081344/tools/bin/../lib/gcc/arm-none-eabi/13.3.1/thumb/v7-m/nofp\libgcc.a(_arm_fixunssfsi.o)
                0x080006f8                __fixunssfsi
                0x080006f8                __aeabi_f2uiz
 *(.text*)
 .text.MX_ADC1_Init
                0x08000738       0x7c ./Core/Src/adc.o
                0x08000738                MX_ADC1_Init
 .text.MX_ADC2_Init
                0x080007b4       0x7c ./Core/Src/adc.o
                0x080007b4                MX_ADC2_Init
 .text.HAL_ADC_MspInit
                0x08000830       0xcc ./Core/Src/adc.o
                0x08000830                HAL_ADC_MspInit
 .text.setADCChannel1
                0x080008fc      0x11c ./Core/Src/adc_settings.o
                0x080008fc                setADCChannel1
 .text.setADCChannel2
                0x08000a18      0x11c ./Core/Src/adc_settings.o
                0x08000a18                setADCChannel2
 .text.readADCValue1
                0x08000b34       0x94 ./Core/Src/adc_settings.o
                0x08000b34                readADCValue1
 .text.readADCValue2
                0x08000bc8       0x94 ./Core/Src/adc_settings.o
                0x08000bc8                readADCValue2
 .text.readSensor
                0x08000c5c      0x130 ./Core/Src/adc_settings.o
                0x08000c5c                readSensor
 .text.delay_us
                0x08000d8c       0x38 ./Core/Src/adc_settings.o
                0x08000d8c                delay_us
 .text.returnAvgData
                0x08000dc4      0x1a8 ./Core/Src/adc_settings.o
                0x08000dc4                returnAvgData
 .text.setAvgDataEmpty
                0x08000f6c       0x50 ./Core/Src/adc_settings.o
                0x08000f6c                setAvgDataEmpty
 .text.MX_CAN_Init
                0x08000fbc       0x6c ./Core/Src/can.o
                0x08000fbc                MX_CAN_Init
 .text.HAL_CAN_MspInit
                0x08001028       0x98 ./Core/Src/can.o
                0x08001028                HAL_CAN_MspInit
 .text.sendCANString
                0x080010c0      0x12c ./Core/Src/can_write.o
                0x080010c0                sendCANString
 .text.sendCANData
                0x080011ec       0x74 ./Core/Src/can_write.o
                0x080011ec                sendCANData
 .text.MX_FREERTOS_Init
                0x08001260       0xc4 ./Core/Src/freertos.o
                0x08001260                MX_FREERTOS_Init
 .text.sensorTask
                0x08001324      0x59c ./Core/Src/freertos.o
                0x08001324                sensorTask
 .text.MX_GPIO_Init
                0x080018c0       0xc4 ./Core/Src/gpio.o
                0x080018c0                MX_GPIO_Init
 .text.main     0x08001984       0x50 ./Core/Src/main.o
                0x08001984                main
 .text.SystemClock_Config
                0x080019d4       0xb6 ./Core/Src/main.o
                0x080019d4                SystemClock_Config
 *fill*         0x08001a8a        0x2 
 .text.HAL_TIM_PeriodElapsedCallback
                0x08001a8c       0x24 ./Core/Src/main.o
                0x08001a8c                HAL_TIM_PeriodElapsedCallback
 .text.Error_Handler
                0x08001ab0        0xc ./Core/Src/main.o
                0x08001ab0                Error_Handler
 .text.setupSensors
                0x08001abc      0x144 ./Core/Src/sensors.o
                0x08001abc                setupSensors
 .text.vBatValue
                0x08001c00       0x60 ./Core/Src/sensors.o
                0x08001c00                vBatValue
 .text.HAL_MspInit
                0x08001c60       0x70 ./Core/Src/stm32f1xx_hal_msp.o
                0x08001c60                HAL_MspInit
 .text.HAL_InitTick
                0x08001cd0       0xfc ./Core/Src/stm32f1xx_hal_timebase_tim.o
                0x08001cd0                HAL_InitTick
 .text.NMI_Handler
                0x08001dcc        0x8 ./Core/Src/stm32f1xx_it.o
                0x08001dcc                NMI_Handler
 .text.HardFault_Handler
                0x08001dd4        0x8 ./Core/Src/stm32f1xx_it.o
                0x08001dd4                HardFault_Handler
 .text.MemManage_Handler
                0x08001ddc        0x8 ./Core/Src/stm32f1xx_it.o
                0x08001ddc                MemManage_Handler
 .text.BusFault_Handler
                0x08001de4        0x8 ./Core/Src/stm32f1xx_it.o
                0x08001de4                BusFault_Handler
 .text.UsageFault_Handler
                0x08001dec        0x8 ./Core/Src/stm32f1xx_it.o
                0x08001dec                UsageFault_Handler
 .text.DebugMon_Handler
                0x08001df4        0xc ./Core/Src/stm32f1xx_it.o
                0x08001df4                DebugMon_Handler
 .text.TIM4_IRQHandler
                0x08001e00       0x14 ./Core/Src/stm32f1xx_it.o
                0x08001e00                TIM4_IRQHandler
 .text.SystemInit
                0x08001e14        0xc ./Core/Src/system_stm32f1xx.o
                0x08001e14                SystemInit
 .text.MX_TIM1_Init
                0x08001e20       0xa0 ./Core/Src/tim.o
                0x08001e20                MX_TIM1_Init
 .text.HAL_TIM_Base_MspInit
                0x08001ec0       0x3c ./Core/Src/tim.o
                0x08001ec0                HAL_TIM_Base_MspInit
 .text.Reset_Handler
                0x08001efc       0x48 ./Core/Startup/startup_stm32f103c8tx.o
                0x08001efc                Reset_Handler
 .text.Default_Handler
                0x08001f44        0x2 ./Core/Startup/startup_stm32f103c8tx.o
                0x08001f44                RTC_Alarm_IRQHandler
                0x08001f44                EXTI2_IRQHandler
                0x08001f44                TIM1_CC_IRQHandler
                0x08001f44                PVD_IRQHandler
                0x08001f44                EXTI3_IRQHandler
                0x08001f44                EXTI0_IRQHandler
                0x08001f44                I2C2_EV_IRQHandler
                0x08001f44                ADC1_2_IRQHandler
                0x08001f44                SPI1_IRQHandler
                0x08001f44                TAMPER_IRQHandler
                0x08001f44                DMA1_Channel4_IRQHandler
                0x08001f44                USART3_IRQHandler
                0x08001f44                RTC_IRQHandler
                0x08001f44                DMA1_Channel7_IRQHandler
                0x08001f44                CAN1_RX1_IRQHandler
                0x08001f44                I2C1_EV_IRQHandler
                0x08001f44                DMA1_Channel6_IRQHandler
                0x08001f44                TIM3_IRQHandler
                0x08001f44                RCC_IRQHandler
                0x08001f44                TIM1_TRG_COM_IRQHandler
                0x08001f44                DMA1_Channel1_IRQHandler
                0x08001f44                Default_Handler
                0x08001f44                EXTI15_10_IRQHandler
                0x08001f44                EXTI9_5_IRQHandler
                0x08001f44                SPI2_IRQHandler
                0x08001f44                DMA1_Channel5_IRQHandler
                0x08001f44                EXTI4_IRQHandler
                0x08001f44                USB_LP_CAN1_RX0_IRQHandler
                0x08001f44                USB_HP_CAN1_TX_IRQHandler
                0x08001f44                DMA1_Channel3_IRQHandler
                0x08001f44                TIM1_UP_IRQHandler
                0x08001f44                WWDG_IRQHandler
                0x08001f44                TIM2_IRQHandler
                0x08001f44                TIM1_BRK_IRQHandler
                0x08001f44                EXTI1_IRQHandler
                0x08001f44                USART2_IRQHandler
                0x08001f44                I2C2_ER_IRQHandler
                0x08001f44                DMA1_Channel2_IRQHandler
                0x08001f44                CAN1_SCE_IRQHandler
                0x08001f44                FLASH_IRQHandler
                0x08001f44                USART1_IRQHandler
                0x08001f44                I2C1_ER_IRQHandler
                0x08001f44                USBWakeUp_IRQHandler
 *fill*         0x08001f46        0x2 
 .text.HAL_Init
                0x08001f48       0x2c ./Drivers/STM32F1xx_HAL_Driver/Src/stm32f1xx_hal.o
                0x08001f48                HAL_Init
 .text.HAL_IncTick
                0x08001f74       0x24 ./Drivers/STM32F1xx_HAL_Driver/Src/stm32f1xx_hal.o
                0x08001f74                HAL_IncTick
 .text.HAL_GetTick
                0x08001f98       0x14 ./Drivers/STM32F1xx_HAL_Driver/Src/stm32f1xx_hal.o
                0x08001f98                HAL_GetTick
 .text.HAL_ADC_Init
                0x08001fac      0x1b0 ./Drivers/STM32F1xx_HAL_Driver/Src/stm32f1xx_hal_adc.o
                0x08001fac                HAL_ADC_Init
 .text.HAL_ADC_Start
                0x0800215c      0x15c ./Drivers/STM32F1xx_HAL_Driver/Src/stm32f1xx_hal_adc.o
                0x0800215c                HAL_ADC_Start
 .text.HAL_ADC_Stop
                0x080022b8       0x58 ./Drivers/STM32F1xx_HAL_Driver/Src/stm32f1xx_hal_adc.o
                0x080022b8                HAL_ADC_Stop
 .text.HAL_ADC_PollForConversion
                0x08002310      0x20c ./Drivers/STM32F1xx_HAL_Driver/Src/stm32f1xx_hal_adc.o
                0x08002310                HAL_ADC_PollForConversion
 .text.HAL_ADC_GetValue
                0x0800251c       0x18 ./Drivers/STM32F1xx_HAL_Driver/Src/stm32f1xx_hal_adc.o
                0x0800251c                HAL_ADC_GetValue
 .text.HAL_ADC_ConfigChannel
                0x08002534      0x1f0 ./Drivers/STM32F1xx_HAL_Driver/Src/stm32f1xx_hal_adc.o
                0x08002534                HAL_ADC_ConfigChannel
 .text.ADC_Enable
                0x08002724       0xb4 ./Drivers/STM32F1xx_HAL_Driver/Src/stm32f1xx_hal_adc.o
                0x08002724                ADC_Enable
 .text.ADC_ConversionStop_Disable
                0x080027d8       0x82 ./Drivers/STM32F1xx_HAL_Driver/Src/stm32f1xx_hal_adc.o
                0x080027d8                ADC_ConversionStop_Disable
 .text.HAL_CAN_Init
                0x0800285a      0x1f6 ./Drivers/STM32F1xx_HAL_Driver/Src/stm32f1xx_hal_can.o
                0x0800285a                HAL_CAN_Init
 .text.HAL_CAN_Start
                0x08002a50       0x88 ./Drivers/STM32F1xx_HAL_Driver/Src/stm32f1xx_hal_can.o
                0x08002a50                HAL_CAN_Start
 .text.HAL_CAN_AddTxMessage
                0x08002ad8      0x19e ./Drivers/STM32F1xx_HAL_Driver/Src/stm32f1xx_hal_can.o
                0x08002ad8                HAL_CAN_AddTxMessage
 .text.HAL_CAN_IsTxMessagePending
                0x08002c76       0x46 ./Drivers/STM32F1xx_HAL_Driver/Src/stm32f1xx_hal_can.o
                0x08002c76                HAL_CAN_IsTxMessagePending
 .text.__NVIC_SetPriorityGrouping
                0x08002cbc       0x48 ./Drivers/STM32F1xx_HAL_Driver/Src/stm32f1xx_hal_cortex.o
 .text.__NVIC_GetPriorityGrouping
                0x08002d04       0x1c ./Drivers/STM32F1xx_HAL_Driver/Src/stm32f1xx_hal_cortex.o
 .text.__NVIC_EnableIRQ
                0x08002d20       0x38 ./Drivers/STM32F1xx_HAL_Driver/Src/stm32f1xx_hal_cortex.o
 .text.__NVIC_SetPriority
                0x08002d58       0x54 ./Drivers/STM32F1xx_HAL_Driver/Src/stm32f1xx_hal_cortex.o
 .text.NVIC_EncodePriority
                0x08002dac       0x64 ./Drivers/STM32F1xx_HAL_Driver/Src/stm32f1xx_hal_cortex.o
 .text.HAL_NVIC_SetPriorityGrouping
                0x08002e10       0x16 ./Drivers/STM32F1xx_HAL_Driver/Src/stm32f1xx_hal_cortex.o
                0x08002e10                HAL_NVIC_SetPriorityGrouping
 .text.HAL_NVIC_SetPriority
                0x08002e26       0x38 ./Drivers/STM32F1xx_HAL_Driver/Src/stm32f1xx_hal_cortex.o
                0x08002e26                HAL_NVIC_SetPriority
 .text.HAL_NVIC_EnableIRQ
                0x08002e5e       0x1c ./Drivers/STM32F1xx_HAL_Driver/Src/stm32f1xx_hal_cortex.o
                0x08002e5e                HAL_NVIC_EnableIRQ
 *fill*         0x08002e7a        0x2 
 .text.HAL_GPIO_Init
                0x08002e7c      0x308 ./Drivers/STM32F1xx_HAL_Driver/Src/stm32f1xx_hal_gpio.o
                0x08002e7c                HAL_GPIO_Init
 .text.HAL_GPIO_WritePin
                0x08003184       0x30 ./Drivers/STM32F1xx_HAL_Driver/Src/stm32f1xx_hal_gpio.o
                0x08003184                HAL_GPIO_WritePin
 .text.HAL_RCC_OscConfig
                0x080031b4      0x504 ./Drivers/STM32F1xx_HAL_Driver/Src/stm32f1xx_hal_rcc.o
                0x080031b4                HAL_RCC_OscConfig
 .text.HAL_RCC_ClockConfig
                0x080036b8      0x1d4 ./Drivers/STM32F1xx_HAL_Driver/Src/stm32f1xx_hal_rcc.o
                0x080036b8                HAL_RCC_ClockConfig
 .text.HAL_RCC_GetSysClockFreq
                0x0800388c       0xa8 ./Drivers/STM32F1xx_HAL_Driver/Src/stm32f1xx_hal_rcc.o
                0x0800388c                HAL_RCC_GetSysClockFreq
 .text.HAL_RCC_GetHCLKFreq
                0x08003934       0x14 ./Drivers/STM32F1xx_HAL_Driver/Src/stm32f1xx_hal_rcc.o
                0x08003934                HAL_RCC_GetHCLKFreq
 .text.HAL_RCC_GetPCLK1Freq
                0x08003948       0x28 ./Drivers/STM32F1xx_HAL_Driver/Src/stm32f1xx_hal_rcc.o
                0x08003948                HAL_RCC_GetPCLK1Freq
 .text.HAL_RCC_GetPCLK2Freq
                0x08003970       0x28 ./Drivers/STM32F1xx_HAL_Driver/Src/stm32f1xx_hal_rcc.o
                0x08003970                HAL_RCC_GetPCLK2Freq
 .text.HAL_RCC_GetClockConfig
                0x08003998       0x60 ./Drivers/STM32F1xx_HAL_Driver/Src/stm32f1xx_hal_rcc.o
                0x08003998                HAL_RCC_GetClockConfig
 .text.RCC_Delay
                0x080039f8       0x3c ./Drivers/STM32F1xx_HAL_Driver/Src/stm32f1xx_hal_rcc.o
 .text.HAL_RCCEx_PeriphCLKConfig
                0x08003a34      0x16c ./Drivers/STM32F1xx_HAL_Driver/Src/stm32f1xx_hal_rcc_ex.o
                0x08003a34                HAL_RCCEx_PeriphCLKConfig
 .text.HAL_RCCEx_GetPeriphCLKFreq
                0x08003ba0      0x16c ./Drivers/STM32F1xx_HAL_Driver/Src/stm32f1xx_hal_rcc_ex.o
                0x08003ba0                HAL_RCCEx_GetPeriphCLKFreq
 .text.HAL_TIM_Base_Init
                0x08003d0c       0x9e ./Drivers/STM32F1xx_HAL_Driver/Src/stm32f1xx_hal_tim.o
                0x08003d0c                HAL_TIM_Base_Init
 *fill*         0x08003daa        0x2 
 .text.HAL_TIM_Base_Start
                0x08003dac       0x94 ./Drivers/STM32F1xx_HAL_Driver/Src/stm32f1xx_hal_tim.o
                0x08003dac                HAL_TIM_Base_Start
 .text.HAL_TIM_Base_Stop
                0x08003e40       0x4c ./Drivers/STM32F1xx_HAL_Driver/Src/stm32f1xx_hal_tim.o
                0x08003e40                HAL_TIM_Base_Stop
 .text.HAL_TIM_Base_Start_IT
                0x08003e8c       0xa4 ./Drivers/STM32F1xx_HAL_Driver/Src/stm32f1xx_hal_tim.o
                0x08003e8c                HAL_TIM_Base_Start_IT
 .text.HAL_TIM_IRQHandler
                0x08003f30      0x1e0 ./Drivers/STM32F1xx_HAL_Driver/Src/stm32f1xx_hal_tim.o
                0x08003f30                HAL_TIM_IRQHandler
 .text.HAL_TIM_ConfigClockSource
                0x08004110      0x18e ./Drivers/STM32F1xx_HAL_Driver/Src/stm32f1xx_hal_tim.o
                0x08004110                HAL_TIM_ConfigClockSource
 .text.HAL_TIM_OC_DelayElapsedCallback
                0x0800429e       0x12 ./Drivers/STM32F1xx_HAL_Driver/Src/stm32f1xx_hal_tim.o
                0x0800429e                HAL_TIM_OC_DelayElapsedCallback
 .text.HAL_TIM_IC_CaptureCallback
                0x080042b0       0x12 ./Drivers/STM32F1xx_HAL_Driver/Src/stm32f1xx_hal_tim.o
                0x080042b0                HAL_TIM_IC_CaptureCallback
 .text.HAL_TIM_PWM_PulseFinishedCallback
                0x080042c2       0x12 ./Drivers/STM32F1xx_HAL_Driver/Src/stm32f1xx_hal_tim.o
                0x080042c2                HAL_TIM_PWM_PulseFinishedCallback
 .text.HAL_TIM_TriggerCallback
                0x080042d4       0x12 ./Drivers/STM32F1xx_HAL_Driver/Src/stm32f1xx_hal_tim.o
                0x080042d4                HAL_TIM_TriggerCallback
 *fill*         0x080042e6        0x2 
 .text.TIM_Base_SetConfig
                0x080042e8       0xdc ./Drivers/STM32F1xx_HAL_Driver/Src/stm32f1xx_hal_tim.o
                0x080042e8                TIM_Base_SetConfig
 .text.TIM_TI1_ConfigInputStage
                0x080043c4       0x5c ./Drivers/STM32F1xx_HAL_Driver/Src/stm32f1xx_hal_tim.o
 .text.TIM_TI2_ConfigInputStage
                0x08004420       0x5e ./Drivers/STM32F1xx_HAL_Driver/Src/stm32f1xx_hal_tim.o
 .text.TIM_ITRx_SetConfig
                0x0800447e       0x34 ./Drivers/STM32F1xx_HAL_Driver/Src/stm32f1xx_hal_tim.o
 .text.TIM_ETR_SetConfig
                0x080044b2       0x3e ./Drivers/STM32F1xx_HAL_Driver/Src/stm32f1xx_hal_tim.o
                0x080044b2                TIM_ETR_SetConfig
 .text.HAL_TIMEx_MasterConfigSynchronization
                0x080044f0       0xbc ./Drivers/STM32F1xx_HAL_Driver/Src/stm32f1xx_hal_tim_ex.o
                0x080044f0                HAL_TIMEx_MasterConfigSynchronization
 .text.HAL_TIMEx_CommutCallback
                0x080045ac       0x12 ./Drivers/STM32F1xx_HAL_Driver/Src/stm32f1xx_hal_tim_ex.o
                0x080045ac                HAL_TIMEx_CommutCallback
 .text.HAL_TIMEx_BreakCallback
                0x080045be       0x12 ./Drivers/STM32F1xx_HAL_Driver/Src/stm32f1xx_hal_tim_ex.o
                0x080045be                HAL_TIMEx_BreakCallback
 .text.__NVIC_SetPriority
                0x080045d0       0x54 ./Middlewares/Third_Party/FreeRTOS/Source/CMSIS_RTOS_V2/cmsis_os2.o
 .text.SysTick_Handler
                0x08004624       0x20 ./Middlewares/Third_Party/FreeRTOS/Source/CMSIS_RTOS_V2/cmsis_os2.o
                0x08004624                SysTick_Handler
 .text.SVC_Setup
                0x08004644       0x12 ./Middlewares/Third_Party/FreeRTOS/Source/CMSIS_RTOS_V2/cmsis_os2.o
 *fill*         0x08004656        0x2 
 .text.osKernelInitialize
                0x08004658       0x44 ./Middlewares/Third_Party/FreeRTOS/Source/CMSIS_RTOS_V2/cmsis_os2.o
                0x08004658                osKernelInitialize
 .text.osKernelStart
                0x0800469c       0x4c ./Middlewares/Third_Party/FreeRTOS/Source/CMSIS_RTOS_V2/cmsis_os2.o
                0x0800469c                osKernelStart
 .text.osThreadNew
                0x080046e8      0x124 ./Middlewares/Third_Party/FreeRTOS/Source/CMSIS_RTOS_V2/cmsis_os2.o
                0x080046e8                osThreadNew
 .text.vApplicationGetIdleTaskMemory
                0x0800480c       0x30 ./Middlewares/Third_Party/FreeRTOS/Source/CMSIS_RTOS_V2/cmsis_os2.o
                0x0800480c                vApplicationGetIdleTaskMemory
 .text.vApplicationGetTimerTaskMemory
                0x0800483c       0x34 ./Middlewares/Third_Party/FreeRTOS/Source/CMSIS_RTOS_V2/cmsis_os2.o
                0x0800483c                vApplicationGetTimerTaskMemory
 .text.vListInitialise
                0x08004870       0x3e ./Middlewares/Third_Party/FreeRTOS/Source/list.o
                0x08004870                vListInitialise
 .text.vListInitialiseItem
                0x080048ae       0x18 ./Middlewares/Third_Party/FreeRTOS/Source/list.o
                0x080048ae                vListInitialiseItem
 .text.vListInsertEnd
                0x080048c6       0x46 ./Middlewares/Third_Party/FreeRTOS/Source/list.o
                0x080048c6                vListInsertEnd
 .text.vListInsert
                0x0800490c       0x70 ./Middlewares/Third_Party/FreeRTOS/Source/list.o
                0x0800490c                vListInsert
 .text.uxListRemove
                0x0800497c       0x52 ./Middlewares/Third_Party/FreeRTOS/Source/list.o
                0x0800497c                uxListRemove
 *fill*         0x080049ce        0x2 
 .text.xQueueGenericReset
                0x080049d0       0xd4 ./Middlewares/Third_Party/FreeRTOS/Source/queue.o
                0x080049d0                xQueueGenericReset
 .text.xQueueGenericCreateStatic
                0x08004aa4       0xfa ./Middlewares/Third_Party/FreeRTOS/Source/queue.o
                0x08004aa4                xQueueGenericCreateStatic
 .text.prvInitialiseNewQueue
                0x08004b9e       0x46 ./Middlewares/Third_Party/FreeRTOS/Source/queue.o
 .text.xQueueGenericSend
                0x08004be4      0x204 ./Middlewares/Third_Party/FreeRTOS/Source/queue.o
                0x08004be4                xQueueGenericSend
 .text.xQueueGenericSendFromISR
                0x08004de8      0x13c ./Middlewares/Third_Party/FreeRTOS/Source/queue.o
                0x08004de8                xQueueGenericSendFromISR
 .text.xQueueReceive
                0x08004f24      0x1c4 ./Middlewares/Third_Party/FreeRTOS/Source/queue.o
                0x08004f24                xQueueReceive
 .text.prvCopyDataToQueue
                0x080050e8       0xd4 ./Middlewares/Third_Party/FreeRTOS/Source/queue.o
 .text.prvCopyDataFromQueue
                0x080051bc       0x4c ./Middlewares/Third_Party/FreeRTOS/Source/queue.o
 .text.prvUnlockQueue
                0x08005208       0xa4 ./Middlewares/Third_Party/FreeRTOS/Source/queue.o
 .text.prvIsQueueEmpty
                0x080052ac       0x2c ./Middlewares/Third_Party/FreeRTOS/Source/queue.o
 .text.prvIsQueueFull
                0x080052d8       0x30 ./Middlewares/Third_Party/FreeRTOS/Source/queue.o
 .text.vQueueAddToRegistry
                0x08005308       0x50 ./Middlewares/Third_Party/FreeRTOS/Source/queue.o
                0x08005308                vQueueAddToRegistry
 .text.vQueueWaitForMessageRestricted
                0x08005358       0x68 ./Middlewares/Third_Party/FreeRTOS/Source/queue.o
                0x08005358                vQueueWaitForMessageRestricted
 .text.xTaskCreateStatic
                0x080053c0       0xc0 ./Middlewares/Third_Party/FreeRTOS/Source/tasks.o
                0x080053c0                xTaskCreateStatic
 .text.xTaskCreate
                0x08005480       0x8a ./Middlewares/Third_Party/FreeRTOS/Source/tasks.o
                0x08005480                xTaskCreate
 *fill*         0x0800550a        0x2 
 .text.prvInitialiseNewTask
                0x0800550c      0x150 ./Middlewares/Third_Party/FreeRTOS/Source/tasks.o
 .text.prvAddNewTaskToReadyList
                0x0800565c       0xe0 ./Middlewares/Third_Party/FreeRTOS/Source/tasks.o
 .text.vTaskDelayUntil
                0x0800573c      0x100 ./Middlewares/Third_Party/FreeRTOS/Source/tasks.o
                0x0800573c                vTaskDelayUntil
 .text.vTaskStartScheduler
                0x0800583c       0xe0 ./Middlewares/Third_Party/FreeRTOS/Source/tasks.o
                0x0800583c                vTaskStartScheduler
 .text.vTaskSuspendAll
                0x0800591c       0x1c ./Middlewares/Third_Party/FreeRTOS/Source/tasks.o
                0x0800591c                vTaskSuspendAll
 .text.xTaskResumeAll
                0x08005938      0x13c ./Middlewares/Third_Party/FreeRTOS/Source/tasks.o
                0x08005938                xTaskResumeAll
 .text.xTaskGetTickCount
                0x08005a74       0x1c ./Middlewares/Third_Party/FreeRTOS/Source/tasks.o
                0x08005a74                xTaskGetTickCount
 .text.xTaskIncrementTick
                0x08005a90      0x174 ./Middlewares/Third_Party/FreeRTOS/Source/tasks.o
                0x08005a90                xTaskIncrementTick
 .text.vTaskSwitchContext
                0x08005c04       0xc8 ./Middlewares/Third_Party/FreeRTOS/Source/tasks.o
                0x08005c04                vTaskSwitchContext
 .text.vTaskPlaceOnEventList
                0x08005ccc       0x4c ./Middlewares/Third_Party/FreeRTOS/Source/tasks.o
                0x08005ccc                vTaskPlaceOnEventList
 .text.vTaskPlaceOnEventListRestricted
                0x08005d18       0x58 ./Middlewares/Third_Party/FreeRTOS/Source/tasks.o
                0x08005d18                vTaskPlaceOnEventListRestricted
 .text.xTaskRemoveFromEventList
                0x08005d70       0xc8 ./Middlewares/Third_Party/FreeRTOS/Source/tasks.o
                0x08005d70                xTaskRemoveFromEventList
 .text.vTaskInternalSetTimeOutState
                0x08005e38       0x2c ./Middlewares/Third_Party/FreeRTOS/Source/tasks.o
                0x08005e38                vTaskInternalSetTimeOutState
 .text.xTaskCheckForTimeOut
                0x08005e64       0xc8 ./Middlewares/Third_Party/FreeRTOS/Source/tasks.o
                0x08005e64                xTaskCheckForTimeOut
 .text.vTaskMissedYield
                0x08005f2c       0x18 ./Middlewares/Third_Party/FreeRTOS/Source/tasks.o
                0x08005f2c                vTaskMissedYield
 .text.prvIdleTask
                0x08005f44       0x30 ./Middlewares/Third_Party/FreeRTOS/Source/tasks.o
 .text.prvInitialiseTaskLists
                0x08005f74       0x80 ./Middlewares/Third_Party/FreeRTOS/Source/tasks.o
 .text.prvCheckTasksWaitingTermination
                0x08005ff4       0x5c ./Middlewares/Third_Party/FreeRTOS/Source/tasks.o
 .text.prvDeleteTCB
                0x08006050       0x6a ./Middlewares/Third_Party/FreeRTOS/Source/tasks.o
 *fill*         0x080060ba        0x2 
 .text.prvResetNextTaskUnblockTime
                0x080060bc       0x40 ./Middlewares/Third_Party/FreeRTOS/Source/tasks.o
 .text.xTaskGetSchedulerState
                0x080060fc       0x3c ./Middlewares/Third_Party/FreeRTOS/Source/tasks.o
                0x080060fc                xTaskGetSchedulerState
 .text.xTaskPriorityDisinherit
                0x08006138       0xe0 ./Middlewares/Third_Party/FreeRTOS/Source/tasks.o
                0x08006138                xTaskPriorityDisinherit
 .text.prvAddCurrentTaskToDelayedList
                0x08006218       0xa8 ./Middlewares/Third_Party/FreeRTOS/Source/tasks.o
 .text.xTimerCreateTimerTask
                0x080062c0       0x94 ./Middlewares/Third_Party/FreeRTOS/Source/timers.o
                0x080062c0                xTimerCreateTimerTask
 .text.xTimerGenericCommand
                0x08006354       0x9c ./Middlewares/Third_Party/FreeRTOS/Source/timers.o
                0x08006354                xTimerGenericCommand
 .text.prvProcessExpiredTimer
                0x080063f0       0x9c ./Middlewares/Third_Party/FreeRTOS/Source/timers.o
 .text.prvTimerTask
                0x0800648c       0x26 ./Middlewares/Third_Party/FreeRTOS/Source/timers.o
 *fill*         0x080064b2        0x2 
 .text.prvProcessTimerOrBlockTask
                0x080064b4       0x9c ./Middlewares/Third_Party/FreeRTOS/Source/timers.o
 .text.prvGetNextExpireTime
                0x08006550       0x44 ./Middlewares/Third_Party/FreeRTOS/Source/timers.o
 .text.prvSampleTimeNow
                0x08006594       0x40 ./Middlewares/Third_Party/FreeRTOS/Source/timers.o
 .text.prvInsertTimerInActiveList
                0x080065d4       0x84 ./Middlewares/Third_Party/FreeRTOS/Source/timers.o
 .text.prvProcessReceivedCommands
                0x08006658      0x1cc ./Middlewares/Third_Party/FreeRTOS/Source/timers.o
 .text.prvSwitchTimerLists
                0x08006824       0xcc ./Middlewares/Third_Party/FreeRTOS/Source/timers.o
 .text.prvCheckForValidListAndQueue
                0x080068f0       0x80 ./Middlewares/Third_Party/FreeRTOS/Source/timers.o
 .text.pxPortInitialiseStack
                0x08006970       0x58 ./Middlewares/Third_Party/FreeRTOS/Source/portable/GCC/ARM_CM3/port.o
                0x08006970                pxPortInitialiseStack
 .text.prvTaskExitError
                0x080069c8       0x58 ./Middlewares/Third_Party/FreeRTOS/Source/portable/GCC/ARM_CM3/port.o
 .text.SVC_Handler
                0x08006a20       0x28 ./Middlewares/Third_Party/FreeRTOS/Source/portable/GCC/ARM_CM3/port.o
                0x08006a20                SVC_Handler
 .text.prvPortStartFirstTask
                0x08006a48       0x20 ./Middlewares/Third_Party/FreeRTOS/Source/portable/GCC/ARM_CM3/port.o
 .text.xPortStartScheduler
                0x08006a68       0xe4 ./Middlewares/Third_Party/FreeRTOS/Source/portable/GCC/ARM_CM3/port.o
                0x08006a68                xPortStartScheduler
 .text.vPortEnterCritical
                0x08006b4c       0x60 ./Middlewares/Third_Party/FreeRTOS/Source/portable/GCC/ARM_CM3/port.o
                0x08006b4c                vPortEnterCritical
 .text.vPortExitCritical
                0x08006bac       0x54 ./Middlewares/Third_Party/FreeRTOS/Source/portable/GCC/ARM_CM3/port.o
                0x08006bac                vPortExitCritical
 .text.PendSV_Handler
                0x08006c00       0x48 ./Middlewares/Third_Party/FreeRTOS/Source/portable/GCC/ARM_CM3/port.o
                0x08006c00                PendSV_Handler
 .text.xPortSysTickHandler
                0x08006c48       0x44 ./Middlewares/Third_Party/FreeRTOS/Source/portable/GCC/ARM_CM3/port.o
                0x08006c48                xPortSysTickHandler
 .text.vPortSetupTimerInterrupt
                0x08006c8c       0x44 ./Middlewares/Third_Party/FreeRTOS/Source/portable/GCC/ARM_CM3/port.o
                0x08006c8c                vPortSetupTimerInterrupt
 .text.vPortValidateInterruptPriority
                0x08006cd0       0x80 ./Middlewares/Third_Party/FreeRTOS/Source/portable/GCC/ARM_CM3/port.o
                0x08006cd0                vPortValidateInterruptPriority
 .text.pvPortMalloc
                0x08006d50      0x19c ./Middlewares/Third_Party/FreeRTOS/Source/portable/MemMang/heap_4.o
                0x08006d50                pvPortMalloc
 .text.vPortFree
                0x08006eec       0xc8 ./Middlewares/Third_Party/FreeRTOS/Source/portable/MemMang/heap_4.o
                0x08006eec                vPortFree
 .text.prvHeapInit
                0x08006fb4       0xc4 ./Middlewares/Third_Party/FreeRTOS/Source/portable/MemMang/heap_4.o
 .text.prvInsertBlockIntoFreeList
                0x08007078       0xb0 ./Middlewares/Third_Party/FreeRTOS/Source/portable/MemMang/heap_4.o
 .text.memset   0x08007128       0x10 C:/ST/STM32CubeIDE_1.18.1/STM32CubeIDE/plugins/com.st.stm32cube.ide.mcu.externaltools.gnu-tools-for-stm32.13.3.rel1.win32_1.0.0.202411081344/tools/bin/../lib/gcc/arm-none-eabi/13.3.1/../../../../arm-none-eabi/lib/thumb/v7-m/nofp\libc_nano.a(libc_a-memset.o)
                0x08007128                memset
 .text._reclaim_reent
                0x08007138       0xbc C:/ST/STM32CubeIDE_1.18.1/STM32CubeIDE/plugins/com.st.stm32cube.ide.mcu.externaltools.gnu-tools-for-stm32.13.3.rel1.win32_1.0.0.202411081344/tools/bin/../lib/gcc/arm-none-eabi/13.3.1/../../../../arm-none-eabi/lib/thumb/v7-m/nofp\libc_nano.a(libc_a-reent.o)
                0x08007138                _reclaim_reent
 .text.__libc_init_array
                0x080071f4       0x48 C:/ST/STM32CubeIDE_1.18.1/STM32CubeIDE/plugins/com.st.stm32cube.ide.mcu.externaltools.gnu-tools-for-stm32.13.3.rel1.win32_1.0.0.202411081344/tools/bin/../lib/gcc/arm-none-eabi/13.3.1/../../../../arm-none-eabi/lib/thumb/v7-m/nofp\libc_nano.a(libc_a-init.o)
                0x080071f4                __libc_init_array
 .text.__retarget_lock_acquire_recursive
                0x0800723c        0x2 C:/ST/STM32CubeIDE_1.18.1/STM32CubeIDE/plugins/com.st.stm32cube.ide.mcu.externaltools.gnu-tools-for-stm32.13.3.rel1.win32_1.0.0.202411081344/tools/bin/../lib/gcc/arm-none-eabi/13.3.1/../../../../arm-none-eabi/lib/thumb/v7-m/nofp\libc_nano.a(libc_a-lock.o)
                0x0800723c                __retarget_lock_acquire_recursive
 .text.__retarget_lock_release_recursive
                0x0800723e        0x2 C:/ST/STM32CubeIDE_1.18.1/STM32CubeIDE/plugins/com.st.stm32cube.ide.mcu.externaltools.gnu-tools-for-stm32.13.3.rel1.win32_1.0.0.202411081344/tools/bin/../lib/gcc/arm-none-eabi/13.3.1/../../../../arm-none-eabi/lib/thumb/v7-m/nofp\libc_nano.a(libc_a-lock.o)
                0x0800723e                __retarget_lock_release_recursive
 .text.memcpy   0x08007240       0x1c C:/ST/STM32CubeIDE_1.18.1/STM32CubeIDE/plugins/com.st.stm32cube.ide.mcu.externaltools.gnu-tools-for-stm32.13.3.rel1.win32_1.0.0.202411081344/tools/bin/../lib/gcc/arm-none-eabi/13.3.1/../../../../arm-none-eabi/lib/thumb/v7-m/nofp\libc_nano.a(libc_a-memcpy-stub.o)
                0x08007240                memcpy
 .text._free_r  0x0800725c       0x90 C:/ST/STM32CubeIDE_1.18.1/STM32CubeIDE/plugins/com.st.stm32cube.ide.mcu.externaltools.gnu-tools-for-stm32.13.3.rel1.win32_1.0.0.202411081344/tools/bin/../lib/gcc/arm-none-eabi/13.3.1/../../../../arm-none-eabi/lib/thumb/v7-m/nofp\libc_nano.a(libc_a-freer.o)
                0x0800725c                _free_r
 .text.__malloc_lock
                0x080072ec        0xc C:/ST/STM32CubeIDE_1.18.1/STM32CubeIDE/plugins/com.st.stm32cube.ide.mcu.externaltools.gnu-tools-for-stm32.13.3.rel1.win32_1.0.0.202411081344/tools/bin/../lib/gcc/arm-none-eabi/13.3.1/../../../../arm-none-eabi/lib/thumb/v7-m/nofp\libc_nano.a(libc_a-mlock.o)
                0x080072ec                __malloc_lock
 .text.__malloc_unlock
                0x080072f8        0xc C:/ST/STM32CubeIDE_1.18.1/STM32CubeIDE/plugins/com.st.stm32cube.ide.mcu.externaltools.gnu-tools-for-stm32.13.3.rel1.win32_1.0.0.202411081344/tools/bin/../lib/gcc/arm-none-eabi/13.3.1/../../../../arm-none-eabi/lib/thumb/v7-m/nofp\libc_nano.a(libc_a-mlock.o)
                0x080072f8                __malloc_unlock
 *(.glue_7)
 .glue_7        0x08007304        0x0 linker stubs
 *(.glue_7t)
 .glue_7t       0x08007304        0x0 linker stubs
 *(.eh_frame)
 .eh_frame      0x08007304        0x0 C:/ST/STM32CubeIDE_1.18.1/STM32CubeIDE/plugins/com.st.stm32cube.ide.mcu.externaltools.gnu-tools-for-stm32.13.3.rel1.win32_1.0.0.202411081344/tools/bin/../lib/gcc/arm-none-eabi/13.3.1/thumb/v7-m/nofp/crtbegin.o
 *(.init)
 .init          0x08007304        0x4 C:/ST/STM32CubeIDE_1.18.1/STM32CubeIDE/plugins/com.st.stm32cube.ide.mcu.externaltools.gnu-tools-for-stm32.13.3.rel1.win32_1.0.0.202411081344/tools/bin/../lib/gcc/arm-none-eabi/13.3.1/thumb/v7-m/nofp/crti.o
                0x08007304                _init
 .init          0x08007308        0x8 C:/ST/STM32CubeIDE_1.18.1/STM32CubeIDE/plugins/com.st.stm32cube.ide.mcu.externaltools.gnu-tools-for-stm32.13.3.rel1.win32_1.0.0.202411081344/tools/bin/../lib/gcc/arm-none-eabi/13.3.1/thumb/v7-m/nofp/crtn.o
 *(.fini)
 .fini          0x08007310        0x4 C:/ST/STM32CubeIDE_1.18.1/STM32CubeIDE/plugins/com.st.stm32cube.ide.mcu.externaltools.gnu-tools-for-stm32.13.3.rel1.win32_1.0.0.202411081344/tools/bin/../lib/gcc/arm-none-eabi/13.3.1/thumb/v7-m/nofp/crti.o
                0x08007310                _fini
 .fini          0x08007314        0x8 C:/ST/STM32CubeIDE_1.18.1/STM32CubeIDE/plugins/com.st.stm32cube.ide.mcu.externaltools.gnu-tools-for-stm32.13.3.rel1.win32_1.0.0.202411081344/tools/bin/../lib/gcc/arm-none-eabi/13.3.1/thumb/v7-m/nofp/crtn.o
                0x0800731c                        . = ALIGN (0x4)
                0x0800731c                        _etext = .

.vfp11_veneer   0x0800731c        0x0
 .vfp11_veneer  0x0800731c        0x0 linker stubs

.v4_bx          0x0800731c        0x0
 .v4_bx         0x0800731c        0x0 linker stubs

.iplt           0x0800731c        0x0
 .iplt          0x0800731c        0x0 C:/ST/STM32CubeIDE_1.18.1/STM32CubeIDE/plugins/com.st.stm32cube.ide.mcu.externaltools.gnu-tools-for-stm32.13.3.rel1.win32_1.0.0.202411081344/tools/bin/../lib/gcc/arm-none-eabi/13.3.1/thumb/v7-m/nofp/crtbegin.o

.rodata         0x0800731c       0xb4
                0x0800731c                        . = ALIGN (0x4)
 *(.rodata)
 .rodata        0x0800731c        0xc ./Core/Src/freertos.o
 .rodata        0x08007328        0xc ./Core/Src/main.o
 .rodata        0x08007334        0x5 ./Middlewares/Third_Party/FreeRTOS/Source/tasks.o
 *fill*         0x08007339        0x3 
 .rodata        0x0800733c        0xd ./Middlewares/Third_Party/FreeRTOS/Source/timers.o
 *(.rodata*)
 *fill*         0x08007349        0x3 
 .rodata.sensor_Task_attributes
                0x0800734c       0x24 ./Core/Src/freertos.o
                0x0800734c                sensor_Task_attributes
 .rodata.Time_Mult
                0x08007370        0x1 ./Core/Src/sensors.o
                0x08007370                Time_Mult
 *fill*         0x08007371        0x1 
 .rodata.MESSAGE_DEBUG_REFRESH_RATE
                0x08007372        0x2 ./Core/Src/sensors.o
                0x08007372                MESSAGE_DEBUG_REFRESH_RATE
 .rodata.Wheel_Angle
                0x08007374        0x1 ./Core/Src/sensors.o
                0x08007374                Wheel_Angle
 .rodata.FR_Hall
                0x08007375        0x1 ./Core/Src/sensors.o
                0x08007375                FR_Hall
 .rodata.FL_Hall
                0x08007376        0x1 ./Core/Src/sensors.o
                0x08007376                FL_Hall
 .rodata.RR_Hall
                0x08007377        0x1 ./Core/Src/sensors.o
                0x08007377                RR_Hall
 .rodata.RL_Hall
                0x08007378        0x1 ./Core/Src/sensors.o
                0x08007378                RL_Hall
 .rodata.F_Brakeline_Pressure
                0x08007379        0x1 ./Core/Src/sensors.o
                0x08007379                F_Brakeline_Pressure
 .rodata.R_Brakeline_Pressure
                0x0800737a        0x1 ./Core/Src/sensors.o
                0x0800737a                R_Brakeline_Pressure
 .rodata.FR_Susp_Angle
                0x0800737b        0x1 ./Core/Src/sensors.o
                0x0800737b                FR_Susp_Angle
 .rodata.FL_Susp_Angle
                0x0800737c        0x1 ./Core/Src/sensors.o
                0x0800737c                FL_Susp_Angle
 .rodata.RR_Susp_Angle
                0x0800737d        0x1 ./Core/Src/sensors.o
                0x0800737d                RR_Susp_Angle
 .rodata.RL_Susp_Angle
                0x0800737e        0x1 ./Core/Src/sensors.o
                0x0800737e                RL_Susp_Angle
 .rodata.V_Ref_index
                0x0800737f        0x1 ./Core/Src/sensors.o
                0x0800737f                V_Ref_index
 .rodata.V_Bat_index
                0x08007380        0x1 ./Core/Src/sensors.o
                0x08007380                V_Bat_index
 .rodata.Temp_index
                0x08007381        0x1 ./Core/Src/sensors.o
                0x08007381                Temp_index
 .rodata.Gear_index
                0x08007382        0x1 ./Core/Src/sensors.o
                0x08007382                Gear_index
 .rodata.Wheel_Angle_index
                0x08007383        0x1 ./Core/Src/sensors.o
                0x08007383                Wheel_Angle_index
 .rodata.FR_Hall_index
                0x08007384        0x1 ./Core/Src/sensors.o
                0x08007384                FR_Hall_index
 .rodata.FL_Hall_index
                0x08007385        0x1 ./Core/Src/sensors.o
                0x08007385                FL_Hall_index
 .rodata.RL_Hall_index
                0x08007386        0x1 ./Core/Src/sensors.o
                0x08007386                RL_Hall_index
 .rodata.F_Brakeline_Pressure_index
                0x08007387        0x1 ./Core/Src/sensors.o
                0x08007387                F_Brakeline_Pressure_index
 .rodata.R_Brakeline_Pressure_index
                0x08007388        0x1 ./Core/Src/sensors.o
                0x08007388                R_Brakeline_Pressure_index
 .rodata.FR_Susp_Angle_index
                0x08007389        0x1 ./Core/Src/sensors.o
                0x08007389                FR_Susp_Angle_index
 .rodata.FL_Susp_Angle_index
                0x0800738a        0x1 ./Core/Src/sensors.o
                0x0800738a                FL_Susp_Angle_index
 .rodata.RR_Susp_Angle_index
                0x0800738b        0x1 ./Core/Src/sensors.o
                0x0800738b                RR_Susp_Angle_index
 .rodata.RL_Susp_Angle_index
                0x0800738c        0x1 ./Core/Src/sensors.o
                0x0800738c                RL_Susp_Angle_index
 *fill*         0x0800738d        0x3 
 .rodata.AHBPrescTable
                0x08007390       0x10 ./Core/Src/system_stm32f1xx.o
                0x08007390                AHBPrescTable
 .rodata.APBPrescTable
                0x080073a0        0x8 ./Core/Src/system_stm32f1xx.o
                0x080073a0                APBPrescTable
 .rodata.aPLLMULFactorTable.1
                0x080073a8       0x10 ./Drivers/STM32F1xx_HAL_Driver/Src/stm32f1xx_hal_rcc.o
 .rodata.aPredivFactorTable.0
                0x080073b8        0x2 ./Drivers/STM32F1xx_HAL_Driver/Src/stm32f1xx_hal_rcc.o
 *fill*         0x080073ba        0x2 
 .rodata.aPLLMULFactorTable.1
                0x080073bc       0x10 ./Drivers/STM32F1xx_HAL_Driver/Src/stm32f1xx_hal_rcc_ex.o
 .rodata.aPredivFactorTable.0
                0x080073cc        0x2 ./Drivers/STM32F1xx_HAL_Driver/Src/stm32f1xx_hal_rcc_ex.o
                0x080073d0                        . = ALIGN (0x4)
 *fill*         0x080073ce        0x2 

.ARM.extab      0x080073d0        0x0
                0x080073d0                        . = ALIGN (0x4)
 *(.ARM.extab* .gnu.linkonce.armextab.*)
                0x080073d0                        . = ALIGN (0x4)

.ARM            0x080073d0        0x0
                0x080073d0                        . = ALIGN (0x4)
                0x080073d0                        __exidx_start = .
 *(.ARM.exidx*)
                0x080073d0                        __exidx_end = .
                0x080073d0                        . = ALIGN (0x4)

.preinit_array  0x080073d0        0x0
                0x080073d0                        . = ALIGN (0x4)
                0x080073d0                        PROVIDE (__preinit_array_start = .)
 *(.preinit_array*)
                0x080073d0                        PROVIDE (__preinit_array_end = .)
                0x080073d0                        . = ALIGN (0x4)

.init_array     0x080073d0        0x4
                0x080073d0                        . = ALIGN (0x4)
                0x080073d0                        PROVIDE (__init_array_start = .)
 *(SORT_BY_NAME(.init_array.*))
 *(.init_array*)
 .init_array    0x080073d0        0x4 C:/ST/STM32CubeIDE_1.18.1/STM32CubeIDE/plugins/com.st.stm32cube.ide.mcu.externaltools.gnu-tools-for-stm32.13.3.rel1.win32_1.0.0.202411081344/tools/bin/../lib/gcc/arm-none-eabi/13.3.1/thumb/v7-m/nofp/crtbegin.o
                0x080073d4                        PROVIDE (__init_array_end = .)
                0x080073d4                        . = ALIGN (0x4)

.fini_array     0x080073d4        0x4
                0x080073d4                        . = ALIGN (0x4)
                [!provide]                        PROVIDE (__fini_array_start = .)
 *(SORT_BY_NAME(.fini_array.*))
 *(.fini_array*)
 .fini_array    0x080073d4        0x4 C:/ST/STM32CubeIDE_1.18.1/STM32CubeIDE/plugins/com.st.stm32cube.ide.mcu.externaltools.gnu-tools-for-stm32.13.3.rel1.win32_1.0.0.202411081344/tools/bin/../lib/gcc/arm-none-eabi/13.3.1/thumb/v7-m/nofp/crtbegin.o
                [!provide]                        PROVIDE (__fini_array_end = .)
                0x080073d8                        . = ALIGN (0x4)
                0x080073d8                        _sidata = LOADADDR (.data)

.rel.dyn        0x080073d8        0x0
 .rel.iplt      0x080073d8        0x0 C:/ST/STM32CubeIDE_1.18.1/STM32CubeIDE/plugins/com.st.stm32cube.ide.mcu.externaltools.gnu-tools-for-stm32.13.3.rel1.win32_1.0.0.202411081344/tools/bin/../lib/gcc/arm-none-eabi/13.3.1/thumb/v7-m/nofp/crtbegin.o

.data           0x20000000       0x64 load address 0x080073d8
                0x20000000                        . = ALIGN (0x4)
                0x20000000                        _sdata = .
 *(.data)
 *(.data*)
 .data.readings_qtt
                0x20000000        0x1 ./Core/Src/adc_settings.o
                0x20000000                readings_qtt
 *fill*         0x20000001        0x3 
 .data.SystemCoreClock
                0x20000004        0x4 ./Core/Src/system_stm32f1xx.o
                0x20000004                SystemCoreClock
 .data.uwTickPrio
                0x20000008        0x4 ./Drivers/STM32F1xx_HAL_Driver/Src/stm32f1xx_hal.o
                0x20000008                uwTickPrio
 .data.uwTickFreq
                0x2000000c        0x1 ./Drivers/STM32F1xx_HAL_Driver/Src/stm32f1xx_hal.o
                0x2000000c                uwTickFreq
 *fill*         0x2000000d        0x3 
 .data.uxCriticalNesting
                0x20000010        0x4 ./Middlewares/Third_Party/FreeRTOS/Source/portable/GCC/ARM_CM3/port.o
 .data._impure_ptr
                0x20000014        0x4 C:/ST/STM32CubeIDE_1.18.1/STM32CubeIDE/plugins/com.st.stm32cube.ide.mcu.externaltools.gnu-tools-for-stm32.13.3.rel1.win32_1.0.0.202411081344/tools/bin/../lib/gcc/arm-none-eabi/13.3.1/../../../../arm-none-eabi/lib/thumb/v7-m/nofp\libc_nano.a(libc_a-impure.o)
                0x20000014                _impure_ptr
 .data._impure_data
                0x20000018       0x4c C:/ST/STM32CubeIDE_1.18.1/STM32CubeIDE/plugins/com.st.stm32cube.ide.mcu.externaltools.gnu-tools-for-stm32.13.3.rel1.win32_1.0.0.202411081344/tools/bin/../lib/gcc/arm-none-eabi/13.3.1/../../../../arm-none-eabi/lib/thumb/v7-m/nofp\libc_nano.a(libc_a-impure.o)
                0x20000018                _impure_data
 *(.RamFunc)
 *(.RamFunc*)
                0x20000064                        . = ALIGN (0x4)
                0x20000064                        _edata = .

.igot.plt       0x20000064        0x0 load address 0x0800743c
 .igot.plt      0x20000064        0x0 C:/ST/STM32CubeIDE_1.18.1/STM32CubeIDE/plugins/com.st.stm32cube.ide.mcu.externaltools.gnu-tools-for-stm32.13.3.rel1.win32_1.0.0.202411081344/tools/bin/../lib/gcc/arm-none-eabi/13.3.1/thumb/v7-m/nofp/crtbegin.o
                0x20000064                        . = ALIGN (0x4)

.bss            0x20000064     0x1e9c load address 0x0800743c
                0x20000064                        _sbss = .
                0x20000064                        __bss_start__ = _sbss
 *(.bss)
 .bss           0x20000064       0x1c C:/ST/STM32CubeIDE_1.18.1/STM32CubeIDE/plugins/com.st.stm32cube.ide.mcu.externaltools.gnu-tools-for-stm32.13.3.rel1.win32_1.0.0.202411081344/tools/bin/../lib/gcc/arm-none-eabi/13.3.1/thumb/v7-m/nofp/crtbegin.o
 *(.bss*)
 .bss.hadc1     0x20000080       0x30 ./Core/Src/adc.o
                0x20000080                hadc1
 .bss.hadc2     0x200000b0       0x30 ./Core/Src/adc.o
                0x200000b0                hadc2
 .bss.sConfig1  0x200000e0        0xc ./Core/Src/adc_settings.o
                0x200000e0                sConfig1
 .bss.sConfig2  0x200000ec        0xc ./Core/Src/adc_settings.o
                0x200000ec                sConfig2
 .bss.sensorData
                0x200000f8      0x172 ./Core/Src/adc_settings.o
                0x200000f8                sensorData
 *fill*         0x2000026a        0x2 
 .bss.hcan      0x2000026c       0x28 ./Core/Src/can.o
                0x2000026c                hcan
 .bss.hal_message
                0x20000294        0x1 ./Core/Src/freertos.o
                0x20000294                hal_message
 *fill*         0x20000295        0x3 
 .bss.sensor_TaskHandle
                0x20000298        0x4 ./Core/Src/freertos.o
                0x20000298                sensor_TaskHandle
 .bss.can_msg   0x2000029c        0x1 ./Core/Src/main.o
                0x2000029c                can_msg
 *fill*         0x2000029d        0x3 
 .bss.Message_Debug_Time
                0x200002a0        0x4 ./Core/Src/sensors.o
                0x200002a0                Message_Debug_Time
 .bss.DATA_01   0x200002a4       0x10 ./Core/Src/sensors.o
                0x200002a4                DATA_01
 .bss.DATA_02   0x200002b4       0x10 ./Core/Src/sensors.o
                0x200002b4                DATA_02
 .bss.DATA_03   0x200002c4       0x10 ./Core/Src/sensors.o
                0x200002c4                DATA_03
 .bss.DATA_04   0x200002d4       0x10 ./Core/Src/sensors.o
                0x200002d4                DATA_04
 .bss.DATA_05   0x200002e4       0x10 ./Core/Src/sensors.o
                0x200002e4                DATA_05
 .bss.DATA_06   0x200002f4       0x10 ./Core/Src/sensors.o
                0x200002f4                DATA_06
 .bss.DATA_07   0x20000304       0x10 ./Core/Src/sensors.o
                0x20000304                DATA_07
 .bss.DATA_08   0x20000314       0x10 ./Core/Src/sensors.o
                0x20000314                DATA_08
 .bss.DATA_09   0x20000324       0x10 ./Core/Src/sensors.o
                0x20000324                DATA_09
 .bss.BUFFER_ACK
                0x20000334       0x10 ./Core/Src/sensors.o
                0x20000334                BUFFER_ACK
 .bss.htim4     0x20000344       0x48 ./Core/Src/stm32f1xx_hal_timebase_tim.o
                0x20000344                htim4
 .bss.htim1     0x2000038c       0x48 ./Core/Src/tim.o
                0x2000038c                htim1
 .bss.uwTick    0x200003d4        0x4 ./Drivers/STM32F1xx_HAL_Driver/Src/stm32f1xx_hal.o
                0x200003d4                uwTick
 .bss.KernelState
                0x200003d8        0x4 ./Middlewares/Third_Party/FreeRTOS/Source/CMSIS_RTOS_V2/cmsis_os2.o
 .bss.Idle_TCB.3
                0x200003dc       0xa8 ./Middlewares/Third_Party/FreeRTOS/Source/CMSIS_RTOS_V2/cmsis_os2.o
 .bss.Idle_Stack.2
                0x20000484      0x200 ./Middlewares/Third_Party/FreeRTOS/Source/CMSIS_RTOS_V2/cmsis_os2.o
 .bss.Timer_TCB.1
                0x20000684       0xa8 ./Middlewares/Third_Party/FreeRTOS/Source/CMSIS_RTOS_V2/cmsis_os2.o
 .bss.Timer_Stack.0
                0x2000072c      0x400 ./Middlewares/Third_Party/FreeRTOS/Source/CMSIS_RTOS_V2/cmsis_os2.o
 .bss.xQueueRegistry
                0x20000b2c       0x40 ./Middlewares/Third_Party/FreeRTOS/Source/queue.o
                0x20000b2c                xQueueRegistry
 .bss.pxCurrentTCB
                0x20000b6c        0x4 ./Middlewares/Third_Party/FreeRTOS/Source/tasks.o
                0x20000b6c                pxCurrentTCB
 .bss.pxReadyTasksLists
                0x20000b70      0x460 ./Middlewares/Third_Party/FreeRTOS/Source/tasks.o
 .bss.xDelayedTaskList1
                0x20000fd0       0x14 ./Middlewares/Third_Party/FreeRTOS/Source/tasks.o
 .bss.xDelayedTaskList2
                0x20000fe4       0x14 ./Middlewares/Third_Party/FreeRTOS/Source/tasks.o
 .bss.pxDelayedTaskList
                0x20000ff8        0x4 ./Middlewares/Third_Party/FreeRTOS/Source/tasks.o
 .bss.pxOverflowDelayedTaskList
                0x20000ffc        0x4 ./Middlewares/Third_Party/FreeRTOS/Source/tasks.o
 .bss.xPendingReadyList
                0x20001000       0x14 ./Middlewares/Third_Party/FreeRTOS/Source/tasks.o
 .bss.xTasksWaitingTermination
                0x20001014       0x14 ./Middlewares/Third_Party/FreeRTOS/Source/tasks.o
 .bss.uxDeletedTasksWaitingCleanUp
                0x20001028        0x4 ./Middlewares/Third_Party/FreeRTOS/Source/tasks.o
 .bss.xSuspendedTaskList
                0x2000102c       0x14 ./Middlewares/Third_Party/FreeRTOS/Source/tasks.o
 .bss.uxCurrentNumberOfTasks
                0x20001040        0x4 ./Middlewares/Third_Party/FreeRTOS/Source/tasks.o
 .bss.xTickCount
                0x20001044        0x4 ./Middlewares/Third_Party/FreeRTOS/Source/tasks.o
 .bss.uxTopReadyPriority
                0x20001048        0x4 ./Middlewares/Third_Party/FreeRTOS/Source/tasks.o
 .bss.xSchedulerRunning
                0x2000104c        0x4 ./Middlewares/Third_Party/FreeRTOS/Source/tasks.o
 .bss.xPendedTicks
                0x20001050        0x4 ./Middlewares/Third_Party/FreeRTOS/Source/tasks.o
 .bss.xYieldPending
                0x20001054        0x4 ./Middlewares/Third_Party/FreeRTOS/Source/tasks.o
 .bss.xNumOfOverflows
                0x20001058        0x4 ./Middlewares/Third_Party/FreeRTOS/Source/tasks.o
 .bss.uxTaskNumber
                0x2000105c        0x4 ./Middlewares/Third_Party/FreeRTOS/Source/tasks.o
 .bss.xNextTaskUnblockTime
                0x20001060        0x4 ./Middlewares/Third_Party/FreeRTOS/Source/tasks.o
 .bss.xIdleTaskHandle
                0x20001064        0x4 ./Middlewares/Third_Party/FreeRTOS/Source/tasks.o
 .bss.uxSchedulerSuspended
                0x20001068        0x4 ./Middlewares/Third_Party/FreeRTOS/Source/tasks.o
 .bss.xActiveTimerList1
                0x2000106c       0x14 ./Middlewares/Third_Party/FreeRTOS/Source/timers.o
 .bss.xActiveTimerList2
                0x20001080       0x14 ./Middlewares/Third_Party/FreeRTOS/Source/timers.o
 .bss.pxCurrentTimerList
                0x20001094        0x4 ./Middlewares/Third_Party/FreeRTOS/Source/timers.o
 .bss.pxOverflowTimerList
                0x20001098        0x4 ./Middlewares/Third_Party/FreeRTOS/Source/timers.o
 .bss.xTimerQueue
                0x2000109c        0x4 ./Middlewares/Third_Party/FreeRTOS/Source/timers.o
 .bss.xTimerTaskHandle
                0x200010a0        0x4 ./Middlewares/Third_Party/FreeRTOS/Source/timers.o
 .bss.xLastTime.2
                0x200010a4        0x4 ./Middlewares/Third_Party/FreeRTOS/Source/timers.o
 .bss.ucStaticTimerQueueStorage.1
                0x200010a8       0xa0 ./Middlewares/Third_Party/FreeRTOS/Source/timers.o
 .bss.xStaticTimerQueue.0
                0x20001148       0x50 ./Middlewares/Third_Party/FreeRTOS/Source/timers.o
 .bss.ucMaxSysCallPriority
                0x20001198        0x1 ./Middlewares/Third_Party/FreeRTOS/Source/portable/GCC/ARM_CM3/port.o
 *fill*         0x20001199        0x3 
 .bss.ulMaxPRIGROUPValue
                0x2000119c        0x4 ./Middlewares/Third_Party/FreeRTOS/Source/portable/GCC/ARM_CM3/port.o
 .bss.ucHeap    0x200011a0      0xc00 ./Middlewares/Third_Party/FreeRTOS/Source/portable/MemMang/heap_4.o
 .bss.xStart    0x20001da0        0x8 ./Middlewares/Third_Party/FreeRTOS/Source/portable/MemMang/heap_4.o
 .bss.pxEnd     0x20001da8        0x4 ./Middlewares/Third_Party/FreeRTOS/Source/portable/MemMang/heap_4.o
 .bss.xFreeBytesRemaining
                0x20001dac        0x4 ./Middlewares/Third_Party/FreeRTOS/Source/portable/MemMang/heap_4.o
 .bss.xMinimumEverFreeBytesRemaining
                0x20001db0        0x4 ./Middlewares/Third_Party/FreeRTOS/Source/portable/MemMang/heap_4.o
 .bss.xNumberOfSuccessfulAllocations
                0x20001db4        0x4 ./Middlewares/Third_Party/FreeRTOS/Source/portable/MemMang/heap_4.o
 .bss.xNumberOfSuccessfulFrees
                0x20001db8        0x4 ./Middlewares/Third_Party/FreeRTOS/Source/portable/MemMang/heap_4.o
 .bss.xBlockAllocatedBit
                0x20001dbc        0x4 ./Middlewares/Third_Party/FreeRTOS/Source/portable/MemMang/heap_4.o
 .bss.__sf      0x20001dc0      0x138 C:/ST/STM32CubeIDE_1.18.1/STM32CubeIDE/plugins/com.st.stm32cube.ide.mcu.externaltools.gnu-tools-for-stm32.13.3.rel1.win32_1.0.0.202411081344/tools/bin/../lib/gcc/arm-none-eabi/13.3.1/../../../../arm-none-eabi/lib/thumb/v7-m/nofp\libc_nano.a(libc_a-findfp.o)
                0x20001dc0                __sf
 .bss.__lock___malloc_recursive_mutex
                0x20001ef8        0x1 C:/ST/STM32CubeIDE_1.18.1/STM32CubeIDE/plugins/com.st.stm32cube.ide.mcu.externaltools.gnu-tools-for-stm32.13.3.rel1.win32_1.0.0.202411081344/tools/bin/../lib/gcc/arm-none-eabi/13.3.1/../../../../arm-none-eabi/lib/thumb/v7-m/nofp\libc_nano.a(libc_a-lock.o)
                0x20001ef8                __lock___malloc_recursive_mutex
 *fill*         0x20001ef9        0x3 
 .bss.__malloc_free_list
                0x20001efc        0x4 C:/ST/STM32CubeIDE_1.18.1/STM32CubeIDE/plugins/com.st.stm32cube.ide.mcu.externaltools.gnu-tools-for-stm32.13.3.rel1.win32_1.0.0.202411081344/tools/bin/../lib/gcc/arm-none-eabi/13.3.1/../../../../arm-none-eabi/lib/thumb/v7-m/nofp\libc_nano.a(libc_a-mallocr.o)
                0x20001efc                __malloc_free_list
 *(COMMON)
                0x20001f00                        . = ALIGN (0x4)
                0x20001f00                        _ebss = .
                0x20001f00                        __bss_end__ = _ebss

._user_heap_stack
                0x20001f00      0x600 load address 0x0800743c
                0x20001f00                        . = ALIGN (0x8)
                [!provide]                        PROVIDE (end = .)
                0x20001f00                        PROVIDE (_end = .)
                0x20002100                        . = (. + _Min_Heap_Size)
 *fill*         0x20001f00      0x200 
                0x20002500                        . = (. + _Min_Stack_Size)
 *fill*         0x20002100      0x400 
                0x20002500                        . = ALIGN (0x8)

/DISCARD/
 libc.a(*)
 libm.a(*)
 libgcc.a(*)

.ARM.attributes
                0x00000000       0x29
 *(.ARM.attributes)
 .ARM.attributes
                0x00000000       0x1d C:/ST/STM32CubeIDE_1.18.1/STM32CubeIDE/plugins/com.st.stm32cube.ide.mcu.externaltools.gnu-tools-for-stm32.13.3.rel1.win32_1.0.0.202411081344/tools/bin/../lib/gcc/arm-none-eabi/13.3.1/thumb/v7-m/nofp/crti.o
 .ARM.attributes
                0x0000001d       0x2d C:/ST/STM32CubeIDE_1.18.1/STM32CubeIDE/plugins/com.st.stm32cube.ide.mcu.externaltools.gnu-tools-for-stm32.13.3.rel1.win32_1.0.0.202411081344/tools/bin/../lib/gcc/arm-none-eabi/13.3.1/thumb/v7-m/nofp/crtbegin.o
 .ARM.attributes
                0x0000004a       0x2d ./Core/Src/adc.o
 .ARM.attributes
                0x00000077       0x2d ./Core/Src/adc_settings.o
 .ARM.attributes
                0x000000a4       0x2d ./Core/Src/can.o
 .ARM.attributes
                0x000000d1       0x2d ./Core/Src/can_write.o
 .ARM.attributes
                0x000000fe       0x2d ./Core/Src/freertos.o
 .ARM.attributes
                0x0000012b       0x2d ./Core/Src/gpio.o
 .ARM.attributes
                0x00000158       0x2d ./Core/Src/main.o
 .ARM.attributes
                0x00000185       0x2d ./Core/Src/sensors.o
 .ARM.attributes
                0x000001b2       0x2d ./Core/Src/stm32f1xx_hal_msp.o
 .ARM.attributes
                0x000001df       0x2d ./Core/Src/stm32f1xx_hal_timebase_tim.o
 .ARM.attributes
                0x0000020c       0x2d ./Core/Src/stm32f1xx_it.o
 .ARM.attributes
                0x00000239       0x2d ./Core/Src/system_stm32f1xx.o
 .ARM.attributes
                0x00000266       0x2d ./Core/Src/tim.o
 .ARM.attributes
                0x00000293       0x21 ./Core/Startup/startup_stm32f103c8tx.o
 .ARM.attributes
                0x000002b4       0x2d ./Drivers/STM32F1xx_HAL_Driver/Src/stm32f1xx_hal.o
 .ARM.attributes
                0x000002e1       0x2d ./Drivers/STM32F1xx_HAL_Driver/Src/stm32f1xx_hal_adc.o
 .ARM.attributes
                0x0000030e       0x2d ./Drivers/STM32F1xx_HAL_Driver/Src/stm32f1xx_hal_can.o
 .ARM.attributes
                0x0000033b       0x2d ./Drivers/STM32F1xx_HAL_Driver/Src/stm32f1xx_hal_cortex.o
 .ARM.attributes
                0x00000368       0x2d ./Drivers/STM32F1xx_HAL_Driver/Src/stm32f1xx_hal_gpio.o
 .ARM.attributes
                0x00000395       0x2d ./Drivers/STM32F1xx_HAL_Driver/Src/stm32f1xx_hal_rcc.o
 .ARM.attributes
                0x000003c2       0x2d ./Drivers/STM32F1xx_HAL_Driver/Src/stm32f1xx_hal_rcc_ex.o
 .ARM.attributes
                0x000003ef       0x2d ./Drivers/STM32F1xx_HAL_Driver/Src/stm32f1xx_hal_tim.o
 .ARM.attributes
                0x0000041c       0x2d ./Drivers/STM32F1xx_HAL_Driver/Src/stm32f1xx_hal_tim_ex.o
 .ARM.attributes
                0x00000449       0x2d ./Middlewares/Third_Party/FreeRTOS/Source/CMSIS_RTOS_V2/cmsis_os2.o
 .ARM.attributes
                0x00000476       0x2d ./Middlewares/Third_Party/FreeRTOS/Source/list.o
 .ARM.attributes
                0x000004a3       0x2d ./Middlewares/Third_Party/FreeRTOS/Source/queue.o
 .ARM.attributes
                0x000004d0       0x2d ./Middlewares/Third_Party/FreeRTOS/Source/tasks.o
 .ARM.attributes
                0x000004fd       0x2d ./Middlewares/Third_Party/FreeRTOS/Source/timers.o
 .ARM.attributes
                0x0000052a       0x2d ./Middlewares/Third_Party/FreeRTOS/Source/portable/GCC/ARM_CM3/port.o
 .ARM.attributes
                0x00000557       0x2d ./Middlewares/Third_Party/FreeRTOS/Source/portable/MemMang/heap_4.o
 .ARM.attributes
                0x00000584       0x2d C:/ST/STM32CubeIDE_1.18.1/STM32CubeIDE/plugins/com.st.stm32cube.ide.mcu.externaltools.gnu-tools-for-stm32.13.3.rel1.win32_1.0.0.202411081344/tools/bin/../lib/gcc/arm-none-eabi/13.3.1/../../../../arm-none-eabi/lib/thumb/v7-m/nofp\libc_nano.a(libc_a-findfp.o)
 .ARM.attributes
                0x000005b1       0x2d C:/ST/STM32CubeIDE_1.18.1/STM32CubeIDE/plugins/com.st.stm32cube.ide.mcu.externaltools.gnu-tools-for-stm32.13.3.rel1.win32_1.0.0.202411081344/tools/bin/../lib/gcc/arm-none-eabi/13.3.1/../../../../arm-none-eabi/lib/thumb/v7-m/nofp\libc_nano.a(libc_a-memset.o)
 .ARM.attributes
                0x000005de       0x2d C:/ST/STM32CubeIDE_1.18.1/STM32CubeIDE/plugins/com.st.stm32cube.ide.mcu.externaltools.gnu-tools-for-stm32.13.3.rel1.win32_1.0.0.202411081344/tools/bin/../lib/gcc/arm-none-eabi/13.3.1/../../../../arm-none-eabi/lib/thumb/v7-m/nofp\libc_nano.a(libc_a-reent.o)
 .ARM.attributes
                0x0000060b       0x2d C:/ST/STM32CubeIDE_1.18.1/STM32CubeIDE/plugins/com.st.stm32cube.ide.mcu.externaltools.gnu-tools-for-stm32.13.3.rel1.win32_1.0.0.202411081344/tools/bin/../lib/gcc/arm-none-eabi/13.3.1/../../../../arm-none-eabi/lib/thumb/v7-m/nofp\libc_nano.a(libc_a-impure.o)
 .ARM.attributes
                0x00000638       0x2d C:/ST/STM32CubeIDE_1.18.1/STM32CubeIDE/plugins/com.st.stm32cube.ide.mcu.externaltools.gnu-tools-for-stm32.13.3.rel1.win32_1.0.0.202411081344/tools/bin/../lib/gcc/arm-none-eabi/13.3.1/../../../../arm-none-eabi/lib/thumb/v7-m/nofp\libc_nano.a(libc_a-init.o)
 .ARM.attributes
                0x00000665       0x2d C:/ST/STM32CubeIDE_1.18.1/STM32CubeIDE/plugins/com.st.stm32cube.ide.mcu.externaltools.gnu-tools-for-stm32.13.3.rel1.win32_1.0.0.202411081344/tools/bin/../lib/gcc/arm-none-eabi/13.3.1/../../../../arm-none-eabi/lib/thumb/v7-m/nofp\libc_nano.a(libc_a-lock.o)
 .ARM.attributes
                0x00000692       0x2d C:/ST/STM32CubeIDE_1.18.1/STM32CubeIDE/plugins/com.st.stm32cube.ide.mcu.externaltools.gnu-tools-for-stm32.13.3.rel1.win32_1.0.0.202411081344/tools/bin/../lib/gcc/arm-none-eabi/13.3.1/../../../../arm-none-eabi/lib/thumb/v7-m/nofp\libc_nano.a(libc_a-memcpy-stub.o)
 .ARM.attributes
                0x000006bf       0x2d C:/ST/STM32CubeIDE_1.18.1/STM32CubeIDE/plugins/com.st.stm32cube.ide.mcu.externaltools.gnu-tools-for-stm32.13.3.rel1.win32_1.0.0.202411081344/tools/bin/../lib/gcc/arm-none-eabi/13.3.1/../../../../arm-none-eabi/lib/thumb/v7-m/nofp\libc_nano.a(libc_a-freer.o)
 .ARM.attributes
                0x000006ec       0x2d C:/ST/STM32CubeIDE_1.18.1/STM32CubeIDE/plugins/com.st.stm32cube.ide.mcu.externaltools.gnu-tools-for-stm32.13.3.rel1.win32_1.0.0.202411081344/tools/bin/../lib/gcc/arm-none-eabi/13.3.1/../../../../arm-none-eabi/lib/thumb/v7-m/nofp\libc_nano.a(libc_a-mallocr.o)
 .ARM.attributes
                0x00000719       0x2d C:/ST/STM32CubeIDE_1.18.1/STM32CubeIDE/plugins/com.st.stm32cube.ide.mcu.externaltools.gnu-tools-for-stm32.13.3.rel1.win32_1.0.0.202411081344/tools/bin/../lib/gcc/arm-none-eabi/13.3.1/../../../../arm-none-eabi/lib/thumb/v7-m/nofp\libc_nano.a(libc_a-mlock.o)
 .ARM.attributes
                0x00000746       0x1d C:/ST/STM32CubeIDE_1.18.1/STM32CubeIDE/plugins/com.st.stm32cube.ide.mcu.externaltools.gnu-tools-for-stm32.13.3.rel1.win32_1.0.0.202411081344/tools/bin/../lib/gcc/arm-none-eabi/13.3.1/thumb/v7-m/nofp\libgcc.a(_arm_addsubsf3.o)
 .ARM.attributes
                0x00000763       0x1d C:/ST/STM32CubeIDE_1.18.1/STM32CubeIDE/plugins/com.st.stm32cube.ide.mcu.externaltools.gnu-tools-for-stm32.13.3.rel1.win32_1.0.0.202411081344/tools/bin/../lib/gcc/arm-none-eabi/13.3.1/thumb/v7-m/nofp\libgcc.a(_arm_muldivsf3.o)
 .ARM.attributes
                0x00000780       0x1d C:/ST/STM32CubeIDE_1.18.1/STM32CubeIDE/plugins/com.st.stm32cube.ide.mcu.externaltools.gnu-tools-for-stm32.13.3.rel1.win32_1.0.0.202411081344/tools/bin/../lib/gcc/arm-none-eabi/13.3.1/thumb/v7-m/nofp\libgcc.a(_arm_cmpsf2.o)
 .ARM.attributes
                0x0000079d       0x1d C:/ST/STM32CubeIDE_1.18.1/STM32CubeIDE/plugins/com.st.stm32cube.ide.mcu.externaltools.gnu-tools-for-stm32.13.3.rel1.win32_1.0.0.202411081344/tools/bin/../lib/gcc/arm-none-eabi/13.3.1/thumb/v7-m/nofp\libgcc.a(_arm_fixunssfsi.o)
 .ARM.attributes
                0x000007ba       0x1d C:/ST/STM32CubeIDE_1.18.1/STM32CubeIDE/plugins/com.st.stm32cube.ide.mcu.externaltools.gnu-tools-for-stm32.13.3.rel1.win32_1.0.0.202411081344/tools/bin/../lib/gcc/arm-none-eabi/13.3.1/thumb/v7-m/nofp/crtn.o
OUTPUT(Data_Acquisition.elf elf32-littlearm)
LOAD linker stubs
LOAD C:/ST/STM32CubeIDE_1.18.1/STM32CubeIDE/plugins/com.st.stm32cube.ide.mcu.externaltools.gnu-tools-for-stm32.13.3.rel1.win32_1.0.0.202411081344/tools/bin/../lib/gcc/arm-none-eabi/13.3.1/../../../../arm-none-eabi/lib/thumb/v7-m/nofp\libc.a
LOAD C:/ST/STM32CubeIDE_1.18.1/STM32CubeIDE/plugins/com.st.stm32cube.ide.mcu.externaltools.gnu-tools-for-stm32.13.3.rel1.win32_1.0.0.202411081344/tools/bin/../lib/gcc/arm-none-eabi/13.3.1/../../../../arm-none-eabi/lib/thumb/v7-m/nofp\libm.a
LOAD C:/ST/STM32CubeIDE_1.18.1/STM32CubeIDE/plugins/com.st.stm32cube.ide.mcu.externaltools.gnu-tools-for-stm32.13.3.rel1.win32_1.0.0.202411081344/tools/bin/../lib/gcc/arm-none-eabi/13.3.1/thumb/v7-m/nofp\libgcc.a

.debug_info     0x00000000    0x187a3
 .debug_info    0x00000000      0x825 ./Core/Src/adc.o
 .debug_info    0x00000825      0xd14 ./Core/Src/adc_settings.o
 .debug_info    0x00001539      0x6d6 ./Core/Src/can.o
 .debug_info    0x00001c0f      0x6ca ./Core/Src/can_write.o
 .debug_info    0x000022d9      0x739 ./Core/Src/freertos.o
 .debug_info    0x00002a12      0x2b7 ./Core/Src/gpio.o
 .debug_info    0x00002cc9      0xd33 ./Core/Src/main.o
 .debug_info    0x000039fc      0x7c8 ./Core/Src/sensors.o
 .debug_info    0x000041c4      0x361 ./Core/Src/stm32f1xx_hal_msp.o
 .debug_info    0x00004525      0x9a8 ./Core/Src/stm32f1xx_hal_timebase_tim.o
 .debug_info    0x00004ecd      0x66a ./Core/Src/stm32f1xx_it.o
 .debug_info    0x00005537      0x222 ./Core/Src/system_stm32f1xx.o
 .debug_info    0x00005759      0x82a ./Core/Src/tim.o
 .debug_info    0x00005f83       0x30 ./Core/Startup/startup_stm32f103c8tx.o
 .debug_info    0x00005fb3      0x704 ./Drivers/STM32F1xx_HAL_Driver/Src/stm32f1xx_hal.o
 .debug_info    0x000066b7      0xc50 ./Drivers/STM32F1xx_HAL_Driver/Src/stm32f1xx_hal_adc.o
 .debug_info    0x00007307      0xf13 ./Drivers/STM32F1xx_HAL_Driver/Src/stm32f1xx_hal_can.o
 .debug_info    0x0000821a      0xa87 ./Drivers/STM32F1xx_HAL_Driver/Src/stm32f1xx_hal_cortex.o
 .debug_info    0x00008ca1      0x5ab ./Drivers/STM32F1xx_HAL_Driver/Src/stm32f1xx_hal_gpio.o
 .debug_info    0x0000924c      0x7d5 ./Drivers/STM32F1xx_HAL_Driver/Src/stm32f1xx_hal_rcc.o
 .debug_info    0x00009a21      0x3c0 ./Drivers/STM32F1xx_HAL_Driver/Src/stm32f1xx_hal_rcc_ex.o
 .debug_info    0x00009de1     0x2959 ./Drivers/STM32F1xx_HAL_Driver/Src/stm32f1xx_hal_tim.o
 .debug_info    0x0000c73a     0x149b ./Drivers/STM32F1xx_HAL_Driver/Src/stm32f1xx_hal_tim_ex.o
 .debug_info    0x0000dbd5     0x402c ./Middlewares/Third_Party/FreeRTOS/Source/CMSIS_RTOS_V2/cmsis_os2.o
 .debug_info    0x00011c01      0x2af ./Middlewares/Third_Party/FreeRTOS/Source/list.o
 .debug_info    0x00011eb0     0x1b79 ./Middlewares/Third_Party/FreeRTOS/Source/queue.o
 .debug_info    0x00013a29     0x28c1 ./Middlewares/Third_Party/FreeRTOS/Source/tasks.o
 .debug_info    0x000162ea     0x1b50 ./Middlewares/Third_Party/FreeRTOS/Source/timers.o
 .debug_info    0x00017e3a      0x494 ./Middlewares/Third_Party/FreeRTOS/Source/portable/GCC/ARM_CM3/port.o
 .debug_info    0x000182ce      0x4d5 ./Middlewares/Third_Party/FreeRTOS/Source/portable/MemMang/heap_4.o

.debug_abbrev   0x00000000     0x410a
 .debug_abbrev  0x00000000      0x1e5 ./Core/Src/adc.o
 .debug_abbrev  0x000001e5      0x25d ./Core/Src/adc_settings.o
 .debug_abbrev  0x00000442      0x213 ./Core/Src/can.o
 .debug_abbrev  0x00000655      0x1c7 ./Core/Src/can_write.o
 .debug_abbrev  0x0000081c      0x1f3 ./Core/Src/freertos.o
 .debug_abbrev  0x00000a0f      0x13f ./Core/Src/gpio.o
 .debug_abbrev  0x00000b4e      0x2b4 ./Core/Src/main.o
 .debug_abbrev  0x00000e02      0x125 ./Core/Src/sensors.o
 .debug_abbrev  0x00000f27      0x11c ./Core/Src/stm32f1xx_hal_msp.o
 .debug_abbrev  0x00001043      0x1f3 ./Core/Src/stm32f1xx_hal_timebase_tim.o
 .debug_abbrev  0x00001236      0x17c ./Core/Src/stm32f1xx_it.o
 .debug_abbrev  0x000013b2      0x13f ./Core/Src/system_stm32f1xx.o
 .debug_abbrev  0x000014f1      0x1ef ./Core/Src/tim.o
 .debug_abbrev  0x000016e0       0x24 ./Core/Startup/startup_stm32f103c8tx.o
 .debug_abbrev  0x00001704      0x201 ./Drivers/STM32F1xx_HAL_Driver/Src/stm32f1xx_hal.o
 .debug_abbrev  0x00001905      0x225 ./Drivers/STM32F1xx_HAL_Driver/Src/stm32f1xx_hal_adc.o
 .debug_abbrev  0x00001b2a      0x21c ./Drivers/STM32F1xx_HAL_Driver/Src/stm32f1xx_hal_can.o
 .debug_abbrev  0x00001d46      0x2f8 ./Drivers/STM32F1xx_HAL_Driver/Src/stm32f1xx_hal_cortex.o
 .debug_abbrev  0x0000203e      0x1ca ./Drivers/STM32F1xx_HAL_Driver/Src/stm32f1xx_hal_gpio.o
 .debug_abbrev  0x00002208      0x2b3 ./Drivers/STM32F1xx_HAL_Driver/Src/stm32f1xx_hal_rcc.o
 .debug_abbrev  0x000024bb      0x188 ./Drivers/STM32F1xx_HAL_Driver/Src/stm32f1xx_hal_rcc_ex.o
 .debug_abbrev  0x00002643      0x277 ./Drivers/STM32F1xx_HAL_Driver/Src/stm32f1xx_hal_tim.o
 .debug_abbrev  0x000028ba      0x282 ./Drivers/STM32F1xx_HAL_Driver/Src/stm32f1xx_hal_tim_ex.o
 .debug_abbrev  0x00002b3c      0x548 ./Middlewares/Third_Party/FreeRTOS/Source/CMSIS_RTOS_V2/cmsis_os2.o
 .debug_abbrev  0x00003084       0xf5 ./Middlewares/Third_Party/FreeRTOS/Source/list.o
 .debug_abbrev  0x00003179      0x3b6 ./Middlewares/Third_Party/FreeRTOS/Source/queue.o
 .debug_abbrev  0x0000352f      0x3fe ./Middlewares/Third_Party/FreeRTOS/Source/tasks.o
 .debug_abbrev  0x0000392d      0x368 ./Middlewares/Third_Party/FreeRTOS/Source/timers.o
 .debug_abbrev  0x00003c95      0x258 ./Middlewares/Third_Party/FreeRTOS/Source/portable/GCC/ARM_CM3/port.o
 .debug_abbrev  0x00003eed      0x21d ./Middlewares/Third_Party/FreeRTOS/Source/portable/MemMang/heap_4.o

.debug_aranges  0x00000000     0x1528
 .debug_aranges
                0x00000000       0x38 ./Core/Src/adc.o
 .debug_aranges
                0x00000038       0x58 ./Core/Src/adc_settings.o
 .debug_aranges
                0x00000090       0x30 ./Core/Src/can.o
 .debug_aranges
                0x000000c0       0x28 ./Core/Src/can_write.o
 .debug_aranges
                0x000000e8       0x28 ./Core/Src/freertos.o
 .debug_aranges
                0x00000110       0x20 ./Core/Src/gpio.o
 .debug_aranges
                0x00000130       0x38 ./Core/Src/main.o
 .debug_aranges
                0x00000168       0x38 ./Core/Src/sensors.o
 .debug_aranges
                0x000001a0       0x20 ./Core/Src/stm32f1xx_hal_msp.o
 .debug_aranges
                0x000001c0       0x30 ./Core/Src/stm32f1xx_hal_timebase_tim.o
 .debug_aranges
                0x000001f0       0x50 ./Core/Src/stm32f1xx_it.o
 .debug_aranges
                0x00000240       0x28 ./Core/Src/system_stm32f1xx.o
 .debug_aranges
                0x00000268       0x30 ./Core/Src/tim.o
 .debug_aranges
                0x00000298       0x28 ./Core/Startup/startup_stm32f103c8tx.o
 .debug_aranges
                0x000002c0       0xe0 ./Drivers/STM32F1xx_HAL_Driver/Src/stm32f1xx_hal.o
 .debug_aranges
                0x000003a0       0xf0 ./Drivers/STM32F1xx_HAL_Driver/Src/stm32f1xx_hal_adc.o
 .debug_aranges
                0x00000490      0x138 ./Drivers/STM32F1xx_HAL_Driver/Src/stm32f1xx_hal_can.o
 .debug_aranges
                0x000005c8      0x100 ./Drivers/STM32F1xx_HAL_Driver/Src/stm32f1xx_hal_cortex.o
 .debug_aranges
                0x000006c8       0x58 ./Drivers/STM32F1xx_HAL_Driver/Src/stm32f1xx_hal_gpio.o
 .debug_aranges
                0x00000720       0x90 ./Drivers/STM32F1xx_HAL_Driver/Src/stm32f1xx_hal_rcc.o
 .debug_aranges
                0x000007b0       0x30 ./Drivers/STM32F1xx_HAL_Driver/Src/stm32f1xx_hal_rcc_ex.o
 .debug_aranges
                0x000007e0      0x3d0 ./Drivers/STM32F1xx_HAL_Driver/Src/stm32f1xx_hal_tim.o
 .debug_aranges
                0x00000bb0      0x168 ./Drivers/STM32F1xx_HAL_Driver/Src/stm32f1xx_hal_tim_ex.o
 .debug_aranges
                0x00000d18      0x2b0 ./Middlewares/Third_Party/FreeRTOS/Source/CMSIS_RTOS_V2/cmsis_os2.o
 .debug_aranges
                0x00000fc8       0x40 ./Middlewares/Third_Party/FreeRTOS/Source/list.o
 .debug_aranges
                0x00001008      0x158 ./Middlewares/Third_Party/FreeRTOS/Source/queue.o
 .debug_aranges
                0x00001160      0x208 ./Middlewares/Third_Party/FreeRTOS/Source/tasks.o
 .debug_aranges
                0x00001368       0xf0 ./Middlewares/Third_Party/FreeRTOS/Source/timers.o
 .debug_aranges
                0x00001458       0x78 ./Middlewares/Third_Party/FreeRTOS/Source/portable/GCC/ARM_CM3/port.o
 .debug_aranges
                0x000014d0       0x58 ./Middlewares/Third_Party/FreeRTOS/Source/portable/MemMang/heap_4.o

.debug_rnglists
                0x00000000     0x1032
 .debug_rnglists
                0x00000000       0x26 ./Core/Src/adc.o
 .debug_rnglists
                0x00000026       0x43 ./Core/Src/adc_settings.o
 .debug_rnglists
                0x00000069       0x20 ./Core/Src/can.o
 .debug_rnglists
                0x00000089       0x27 ./Core/Src/can_write.o
 .debug_rnglists
                0x000000b0       0x1b ./Core/Src/freertos.o
 .debug_rnglists
                0x000000cb       0x14 ./Core/Src/gpio.o
 .debug_rnglists
                0x000000df       0x26 ./Core/Src/main.o
 .debug_rnglists
                0x00000105       0x27 ./Core/Src/sensors.o
 .debug_rnglists
                0x0000012c       0x13 ./Core/Src/stm32f1xx_hal_msp.o
 .debug_rnglists
                0x0000013f       0x20 ./Core/Src/stm32f1xx_hal_timebase_tim.o
 .debug_rnglists
                0x0000015f       0x37 ./Core/Src/stm32f1xx_it.o
 .debug_rnglists
                0x00000196       0x1a ./Core/Src/system_stm32f1xx.o
 .debug_rnglists
                0x000001b0       0x20 ./Core/Src/tim.o
 .debug_rnglists
                0x000001d0       0x19 ./Core/Startup/startup_stm32f103c8tx.o
 .debug_rnglists
                0x000001e9       0xa3 ./Drivers/STM32F1xx_HAL_Driver/Src/stm32f1xx_hal.o
 .debug_rnglists
                0x0000028c       0xbc ./Drivers/STM32F1xx_HAL_Driver/Src/stm32f1xx_hal_adc.o
 .debug_rnglists
                0x00000348       0xed ./Drivers/STM32F1xx_HAL_Driver/Src/stm32f1xx_hal_can.o
 .debug_rnglists
                0x00000435       0xbb ./Drivers/STM32F1xx_HAL_Driver/Src/stm32f1xx_hal_cortex.o
 .debug_rnglists
                0x000004f0       0x3f ./Drivers/STM32F1xx_HAL_Driver/Src/stm32f1xx_hal_gpio.o
 .debug_rnglists
                0x0000052f       0x6c ./Drivers/STM32F1xx_HAL_Driver/Src/stm32f1xx_hal_rcc.o
 .debug_rnglists
                0x0000059b       0x21 ./Drivers/STM32F1xx_HAL_Driver/Src/stm32f1xx_hal_rcc_ex.o
 .debug_rnglists
                0x000005bc      0x31a ./Drivers/STM32F1xx_HAL_Driver/Src/stm32f1xx_hal_tim.o
 .debug_rnglists
                0x000008d6      0x125 ./Drivers/STM32F1xx_HAL_Driver/Src/stm32f1xx_hal_tim_ex.o
 .debug_rnglists
                0x000009fb      0x212 ./Middlewares/Third_Party/FreeRTOS/Source/CMSIS_RTOS_V2/cmsis_os2.o
 .debug_rnglists
                0x00000c0d       0x2b ./Middlewares/Third_Party/FreeRTOS/Source/list.o
 .debug_rnglists
                0x00000c38      0x109 ./Middlewares/Third_Party/FreeRTOS/Source/queue.o
 .debug_rnglists
                0x00000d41      0x1a0 ./Middlewares/Third_Party/FreeRTOS/Source/tasks.o
 .debug_rnglists
                0x00000ee1       0xb8 ./Middlewares/Third_Party/FreeRTOS/Source/timers.o
 .debug_rnglists
                0x00000f99       0x57 ./Middlewares/Third_Party/FreeRTOS/Source/portable/GCC/ARM_CM3/port.o
 .debug_rnglists
                0x00000ff0       0x42 ./Middlewares/Third_Party/FreeRTOS/Source/portable/MemMang/heap_4.o

.debug_macro    0x00000000    0x1b787
 .debug_macro   0x00000000      0x1cb ./Core/Src/adc.o
 .debug_macro   0x000001cb      0xacc ./Core/Src/adc.o
 .debug_macro   0x00000c97      0x221 ./Core/Src/adc.o
 .debug_macro   0x00000eb8       0x2e ./Core/Src/adc.o
 .debug_macro   0x00000ee6       0x22 ./Core/Src/adc.o
 .debug_macro   0x00000f08       0x22 ./Core/Src/adc.o
 .debug_macro   0x00000f2a       0x8e ./Core/Src/adc.o
 .debug_macro   0x00000fb8       0x51 ./Core/Src/adc.o
 .debug_macro   0x00001009      0x103 ./Core/Src/adc.o
 .debug_macro   0x0000110c       0x6a ./Core/Src/adc.o
 .debug_macro   0x00001176      0x1df ./Core/Src/adc.o
 .debug_macro   0x00001355       0x1c ./Core/Src/adc.o
 .debug_macro   0x00001371       0x22 ./Core/Src/adc.o
 .debug_macro   0x00001393       0xbd ./Core/Src/adc.o
 .debug_macro   0x00001450      0xd23 ./Core/Src/adc.o
 .debug_macro   0x00002173     0xe09e ./Core/Src/adc.o
 .debug_macro   0x00010211       0x6d ./Core/Src/adc.o
 .debug_macro   0x0001027e     0x34a2 ./Core/Src/adc.o
 .debug_macro   0x00013720      0x190 ./Core/Src/adc.o
 .debug_macro   0x000138b0       0x5c ./Core/Src/adc.o
 .debug_macro   0x0001390c      0x5bc ./Core/Src/adc.o
 .debug_macro   0x00013ec8      0x289 ./Core/Src/adc.o
 .debug_macro   0x00014151      0x1cb ./Core/Src/adc.o
 .debug_macro   0x0001431c      0x114 ./Core/Src/adc.o
 .debug_macro   0x00014430      0x1b2 ./Core/Src/adc.o
 .debug_macro   0x000145e2       0x27 ./Core/Src/adc.o
 .debug_macro   0x00014609      0x136 ./Core/Src/adc.o
 .debug_macro   0x0001473f      0x1bc ./Core/Src/adc.o
 .debug_macro   0x000148fb       0x34 ./Core/Src/adc.o
 .debug_macro   0x0001492f       0x3c ./Core/Src/adc.o
 .debug_macro   0x0001496b      0x408 ./Core/Src/adc.o
 .debug_macro   0x00014d73       0x57 ./Core/Src/adc.o
 .debug_macro   0x00014dca      0x46a ./Core/Src/adc.o
 .debug_macro   0x00015234      0x1b5 ./Core/Src/adc.o
 .debug_macro   0x000153e9       0x87 ./Core/Src/adc.o
 .debug_macro   0x00015470      0x240 ./Core/Src/adc.o
 .debug_macro   0x000156b0      0x140 ./Core/Src/adc.o
 .debug_macro   0x000157f0      0x8ed ./Core/Src/adc.o
 .debug_macro   0x000160dd       0x83 ./Core/Src/adc.o
 .debug_macro   0x00016160      0x1de ./Core/Src/adc_settings.o
 .debug_macro   0x0001633e      0x17e ./Core/Src/adc_settings.o
 .debug_macro   0x000164bc      0x1cb ./Core/Src/can.o
 .debug_macro   0x00016687      0x1d5 ./Core/Src/can_write.o
 .debug_macro   0x0001685c      0x359 ./Core/Src/freertos.o
 .debug_macro   0x00016bb5      0x137 ./Core/Src/freertos.o
 .debug_macro   0x00016cec      0x15a ./Core/Src/freertos.o
 .debug_macro   0x00016e46       0xc9 ./Core/Src/freertos.o
 .debug_macro   0x00016f0f       0x1c ./Core/Src/freertos.o
 .debug_macro   0x00016f2b       0x26 ./Core/Src/freertos.o
 .debug_macro   0x00016f51       0x61 ./Core/Src/freertos.o
 .debug_macro   0x00016fb2       0x24 ./Core/Src/freertos.o
 .debug_macro   0x00016fd6       0x43 ./Core/Src/freertos.o
 .debug_macro   0x00017019       0x34 ./Core/Src/freertos.o
 .debug_macro   0x0001704d      0x370 ./Core/Src/freertos.o
 .debug_macro   0x000173bd       0x16 ./Core/Src/freertos.o
 .debug_macro   0x000173d3       0x4a ./Core/Src/freertos.o
 .debug_macro   0x0001741d       0x34 ./Core/Src/freertos.o
 .debug_macro   0x00017451       0x10 ./Core/Src/freertos.o
 .debug_macro   0x00017461       0x58 ./Core/Src/freertos.o
 .debug_macro   0x000174b9       0x8e ./Core/Src/freertos.o
 .debug_macro   0x00017547       0x1c ./Core/Src/freertos.o
 .debug_macro   0x00017563      0x185 ./Core/Src/freertos.o
 .debug_macro   0x000176e8       0x10 ./Core/Src/freertos.o
 .debug_macro   0x000176f8       0x3c ./Core/Src/freertos.o
 .debug_macro   0x00017734      0x4d4 ./Core/Src/freertos.o
 .debug_macro   0x00017c08       0xb5 ./Core/Src/freertos.o
 .debug_macro   0x00017cbd       0xaa ./Core/Src/freertos.o
 .debug_macro   0x00017d67       0x56 ./Core/Src/freertos.o
 .debug_macro   0x00017dbd       0x6c ./Core/Src/freertos.o
 .debug_macro   0x00017e29       0x74 ./Core/Src/freertos.o
 .debug_macro   0x00017e9d       0xdd ./Core/Src/freertos.o
 .debug_macro   0x00017f7a       0x1c ./Core/Src/freertos.o
 .debug_macro   0x00017f96       0x10 ./Core/Src/freertos.o
 .debug_macro   0x00017fa6       0x1c ./Core/Src/freertos.o
 .debug_macro   0x00017fc2       0x16 ./Core/Src/freertos.o
 .debug_macro   0x00017fd8      0x146 ./Core/Src/freertos.o
 .debug_macro   0x0001811e       0x5e ./Core/Src/freertos.o
 .debug_macro   0x0001817c      0x1cb ./Core/Src/gpio.o
 .debug_macro   0x00018347      0x340 ./Core/Src/main.o
 .debug_macro   0x00018687      0x137 ./Core/Src/main.o
 .debug_macro   0x000187be       0x66 ./Core/Src/main.o
 .debug_macro   0x00018824      0x1cf ./Core/Src/sensors.o
 .debug_macro   0x000189f3       0x58 ./Core/Src/sensors.o
 .debug_macro   0x00018a4b      0x1c1 ./Core/Src/stm32f1xx_hal_msp.o
 .debug_macro   0x00018c0c      0x1b7 ./Core/Src/stm32f1xx_hal_timebase_tim.o
 .debug_macro   0x00018dc3      0x1cb ./Core/Src/stm32f1xx_it.o
 .debug_macro   0x00018f8e      0x1b7 ./Core/Src/system_stm32f1xx.o
 .debug_macro   0x00019145      0x1cb ./Core/Src/tim.o
 .debug_macro   0x00019310      0x1db ./Drivers/STM32F1xx_HAL_Driver/Src/stm32f1xx_hal.o
 .debug_macro   0x000194eb      0x1d4 ./Drivers/STM32F1xx_HAL_Driver/Src/stm32f1xx_hal_adc.o
 .debug_macro   0x000196bf      0x1c6 ./Drivers/STM32F1xx_HAL_Driver/Src/stm32f1xx_hal_can.o
 .debug_macro   0x00019885      0x1b7 ./Drivers/STM32F1xx_HAL_Driver/Src/stm32f1xx_hal_cortex.o
 .debug_macro   0x00019a3c      0x222 ./Drivers/STM32F1xx_HAL_Driver/Src/stm32f1xx_hal_gpio.o
 .debug_macro   0x00019c5e      0x1c9 ./Drivers/STM32F1xx_HAL_Driver/Src/stm32f1xx_hal_rcc.o
 .debug_macro   0x00019e27      0x1b7 ./Drivers/STM32F1xx_HAL_Driver/Src/stm32f1xx_hal_rcc_ex.o
 .debug_macro   0x00019fde      0x1b8 ./Drivers/STM32F1xx_HAL_Driver/Src/stm32f1xx_hal_tim.o
 .debug_macro   0x0001a196      0x1b7 ./Drivers/STM32F1xx_HAL_Driver/Src/stm32f1xx_hal_tim_ex.o
 .debug_macro   0x0001a34d      0x3c5 ./Middlewares/Third_Party/FreeRTOS/Source/CMSIS_RTOS_V2/cmsis_os2.o
 .debug_macro   0x0001a712       0x10 ./Middlewares/Third_Party/FreeRTOS/Source/CMSIS_RTOS_V2/cmsis_os2.o
 .debug_macro   0x0001a722       0x20 ./Middlewares/Third_Party/FreeRTOS/Source/CMSIS_RTOS_V2/cmsis_os2.o
 .debug_macro   0x0001a742       0x10 ./Middlewares/Third_Party/FreeRTOS/Source/CMSIS_RTOS_V2/cmsis_os2.o
 .debug_macro   0x0001a752       0xb7 ./Middlewares/Third_Party/FreeRTOS/Source/CMSIS_RTOS_V2/cmsis_os2.o
 .debug_macro   0x0001a809       0x16 ./Middlewares/Third_Party/FreeRTOS/Source/CMSIS_RTOS_V2/cmsis_os2.o
 .debug_macro   0x0001a81f       0x91 ./Middlewares/Third_Party/FreeRTOS/Source/CMSIS_RTOS_V2/cmsis_os2.o
 .debug_macro   0x0001a8b0       0x8d ./Middlewares/Third_Party/FreeRTOS/Source/CMSIS_RTOS_V2/cmsis_os2.o
 .debug_macro   0x0001a93d       0x9a ./Middlewares/Third_Party/FreeRTOS/Source/CMSIS_RTOS_V2/cmsis_os2.o
 .debug_macro   0x0001a9d7       0x22 ./Middlewares/Third_Party/FreeRTOS/Source/CMSIS_RTOS_V2/cmsis_os2.o
 .debug_macro   0x0001a9f9       0x28 ./Middlewares/Third_Party/FreeRTOS/Source/CMSIS_RTOS_V2/cmsis_os2.o
 .debug_macro   0x0001aa21      0x199 ./Middlewares/Third_Party/FreeRTOS/Source/list.o
 .debug_macro   0x0001abba      0x228 ./Middlewares/Third_Party/FreeRTOS/Source/queue.o
 .debug_macro   0x0001ade2       0x16 ./Middlewares/Third_Party/FreeRTOS/Source/queue.o
 .debug_macro   0x0001adf8       0x87 ./Middlewares/Third_Party/FreeRTOS/Source/queue.o
 .debug_macro   0x0001ae7f      0x291 ./Middlewares/Third_Party/FreeRTOS/Source/tasks.o
 .debug_macro   0x0001b110       0x10 ./Middlewares/Third_Party/FreeRTOS/Source/tasks.o
 .debug_macro   0x0001b120      0x1ee ./Middlewares/Third_Party/FreeRTOS/Source/timers.o
 .debug_macro   0x0001b30e       0x97 ./Middlewares/Third_Party/FreeRTOS/Source/timers.o
 .debug_macro   0x0001b3a5      0x222 ./Middlewares/Third_Party/FreeRTOS/Source/portable/GCC/ARM_CM3/port.o
 .debug_macro   0x0001b5c7      0x1c0 ./Middlewares/Third_Party/FreeRTOS/Source/portable/MemMang/heap_4.o

.debug_line     0x00000000    0x196c6
 .debug_line    0x00000000      0x81f ./Core/Src/adc.o
 .debug_line    0x0000081f      0xa9c ./Core/Src/adc_settings.o
 .debug_line    0x000012bb      0x7a4 ./Core/Src/can.o
 .debug_line    0x00001a5f      0x815 ./Core/Src/can_write.o
 .debug_line    0x00002274      0xc4d ./Core/Src/freertos.o
 .debug_line    0x00002ec1      0x749 ./Core/Src/gpio.o
 .debug_line    0x0000360a      0xabc ./Core/Src/main.o
 .debug_line    0x000040c6      0x80c ./Core/Src/sensors.o
 .debug_line    0x000048d2      0x72e ./Core/Src/stm32f1xx_hal_msp.o
 .debug_line    0x00005000      0x7ab ./Core/Src/stm32f1xx_hal_timebase_tim.o
 .debug_line    0x000057ab      0x7b5 ./Core/Src/stm32f1xx_it.o
 .debug_line    0x00005f60      0x7ab ./Core/Src/system_stm32f1xx.o
 .debug_line    0x0000670b      0x7a4 ./Core/Src/tim.o
 .debug_line    0x00006eaf       0x78 ./Core/Startup/startup_stm32f103c8tx.o
 .debug_line    0x00006f27      0x9dc ./Drivers/STM32F1xx_HAL_Driver/Src/stm32f1xx_hal.o
 .debug_line    0x00007903     0x1001 ./Drivers/STM32F1xx_HAL_Driver/Src/stm32f1xx_hal_adc.o
 .debug_line    0x00008904     0x11d5 ./Drivers/STM32F1xx_HAL_Driver/Src/stm32f1xx_hal_can.o
 .debug_line    0x00009ad9      0xba6 ./Drivers/STM32F1xx_HAL_Driver/Src/stm32f1xx_hal_cortex.o
 .debug_line    0x0000a67f      0xa39 ./Drivers/STM32F1xx_HAL_Driver/Src/stm32f1xx_hal_gpio.o